MPLINK 5.09, LINKER
Linker Map File - Created Sun Mar 24 16:35:45 2019

                                 Section Info
                  Section       Type    Address   Location Size(Bytes)
                ---------  ---------  ---------  ---------  ---------
                 RES_VECT       code   0x000000    program   0x000008
                      ISR       code   0x000004    program   0x000844
                   .cinit    romdata   0x000426    program   0x000004
                MAIN_PROG       code   0x000428    program   0x000140
                   .org_0       code   0x000780    program   0x000000
.config_8007_BUILD/DEFAULT/PRODUCTION/BREAKOU       code   0x008007    program   0x000002
.config_8008_BUILD/DEFAULT/PRODUCTION/BREAKOU       code   0x008008    program   0x000002
                   .udata      udata   0x000020       data   0x00000a
               .udata_shr      udata   0x000070       data   0x00000f
                  v_array      udata   0x0000a0       data   0x000040



                              Program Memory Usage 
                               Start         End      
                           ---------   ---------      
                            0x000000    0x0004c7      
                            0x008007    0x008008      
            1226 out of 2055 program addresses used, program memory utilization is 59%



                              Symbols - Sorted by Name
                     Name    Address   Location    Storage File                     
                ---------  ---------  ---------  --------- ---------                
                   _3ntcy   0x0003c3    program     static /home/jacques/github/breakout_1572/breakout_1572.X/breakout1572.asm
                    _4tcy   0x0003c7    program     static /home/jacques/github/breakout_1572/breakout_1572.X/breakout1572.asm
                    _5tcy   0x0003c6    program     static /home/jacques/github/breakout_1572/breakout_1572.X/breakout1572.asm
                _ISR_0080   0x000080    program     static /home/jacques/github/breakout_1572/breakout_1572.X/breakout1572.asm
                _ISR_00EA   0x0000ea    program     static /home/jacques/github/breakout_1572/breakout_1572.X/breakout1572.asm
                _ISR_0118   0x000118    program     static /home/jacques/github/breakout_1572/breakout_1572.X/breakout1572.asm
                _ISR_015E   0x00015e    program     static /home/jacques/github/breakout_1572/breakout_1572.X/breakout1572.asm
                _ISR_01A3   0x0001a3    program     static /home/jacques/github/breakout_1572/breakout_1572.X/breakout1572.asm
                _ISR_02F5   0x0002f5    program     static /home/jacques/github/breakout_1572/breakout_1572.X/breakout1572.asm
                _ISR_03C4   0x0003c4    program     static /home/jacques/github/breakout_1572/breakout_1572.X/breakout1572.asm
                _ISR_03CA   0x0003ca    program     static /home/jacques/github/breakout_1572/breakout_1572.X/breakout1572.asm
                _ISR_03CF   0x0003cf    program     static /home/jacques/github/breakout_1572/breakout_1572.X/breakout1572.asm
          _MAIN_PROG_0006   0x00042e    program     static /home/jacques/github/breakout_1572/breakout_1572.X/breakout1572.asm
          _MAIN_PROG_0041   0x000469    program     static /home/jacques/github/breakout_1572/breakout_1572.X/breakout1572.asm
                add_score   0x000190    program     static /home/jacques/github/breakout_1572/breakout_1572.X/breakout1572.asm
                ball_lost   0x000115    program     static /home/jacques/github/breakout_1572/breakout_1572.X/breakout1572.asm
             ball_visible   0x0001ac    program     static /home/jacques/github/breakout_1572/breakout_1572.X/breakout1572.asm
                  between   0x000197    program     static /home/jacques/github/breakout_1572/breakout_1572.X/breakout1572.asm
             between_exit   0x0001a1    program     static /home/jacques/github/breakout_1572/breakout_1572.X/breakout1572.asm
            between_exit2   0x0001a3    program     static /home/jacques/github/breakout_1572/breakout_1572.X/breakout1572.asm
             bottom_bound   0x00010e    program     static /home/jacques/github/breakout_1572/breakout_1572.X/breakout1572.asm
              bounce_left   0x000147    program     static /home/jacques/github/breakout_1572/breakout_1572.X/breakout1572.asm
                 bouncing   0x000136    program     static /home/jacques/github/breakout_1572/breakout_1572.X/breakout1572.asm
          brick_wall_init   0x0003eb    program     static /home/jacques/github/breakout_1572/breakout_1572.X/breakout1572.asm
                  bw_init   0x0003f2    program     static /home/jacques/github/breakout_1572/breakout_1572.X/breakout1572.asm
              clr_pwm_sfr   0x000446    program     static /home/jacques/github/breakout_1572/breakout_1572.X/breakout1572.asm
                collision   0x000160    program     static /home/jacques/github/breakout_1572/breakout_1572.X/breakout1572.asm
           collision_exit   0x000195    program     static /home/jacques/github/breakout_1572/breakout_1572.X/breakout1572.asm
        compute_ball_mask   0x00014f    program     static /home/jacques/github/breakout_1572/breakout_1572.X/breakout1572.asm
      compute_paddle_mask   0x0000dc    program     static /home/jacques/github/breakout_1572/breakout_1572.X/breakout1572.asm
                 cool_msg   0x0004b9    program     static /home/jacques/github/breakout_1572/breakout_1572.X/breakout1572.asm
                 copy_msg   0x000377    program     static /home/jacques/github/breakout_1572/breakout_1572.X/breakout1572.asm
                 copy_row   0x000306    program     static /home/jacques/github/breakout_1572/breakout_1572.X/breakout1572.asm
                   digits   0x00046a    program     static /home/jacques/github/breakout_1572/breakout_1572.X/breakout1572.asm
              display_end   0x000369    program     static /home/jacques/github/breakout_1572/breakout_1572.X/breakout1572.asm
          display_vbuffer   0x0001b3    program     static /home/jacques/github/breakout_1572/breakout_1572.X/breakout1572.asm
              draw_bricks   0x000327    program     static /home/jacques/github/breakout_1572/breakout_1572.X/breakout1572.asm
               draw_empty   0x000345    program     static /home/jacques/github/breakout_1572/breakout_1572.X/breakout1572.asm
          draw_empty_exit   0x00036f    program     static /home/jacques/github/breakout_1572/breakout_1572.X/breakout1572.asm
              draw_paddle   0x000389    program     static /home/jacques/github/breakout_1572/breakout_1572.X/breakout1572.asm
               draw_score   0x0002a4    program     static /home/jacques/github/breakout_1572/breakout_1572.X/breakout1572.asm
               draw_sides   0x0002f1    program     static /home/jacques/github/breakout_1572/breakout_1572.X/breakout1572.asm
            draw_top_wall   0x0002c5    program     static /home/jacques/github/breakout_1572/breakout_1572.X/breakout1572.asm
                   eeprom   0x000780    program     static /home/jacques/github/breakout_1572/breakout_1572.X/breakout1572.asm
                  end_msg   0x0004aa    program     static /home/jacques/github/breakout_1572/breakout_1572.X/breakout1572.asm
               even_field   0x0003b1    program     static /home/jacques/github/breakout_1572/breakout_1572.X/breakout1572.asm
                field_end   0x0003bb    program     static /home/jacques/github/breakout_1572/breakout_1572.X/breakout1572.asm
                frequency   0x0004a4    program     static /home/jacques/github/breakout_1572/breakout_1572.X/breakout1572.asm
                game_init   0x000414    program     static /home/jacques/github/breakout_1572/breakout_1572.X/breakout1572.asm
                game_over   0x0000d0    program     static /home/jacques/github/breakout_1572/breakout_1572.X/breakout1572.asm
           game_over_test   0x0003e0    program     static /home/jacques/github/breakout_1572/breakout_1572.X/breakout1572.asm
             game_running   0x0000c9    program     static /home/jacques/github/breakout_1572/breakout_1572.X/breakout1572.asm
                  hi_line   0x0003aa    program     static /home/jacques/github/breakout_1572/breakout_1572.X/breakout1572.asm
                inc_score   0x0003c8    program     static /home/jacques/github/breakout_1572/breakout_1572.X/breakout1572.asm
               initialize   0x000428    program     static /home/jacques/github/breakout_1572/breakout_1572.X/breakout1572.asm
                      isr   0x000004    program     static /home/jacques/github/breakout_1572/breakout_1572.X/breakout1572.asm
                 isr_exit   0x00002e    program     static /home/jacques/github/breakout_1572/breakout_1572.X/breakout1572.asm
                kill_time   0x0002ed    program     static /home/jacques/github/breakout_1572/breakout_1572.X/breakout1572.asm
               left_bound   0x0000f4    program     static /home/jacques/github/breakout_1572/breakout_1572.X/breakout1572.asm
                   lfsr16   0x0003f6    program     static /home/jacques/github/breakout_1572/breakout_1572.X/breakout1572.asm
                max_score   0x000780    program     static /home/jacques/github/breakout_1572/breakout_1572.X/breakout1572.asm
                move_ball   0x0000ec    program     static /home/jacques/github/breakout_1572/breakout_1572.X/breakout1572.asm
           move_ball_exit   0x000127    program     static /home/jacques/github/breakout_1572/breakout_1572.X/breakout1572.asm
                   move_y   0x000101    program     static /home/jacques/github/breakout_1572/breakout_1572.X/breakout1572.asm
                      msg   0x00036e    program     static /home/jacques/github/breakout_1572/breakout_1572.X/breakout1572.asm
            paddle_bounce   0x00012a    program     static /home/jacques/github/breakout_1572/breakout_1572.X/breakout1572.asm
             paddle_sound   0x000149    program     static /home/jacques/github/breakout_1572/breakout_1572.X/breakout1572.asm
               pong_sound   0x000191    program     static /home/jacques/github/breakout_1572/breakout_1572.X/breakout1572.asm
                post_last   0x000066    program     static /home/jacques/github/breakout_1572/breakout_1572.X/breakout1572.asm
               post_vsync   0x00005d    program     static /home/jacques/github/breakout_1572/breakout_1572.X/breakout1572.asm
                pre_vsync   0x000034    program     static /home/jacques/github/breakout_1572/breakout_1572.X/breakout1572.asm
                print_msg   0x000357    program     static /home/jacques/github/breakout_1572/breakout_1572.X/breakout1572.asm
       put_ball_in_buffer   0x0002e0    program     static /home/jacques/github/breakout_1572/breakout_1572.X/breakout1572.asm
                   random   0x0003fc    program     static /home/jacques/github/breakout_1572/breakout_1572.X/breakout1572.asm
              read_button   0x0000bc    program     static /home/jacques/github/breakout_1572/breakout_1572.X/breakout1572.asm
              read_paddle   0x000077    program     static /home/jacques/github/breakout_1572/breakout_1572.X/breakout1572.asm
              right_bound   0x0000fa    program     static /home/jacques/github/breakout_1572/breakout_1572.X/breakout1572.asm
              rows_common   0x000313    program     static /home/jacques/github/breakout_1572/breakout_1572.X/breakout1572.asm
               score_exit   0x0002bd    program     static /home/jacques/github/breakout_1572/breakout_1572.X/breakout1572.asm
              set_ball_dx   0x0003fe    program     static /home/jacques/github/breakout_1572/breakout_1572.X/breakout1572.asm
         set_ball_dx_exit   0x000412    program     static /home/jacques/github/breakout_1572/breakout_1572.X/breakout1572.asm
              set_presync   0x00003f    program     static /home/jacques/github/breakout_1572/breakout_1572.X/breakout1572.asm
                set_vsync   0x000055    program     static /home/jacques/github/breakout_1572/breakout_1572.X/breakout1572.asm
             skip_2_tasks   0x0000d4    program     static /home/jacques/github/breakout_1572/breakout_1572.X/breakout1572.asm
                    sound   0x00008d    program     static /home/jacques/github/breakout_1572/breakout_1572.X/breakout1572.asm
                sound_fx1   0x00009c    program     static /home/jacques/github/breakout_1572/breakout_1572.X/breakout1572.asm
               sound_init   0x0000a5    program     static /home/jacques/github/breakout_1572/breakout_1572.X/breakout1572.asm
                sound_off   0x000095    program     static /home/jacques/github/breakout_1572/breakout_1572.X/breakout1572.asm
              task_switch   0x00001a    program     static /home/jacques/github/breakout_1572/breakout_1572.X/breakout1572.asm
                top_bound   0x000105    program     static /home/jacques/github/breakout_1572/breakout_1572.X/breakout1572.asm
              video_first   0x0001a5    program     static /home/jacques/github/breakout_1572/breakout_1572.X/breakout1572.asm
                    vsync   0x00004a    program     static /home/jacques/github/breakout_1572/breakout_1572.X/breakout1572.asm
                vsync_end   0x00006a    program     static /home/jacques/github/breakout_1572/breakout_1572.X/breakout1572.asm
           wait_field_end   0x0003a7    program     static /home/jacques/github/breakout_1572/breakout_1572.X/breakout1572.asm
             wait_trigger   0x0000cb    program     static /home/jacques/github/breakout_1572/breakout_1572.X/breakout1572.asm
                ball_byte   0x0000db       data     static /home/jacques/github/breakout_1572/breakout_1572.X/breakout1572.asm
                  ball_dx   0x000079       data     static /home/jacques/github/breakout_1572/breakout_1572.X/breakout1572.asm
                  ball_dy   0x00007a       data     static /home/jacques/github/breakout_1572/breakout_1572.X/breakout1572.asm
                ball_mask   0x0000dc       data     static /home/jacques/github/breakout_1572/breakout_1572.X/breakout1572.asm
               ball_speed   0x00007b       data     static /home/jacques/github/breakout_1572/breakout_1572.X/breakout1572.asm
               ball_timer   0x00007e       data     static /home/jacques/github/breakout_1572/breakout_1572.X/breakout1572.asm
                   ball_x   0x000077       data     static /home/jacques/github/breakout_1572/breakout_1572.X/breakout1572.asm
                   ball_y   0x000078       data     static /home/jacques/github/breakout_1572/breakout_1572.X/breakout1572.asm
                    balls   0x0000df       data     static /home/jacques/github/breakout_1572/breakout_1572.X/breakout1572.asm
                 fg_color   0x0000d7       data     static /home/jacques/github/breakout_1572/breakout_1572.X/breakout1572.asm
                    fill1   0x0000ad       data     static /home/jacques/github/breakout_1572/breakout_1572.X/breakout1572.asm
                    fill2   0x0000b5       data     static /home/jacques/github/breakout_1572/breakout_1572.X/breakout1572.asm
                    fill3   0x0000bd       data     static /home/jacques/github/breakout_1572/breakout_1572.X/breakout1572.asm
                    fill4   0x0000c5       data     static /home/jacques/github/breakout_1572/breakout_1572.X/breakout1572.asm
                    fill5   0x0000cd       data     static /home/jacques/github/breakout_1572/breakout_1572.X/breakout1572.asm
                    fill6   0x0000d5       data     static /home/jacques/github/breakout_1572/breakout_1572.X/breakout1572.asm
                    flags   0x000070       data     static /home/jacques/github/breakout_1572/breakout_1572.X/breakout1572.asm
                   lcount   0x000071       data     static /home/jacques/github/breakout_1572/breakout_1572.X/breakout1572.asm
              paddle_byte   0x0000d8       data     static /home/jacques/github/breakout_1572/breakout_1572.X/breakout1572.asm
              paddle_mask   0x0000d9       data     static /home/jacques/github/breakout_1572/breakout_1572.X/breakout1572.asm
               paddle_pos   0x000076       data     static /home/jacques/github/breakout_1572/breakout_1572.X/breakout1572.asm
                     row1   0x0000a7       data     static /home/jacques/github/breakout_1572/breakout_1572.X/breakout1572.asm
                     row2   0x0000af       data     static /home/jacques/github/breakout_1572/breakout_1572.X/breakout1572.asm
                     row3   0x0000b7       data     static /home/jacques/github/breakout_1572/breakout_1572.X/breakout1572.asm
                     row4   0x0000bf       data     static /home/jacques/github/breakout_1572/breakout_1572.X/breakout1572.asm
                     row5   0x0000c7       data     static /home/jacques/github/breakout_1572/breakout_1572.X/breakout1572.asm
                     row6   0x0000cf       data     static /home/jacques/github/breakout_1572/breakout_1572.X/breakout1572.asm
                    score   0x00007c       data     static /home/jacques/github/breakout_1572/breakout_1572.X/breakout1572.asm
                     seed   0x000028       data     static /home/jacques/github/breakout_1572/breakout_1572.X/breakout1572.asm
                    slice   0x000072       data     static /home/jacques/github/breakout_1572/breakout_1572.X/breakout1572.asm
              sound_timer   0x0000de       data     static /home/jacques/github/breakout_1572/breakout_1572.X/breakout1572.asm
                    stack   0x000020       data     static /home/jacques/github/breakout_1572/breakout_1572.X/breakout1572.asm
                     task   0x000073       data     static /home/jacques/github/breakout_1572/breakout_1572.X/breakout1572.asm
                    temp1   0x000074       data     static /home/jacques/github/breakout_1572/breakout_1572.X/breakout1572.asm
                    temp2   0x000075       data     static /home/jacques/github/breakout_1572/breakout_1572.X/breakout1572.asm
                    temp3   0x0000a6       data     static /home/jacques/github/breakout_1572/breakout_1572.X/breakout1572.asm
                  vbuffer   0x0000a0       data     static /home/jacques/github/breakout_1572/breakout_1572.X/breakout1572.asm



                              Symbols - Sorted by Address
                     Name    Address   Location    Storage File                     
                ---------  ---------  ---------  --------- ---------                
                      isr   0x000004    program     static /home/jacques/github/breakout_1572/breakout_1572.X/breakout1572.asm
              task_switch   0x00001a    program     static /home/jacques/github/breakout_1572/breakout_1572.X/breakout1572.asm
                 isr_exit   0x00002e    program     static /home/jacques/github/breakout_1572/breakout_1572.X/breakout1572.asm
                pre_vsync   0x000034    program     static /home/jacques/github/breakout_1572/breakout_1572.X/breakout1572.asm
              set_presync   0x00003f    program     static /home/jacques/github/breakout_1572/breakout_1572.X/breakout1572.asm
                    vsync   0x00004a    program     static /home/jacques/github/breakout_1572/breakout_1572.X/breakout1572.asm
                set_vsync   0x000055    program     static /home/jacques/github/breakout_1572/breakout_1572.X/breakout1572.asm
               post_vsync   0x00005d    program     static /home/jacques/github/breakout_1572/breakout_1572.X/breakout1572.asm
                post_last   0x000066    program     static /home/jacques/github/breakout_1572/breakout_1572.X/breakout1572.asm
                vsync_end   0x00006a    program     static /home/jacques/github/breakout_1572/breakout_1572.X/breakout1572.asm
              read_paddle   0x000077    program     static /home/jacques/github/breakout_1572/breakout_1572.X/breakout1572.asm
                _ISR_0080   0x000080    program     static /home/jacques/github/breakout_1572/breakout_1572.X/breakout1572.asm
                    sound   0x00008d    program     static /home/jacques/github/breakout_1572/breakout_1572.X/breakout1572.asm
                sound_off   0x000095    program     static /home/jacques/github/breakout_1572/breakout_1572.X/breakout1572.asm
                sound_fx1   0x00009c    program     static /home/jacques/github/breakout_1572/breakout_1572.X/breakout1572.asm
               sound_init   0x0000a5    program     static /home/jacques/github/breakout_1572/breakout_1572.X/breakout1572.asm
              read_button   0x0000bc    program     static /home/jacques/github/breakout_1572/breakout_1572.X/breakout1572.asm
             game_running   0x0000c9    program     static /home/jacques/github/breakout_1572/breakout_1572.X/breakout1572.asm
             wait_trigger   0x0000cb    program     static /home/jacques/github/breakout_1572/breakout_1572.X/breakout1572.asm
                game_over   0x0000d0    program     static /home/jacques/github/breakout_1572/breakout_1572.X/breakout1572.asm
             skip_2_tasks   0x0000d4    program     static /home/jacques/github/breakout_1572/breakout_1572.X/breakout1572.asm
      compute_paddle_mask   0x0000dc    program     static /home/jacques/github/breakout_1572/breakout_1572.X/breakout1572.asm
                _ISR_00EA   0x0000ea    program     static /home/jacques/github/breakout_1572/breakout_1572.X/breakout1572.asm
                move_ball   0x0000ec    program     static /home/jacques/github/breakout_1572/breakout_1572.X/breakout1572.asm
               left_bound   0x0000f4    program     static /home/jacques/github/breakout_1572/breakout_1572.X/breakout1572.asm
              right_bound   0x0000fa    program     static /home/jacques/github/breakout_1572/breakout_1572.X/breakout1572.asm
                   move_y   0x000101    program     static /home/jacques/github/breakout_1572/breakout_1572.X/breakout1572.asm
                top_bound   0x000105    program     static /home/jacques/github/breakout_1572/breakout_1572.X/breakout1572.asm
             bottom_bound   0x00010e    program     static /home/jacques/github/breakout_1572/breakout_1572.X/breakout1572.asm
                ball_lost   0x000115    program     static /home/jacques/github/breakout_1572/breakout_1572.X/breakout1572.asm
                _ISR_0118   0x000118    program     static /home/jacques/github/breakout_1572/breakout_1572.X/breakout1572.asm
           move_ball_exit   0x000127    program     static /home/jacques/github/breakout_1572/breakout_1572.X/breakout1572.asm
            paddle_bounce   0x00012a    program     static /home/jacques/github/breakout_1572/breakout_1572.X/breakout1572.asm
                 bouncing   0x000136    program     static /home/jacques/github/breakout_1572/breakout_1572.X/breakout1572.asm
              bounce_left   0x000147    program     static /home/jacques/github/breakout_1572/breakout_1572.X/breakout1572.asm
             paddle_sound   0x000149    program     static /home/jacques/github/breakout_1572/breakout_1572.X/breakout1572.asm
        compute_ball_mask   0x00014f    program     static /home/jacques/github/breakout_1572/breakout_1572.X/breakout1572.asm
                _ISR_015E   0x00015e    program     static /home/jacques/github/breakout_1572/breakout_1572.X/breakout1572.asm
                collision   0x000160    program     static /home/jacques/github/breakout_1572/breakout_1572.X/breakout1572.asm
                add_score   0x000190    program     static /home/jacques/github/breakout_1572/breakout_1572.X/breakout1572.asm
               pong_sound   0x000191    program     static /home/jacques/github/breakout_1572/breakout_1572.X/breakout1572.asm
           collision_exit   0x000195    program     static /home/jacques/github/breakout_1572/breakout_1572.X/breakout1572.asm
                  between   0x000197    program     static /home/jacques/github/breakout_1572/breakout_1572.X/breakout1572.asm
             between_exit   0x0001a1    program     static /home/jacques/github/breakout_1572/breakout_1572.X/breakout1572.asm
                _ISR_01A3   0x0001a3    program     static /home/jacques/github/breakout_1572/breakout_1572.X/breakout1572.asm
            between_exit2   0x0001a3    program     static /home/jacques/github/breakout_1572/breakout_1572.X/breakout1572.asm
              video_first   0x0001a5    program     static /home/jacques/github/breakout_1572/breakout_1572.X/breakout1572.asm
             ball_visible   0x0001ac    program     static /home/jacques/github/breakout_1572/breakout_1572.X/breakout1572.asm
          display_vbuffer   0x0001b3    program     static /home/jacques/github/breakout_1572/breakout_1572.X/breakout1572.asm
               draw_score   0x0002a4    program     static /home/jacques/github/breakout_1572/breakout_1572.X/breakout1572.asm
               score_exit   0x0002bd    program     static /home/jacques/github/breakout_1572/breakout_1572.X/breakout1572.asm
            draw_top_wall   0x0002c5    program     static /home/jacques/github/breakout_1572/breakout_1572.X/breakout1572.asm
       put_ball_in_buffer   0x0002e0    program     static /home/jacques/github/breakout_1572/breakout_1572.X/breakout1572.asm
                kill_time   0x0002ed    program     static /home/jacques/github/breakout_1572/breakout_1572.X/breakout1572.asm
               draw_sides   0x0002f1    program     static /home/jacques/github/breakout_1572/breakout_1572.X/breakout1572.asm
                _ISR_02F5   0x0002f5    program     static /home/jacques/github/breakout_1572/breakout_1572.X/breakout1572.asm
                 copy_row   0x000306    program     static /home/jacques/github/breakout_1572/breakout_1572.X/breakout1572.asm
              rows_common   0x000313    program     static /home/jacques/github/breakout_1572/breakout_1572.X/breakout1572.asm
              draw_bricks   0x000327    program     static /home/jacques/github/breakout_1572/breakout_1572.X/breakout1572.asm
               draw_empty   0x000345    program     static /home/jacques/github/breakout_1572/breakout_1572.X/breakout1572.asm
                print_msg   0x000357    program     static /home/jacques/github/breakout_1572/breakout_1572.X/breakout1572.asm
              display_end   0x000369    program     static /home/jacques/github/breakout_1572/breakout_1572.X/breakout1572.asm
                      msg   0x00036e    program     static /home/jacques/github/breakout_1572/breakout_1572.X/breakout1572.asm
          draw_empty_exit   0x00036f    program     static /home/jacques/github/breakout_1572/breakout_1572.X/breakout1572.asm
                 copy_msg   0x000377    program     static /home/jacques/github/breakout_1572/breakout_1572.X/breakout1572.asm
              draw_paddle   0x000389    program     static /home/jacques/github/breakout_1572/breakout_1572.X/breakout1572.asm
           wait_field_end   0x0003a7    program     static /home/jacques/github/breakout_1572/breakout_1572.X/breakout1572.asm
                  hi_line   0x0003aa    program     static /home/jacques/github/breakout_1572/breakout_1572.X/breakout1572.asm
               even_field   0x0003b1    program     static /home/jacques/github/breakout_1572/breakout_1572.X/breakout1572.asm
                field_end   0x0003bb    program     static /home/jacques/github/breakout_1572/breakout_1572.X/breakout1572.asm
                   _3ntcy   0x0003c3    program     static /home/jacques/github/breakout_1572/breakout_1572.X/breakout1572.asm
                _ISR_03C4   0x0003c4    program     static /home/jacques/github/breakout_1572/breakout_1572.X/breakout1572.asm
                    _5tcy   0x0003c6    program     static /home/jacques/github/breakout_1572/breakout_1572.X/breakout1572.asm
                    _4tcy   0x0003c7    program     static /home/jacques/github/breakout_1572/breakout_1572.X/breakout1572.asm
                inc_score   0x0003c8    program     static /home/jacques/github/breakout_1572/breakout_1572.X/breakout1572.asm
                _ISR_03CA   0x0003ca    program     static /home/jacques/github/breakout_1572/breakout_1572.X/breakout1572.asm
                _ISR_03CF   0x0003cf    program     static /home/jacques/github/breakout_1572/breakout_1572.X/breakout1572.asm
           game_over_test   0x0003e0    program     static /home/jacques/github/breakout_1572/breakout_1572.X/breakout1572.asm
          brick_wall_init   0x0003eb    program     static /home/jacques/github/breakout_1572/breakout_1572.X/breakout1572.asm
                  bw_init   0x0003f2    program     static /home/jacques/github/breakout_1572/breakout_1572.X/breakout1572.asm
                   lfsr16   0x0003f6    program     static /home/jacques/github/breakout_1572/breakout_1572.X/breakout1572.asm
                   random   0x0003fc    program     static /home/jacques/github/breakout_1572/breakout_1572.X/breakout1572.asm
              set_ball_dx   0x0003fe    program     static /home/jacques/github/breakout_1572/breakout_1572.X/breakout1572.asm
         set_ball_dx_exit   0x000412    program     static /home/jacques/github/breakout_1572/breakout_1572.X/breakout1572.asm
                game_init   0x000414    program     static /home/jacques/github/breakout_1572/breakout_1572.X/breakout1572.asm
               initialize   0x000428    program     static /home/jacques/github/breakout_1572/breakout_1572.X/breakout1572.asm
          _MAIN_PROG_0006   0x00042e    program     static /home/jacques/github/breakout_1572/breakout_1572.X/breakout1572.asm
              clr_pwm_sfr   0x000446    program     static /home/jacques/github/breakout_1572/breakout_1572.X/breakout1572.asm
          _MAIN_PROG_0041   0x000469    program     static /home/jacques/github/breakout_1572/breakout_1572.X/breakout1572.asm
                   digits   0x00046a    program     static /home/jacques/github/breakout_1572/breakout_1572.X/breakout1572.asm
                frequency   0x0004a4    program     static /home/jacques/github/breakout_1572/breakout_1572.X/breakout1572.asm
                  end_msg   0x0004aa    program     static /home/jacques/github/breakout_1572/breakout_1572.X/breakout1572.asm
                 cool_msg   0x0004b9    program     static /home/jacques/github/breakout_1572/breakout_1572.X/breakout1572.asm
                max_score   0x000780    program     static /home/jacques/github/breakout_1572/breakout_1572.X/breakout1572.asm
                   eeprom   0x000780    program     static /home/jacques/github/breakout_1572/breakout_1572.X/breakout1572.asm
                    stack   0x000020       data     static /home/jacques/github/breakout_1572/breakout_1572.X/breakout1572.asm
                     seed   0x000028       data     static /home/jacques/github/breakout_1572/breakout_1572.X/breakout1572.asm
                    flags   0x000070       data     static /home/jacques/github/breakout_1572/breakout_1572.X/breakout1572.asm
                   lcount   0x000071       data     static /home/jacques/github/breakout_1572/breakout_1572.X/breakout1572.asm
                    slice   0x000072       data     static /home/jacques/github/breakout_1572/breakout_1572.X/breakout1572.asm
                     task   0x000073       data     static /home/jacques/github/breakout_1572/breakout_1572.X/breakout1572.asm
                    temp1   0x000074       data     static /home/jacques/github/breakout_1572/breakout_1572.X/breakout1572.asm
                    temp2   0x000075       data     static /home/jacques/github/breakout_1572/breakout_1572.X/breakout1572.asm
               paddle_pos   0x000076       data     static /home/jacques/github/breakout_1572/breakout_1572.X/breakout1572.asm
                   ball_x   0x000077       data     static /home/jacques/github/breakout_1572/breakout_1572.X/breakout1572.asm
                   ball_y   0x000078       data     static /home/jacques/github/breakout_1572/breakout_1572.X/breakout1572.asm
                  ball_dx   0x000079       data     static /home/jacques/github/breakout_1572/breakout_1572.X/breakout1572.asm
                  ball_dy   0x00007a       data     static /home/jacques/github/breakout_1572/breakout_1572.X/breakout1572.asm
               ball_speed   0x00007b       data     static /home/jacques/github/breakout_1572/breakout_1572.X/breakout1572.asm
                    score   0x00007c       data     static /home/jacques/github/breakout_1572/breakout_1572.X/breakout1572.asm
               ball_timer   0x00007e       data     static /home/jacques/github/breakout_1572/breakout_1572.X/breakout1572.asm
                  vbuffer   0x0000a0       data     static /home/jacques/github/breakout_1572/breakout_1572.X/breakout1572.asm
                    temp3   0x0000a6       data     static /home/jacques/github/breakout_1572/breakout_1572.X/breakout1572.asm
                     row1   0x0000a7       data     static /home/jacques/github/breakout_1572/breakout_1572.X/breakout1572.asm
                    fill1   0x0000ad       data     static /home/jacques/github/breakout_1572/breakout_1572.X/breakout1572.asm
                     row2   0x0000af       data     static /home/jacques/github/breakout_1572/breakout_1572.X/breakout1572.asm
                    fill2   0x0000b5       data     static /home/jacques/github/breakout_1572/breakout_1572.X/breakout1572.asm
                     row3   0x0000b7       data     static /home/jacques/github/breakout_1572/breakout_1572.X/breakout1572.asm
                    fill3   0x0000bd       data     static /home/jacques/github/breakout_1572/breakout_1572.X/breakout1572.asm
                     row4   0x0000bf       data     static /home/jacques/github/breakout_1572/breakout_1572.X/breakout1572.asm
                    fill4   0x0000c5       data     static /home/jacques/github/breakout_1572/breakout_1572.X/breakout1572.asm
                     row5   0x0000c7       data     static /home/jacques/github/breakout_1572/breakout_1572.X/breakout1572.asm
                    fill5   0x0000cd       data     static /home/jacques/github/breakout_1572/breakout_1572.X/breakout1572.asm
                     row6   0x0000cf       data     static /home/jacques/github/breakout_1572/breakout_1572.X/breakout1572.asm
                    fill6   0x0000d5       data     static /home/jacques/github/breakout_1572/breakout_1572.X/breakout1572.asm
                 fg_color   0x0000d7       data     static /home/jacques/github/breakout_1572/breakout_1572.X/breakout1572.asm
              paddle_byte   0x0000d8       data     static /home/jacques/github/breakout_1572/breakout_1572.X/breakout1572.asm
              paddle_mask   0x0000d9       data     static /home/jacques/github/breakout_1572/breakout_1572.X/breakout1572.asm
                ball_byte   0x0000db       data     static /home/jacques/github/breakout_1572/breakout_1572.X/breakout1572.asm
                ball_mask   0x0000dc       data     static /home/jacques/github/breakout_1572/breakout_1572.X/breakout1572.asm
              sound_timer   0x0000de       data     static /home/jacques/github/breakout_1572/breakout_1572.X/breakout1572.asm
                    balls   0x0000df       data     static /home/jacques/github/breakout_1572/breakout_1572.X/breakout1572.asm


