MPLINK 5.09, LINKER
Linker Map File - Created Tue Mar 19 18:14:52 2019

                                 Section Info
                  Section       Type    Address   Location Size(Bytes)
                ---------  ---------  ---------  ---------  ---------
                 RES_VECT       code   0x000000    program   0x000008
                      ISR       code   0x000004    program   0x00081e
                   .cinit    romdata   0x000413    program   0x000004
                MAIN_PROG       code   0x000415    program   0x00016e
                   .org_0       code   0x000780    program   0x000000
.config_8007_BUILD/DEFAULT/PRODUCTION/BREAKOU       code   0x008007    program   0x000002
.config_8008_BUILD/DEFAULT/PRODUCTION/BREAKOU       code   0x008008    program   0x000002
                   .udata      udata   0x000020       data   0x000012
               .udata_shr      udata   0x000070       data   0x000010
                  v_array      udata   0x0000a0       data   0x000013



                              Program Memory Usage 
                               Start         End      
                           ---------   ---------      
                            0x000000    0x0004cb      
                            0x008007    0x008008      
            1230 out of 2055 program addresses used, program memory utilization is 59%



                              Symbols - Sorted by Name
                     Name    Address   Location    Storage File                     
                ---------  ---------  ---------  --------- ---------                
                   _3ntcy   0x00038d    program     static /home/jacques/github/breakout_1572/breakout_1572.X/breakout1572.asm
                    _4tcy   0x000393    program     static /home/jacques/github/breakout_1572/breakout_1572.X/breakout1572.asm
                    _5tcy   0x000392    program     static /home/jacques/github/breakout_1572/breakout_1572.X/breakout1572.asm
                    _6tcy   0x000391    program     static /home/jacques/github/breakout_1572/breakout_1572.X/breakout1572.asm
                    _7tcy   0x000390    program     static /home/jacques/github/breakout_1572/breakout_1572.X/breakout1572.asm
                _ISR_000B   0x00000b    program     static /home/jacques/github/breakout_1572/breakout_1572.X/breakout1572.asm
                _ISR_0012   0x000012    program     static /home/jacques/github/breakout_1572/breakout_1572.X/breakout1572.asm
                _ISR_00DA   0x0000da    program     static /home/jacques/github/breakout_1572/breakout_1572.X/breakout1572.asm
                _ISR_00DF   0x0000df    program     static /home/jacques/github/breakout_1572/breakout_1572.X/breakout1572.asm
                _ISR_00E6   0x0000e6    program     static /home/jacques/github/breakout_1572/breakout_1572.X/breakout1572.asm
                _ISR_011D   0x00011d    program     static /home/jacques/github/breakout_1572/breakout_1572.X/breakout1572.asm
                _ISR_0124   0x000124    program     static /home/jacques/github/breakout_1572/breakout_1572.X/breakout1572.asm
                _ISR_0127   0x000127    program     static /home/jacques/github/breakout_1572/breakout_1572.X/breakout1572.asm
                _ISR_0130   0x000130    program     static /home/jacques/github/breakout_1572/breakout_1572.X/breakout1572.asm
                _ISR_0167   0x000167    program     static /home/jacques/github/breakout_1572/breakout_1572.X/breakout1572.asm
                _ISR_020B   0x00020b    program     static /home/jacques/github/breakout_1572/breakout_1572.X/breakout1572.asm
                _ISR_0214   0x000214    program     static /home/jacques/github/breakout_1572/breakout_1572.X/breakout1572.asm
                _ISR_0242   0x000242    program     static /home/jacques/github/breakout_1572/breakout_1572.X/breakout1572.asm
                _ISR_0259   0x000259    program     static /home/jacques/github/breakout_1572/breakout_1572.X/breakout1572.asm
                _ISR_025D   0x00025d    program     static /home/jacques/github/breakout_1572/breakout_1572.X/breakout1572.asm
                _ISR_0264   0x000264    program     static /home/jacques/github/breakout_1572/breakout_1572.X/breakout1572.asm
                _ISR_026B   0x00026b    program     static /home/jacques/github/breakout_1572/breakout_1572.X/breakout1572.asm
                _ISR_0273   0x000273    program     static /home/jacques/github/breakout_1572/breakout_1572.X/breakout1572.asm
                _ISR_027B   0x00027b    program     static /home/jacques/github/breakout_1572/breakout_1572.X/breakout1572.asm
                _ISR_0284   0x000284    program     static /home/jacques/github/breakout_1572/breakout_1572.X/breakout1572.asm
                _ISR_02B3   0x0002b3    program     static /home/jacques/github/breakout_1572/breakout_1572.X/breakout1572.asm
                _ISR_02CA   0x0002ca    program     static /home/jacques/github/breakout_1572/breakout_1572.X/breakout1572.asm
                _ISR_02E1   0x0002e1    program     static /home/jacques/github/breakout_1572/breakout_1572.X/breakout1572.asm
                _ISR_02F8   0x0002f8    program     static /home/jacques/github/breakout_1572/breakout_1572.X/breakout1572.asm
                _ISR_030F   0x00030f    program     static /home/jacques/github/breakout_1572/breakout_1572.X/breakout1572.asm
                _ISR_0361   0x000361    program     static /home/jacques/github/breakout_1572/breakout_1572.X/breakout1572.asm
                _ISR_0363   0x000363    program     static /home/jacques/github/breakout_1572/breakout_1572.X/breakout1572.asm
                _ISR_038E   0x00038e    program     static /home/jacques/github/breakout_1572/breakout_1572.X/breakout1572.asm
                _ISR_03A5   0x0003a5    program     static /home/jacques/github/breakout_1572/breakout_1572.X/breakout1572.asm
                _ISR_03AA   0x0003aa    program     static /home/jacques/github/breakout_1572/breakout_1572.X/breakout1572.asm
                _ISR_0411   0x000411    program     static /home/jacques/github/breakout_1572/breakout_1572.X/breakout1572.asm
          _MAIN_PROG_0006   0x00041b    program     static /home/jacques/github/breakout_1572/breakout_1572.X/breakout1572.asm
          _MAIN_PROG_000D   0x000422    program     static /home/jacques/github/breakout_1572/breakout_1572.X/breakout1572.asm
          _MAIN_PROG_005E   0x000473    program     static /home/jacques/github/breakout_1572/breakout_1572.X/breakout1572.asm
             ball_at_left   0x000269    program     static /home/jacques/github/breakout_1572/breakout_1572.X/breakout1572.asm
            ball_at_right   0x000279    program     static /home/jacques/github/breakout_1572/breakout_1572.X/breakout1572.asm
           ball_in_middle   0x00024f    program     static /home/jacques/github/breakout_1572/breakout_1572.X/breakout1572.asm
                ball_lost   0x00012e    program     static /home/jacques/github/breakout_1572/breakout_1572.X/breakout1572.asm
                  between   0x0001b6    program     static /home/jacques/github/breakout_1572/breakout_1572.X/breakout1572.asm
             between_exit   0x0001c0    program     static /home/jacques/github/breakout_1572/breakout_1572.X/breakout1572.asm
             bottom_bound   0x000108    program     static /home/jacques/github/breakout_1572/breakout_1572.X/breakout1572.asm
             brick_bounce   0x0001ae    program     static /home/jacques/github/breakout_1572/breakout_1572.X/breakout1572.asm
          brick_wall_init   0x0003c8    program     static /home/jacques/github/breakout_1572/breakout_1572.X/breakout1572.asm
                  bw_init   0x0003cf    program     static /home/jacques/github/breakout_1572/breakout_1572.X/breakout1572.asm
      check_paddle_bounce   0x000143    program     static /home/jacques/github/breakout_1572/breakout_1572.X/breakout1572.asm
                collision   0x000110    program     static /home/jacques/github/breakout_1572/breakout_1572.X/breakout1572.asm
           collision_exit   0x0001b4    program     static /home/jacques/github/breakout_1572/breakout_1572.X/breakout1572.asm
                 cool_msg   0x0004bd    program     static /home/jacques/github/breakout_1572/breakout_1572.X/breakout1572.asm
             digit_offset   0x0003c2    program     static /home/jacques/github/breakout_1572/breakout_1572.X/breakout1572.asm
                digit_row   0x0001fa    program     static /home/jacques/github/breakout_1572/breakout_1572.X/breakout1572.asm
                   digits   0x000474    program     static /home/jacques/github/breakout_1572/breakout_1572.X/breakout1572.asm
              display_end   0x000330    program     static /home/jacques/github/breakout_1572/breakout_1572.X/breakout1572.asm
              display_msg   0x00033d    program     static /home/jacques/github/breakout_1572/breakout_1572.X/breakout1572.asm
                     div3   0x000394    program     static /home/jacques/github/breakout_1572/breakout_1572.X/breakout1572.asm
                div3_loop   0x000398    program     static /home/jacques/github/breakout_1572/breakout_1572.X/breakout1572.asm
               draw_empty   0x00031a    program     static /home/jacques/github/breakout_1572/breakout_1572.X/breakout1572.asm
              draw_paddle   0x00035c    program     static /home/jacques/github/breakout_1572/breakout_1572.X/breakout1572.asm
                draw_row1   0x0002a5    program     static /home/jacques/github/breakout_1572/breakout_1572.X/breakout1572.asm
                draw_row2   0x0002bc    program     static /home/jacques/github/breakout_1572/breakout_1572.X/breakout1572.asm
                draw_row3   0x0002d3    program     static /home/jacques/github/breakout_1572/breakout_1572.X/breakout1572.asm
                draw_row4   0x0002ea    program     static /home/jacques/github/breakout_1572/breakout_1572.X/breakout1572.asm
                draw_row5   0x000301    program     static /home/jacques/github/breakout_1572/breakout_1572.X/breakout1572.asm
               draw_score   0x0001c9    program     static /home/jacques/github/breakout_1572/breakout_1572.X/breakout1572.asm
            draw_top_wall   0x00020f    program     static /home/jacques/github/breakout_1572/breakout_1572.X/breakout1572.asm
                draw_void   0x000223    program     static /home/jacques/github/breakout_1572/breakout_1572.X/breakout1572.asm
           draw_void_exit   0x000286    program     static /home/jacques/github/breakout_1572/breakout_1572.X/breakout1572.asm
                draw_wall   0x000297    program     static /home/jacques/github/breakout_1572/breakout_1572.X/breakout1572.asm
               draw_walls   0x000225    program     static /home/jacques/github/breakout_1572/breakout_1572.X/breakout1572.asm
                   eeprom   0x000780    program     static /home/jacques/github/breakout_1572/breakout_1572.X/breakout1572.asm
                  end_msg   0x0004ae    program     static /home/jacques/github/breakout_1572/breakout_1572.X/breakout1572.asm
               even_field   0x00037b    program     static /home/jacques/github/breakout_1572/breakout_1572.X/breakout1572.asm
             fallout_test   0x00012a    program     static /home/jacques/github/breakout_1572/breakout_1572.X/breakout1572.asm
                field_end   0x000385    program     static /home/jacques/github/breakout_1572/breakout_1572.X/breakout1572.asm
                frequency   0x0004a8    program     static /home/jacques/github/breakout_1572/breakout_1572.X/breakout1572.asm
                game_init   0x0003fb    program     static /home/jacques/github/breakout_1572/breakout_1572.X/breakout1572.asm
                game_over   0x0000c0    program     static /home/jacques/github/breakout_1572/breakout_1572.X/breakout1572.asm
           game_over_test   0x0003b7    program     static /home/jacques/github/breakout_1572/breakout_1572.X/breakout1572.asm
             game_running   0x0000b8    program     static /home/jacques/github/breakout_1572/breakout_1572.X/breakout1572.asm
               going_down   0x000168    program     static /home/jacques/github/breakout_1572/breakout_1572.X/breakout1572.asm
                  hi_line   0x000374    program     static /home/jacques/github/breakout_1572/breakout_1572.X/breakout1572.asm
                inc_score   0x0003a3    program     static /home/jacques/github/breakout_1572/breakout_1572.X/breakout1572.asm
               initialize   0x000415    program     static /home/jacques/github/breakout_1572/breakout_1572.X/breakout1572.asm
                      isr   0x000004    program     static /home/jacques/github/breakout_1572/breakout_1572.X/breakout1572.asm
                 isr_exit   0x00002d    program     static /home/jacques/github/breakout_1572/breakout_1572.X/breakout1572.asm
                   lfsr16   0x0003d3    program     static /home/jacques/github/breakout_1572/breakout_1572.X/breakout1572.asm
                max_score   0x000780    program     static /home/jacques/github/breakout_1572/breakout_1572.X/breakout1572.asm
                move_ball   0x0000ec    program     static /home/jacques/github/breakout_1572/breakout_1572.X/breakout1572.asm
           move_ball_exit   0x00010e    program     static /home/jacques/github/breakout_1572/breakout_1572.X/breakout1572.asm
                   move_y   0x0000ff    program     static /home/jacques/github/breakout_1572/breakout_1572.X/breakout1572.asm
               next_brick   0x00029a    program     static /home/jacques/github/breakout_1572/breakout_1572.X/breakout1572.asm
               next_pixel   0x00034f    program     static /home/jacques/github/breakout_1572/breakout_1572.X/breakout1572.asm
                  no_ball   0x000236    program     static /home/jacques/github/breakout_1572/breakout_1572.X/breakout1572.asm
              no_ball_dly   0x000235    program     static /home/jacques/github/breakout_1572/breakout_1572.X/breakout1572.asm
                   no_msg   0x000335    program     static /home/jacques/github/breakout_1572/breakout_1572.X/breakout1572.asm
                 no_walls   0x00028f    program     static /home/jacques/github/breakout_1572/breakout_1572.X/breakout1572.asm
            paddle_bounce   0x00014d    program     static /home/jacques/github/breakout_1572/breakout_1572.X/breakout1572.asm
              paddle_test   0x00013f    program     static /home/jacques/github/breakout_1572/breakout_1572.X/breakout1572.asm
                post_last   0x000064    program     static /home/jacques/github/breakout_1572/breakout_1572.X/breakout1572.asm
               post_vsync   0x00005b    program     static /home/jacques/github/breakout_1572/breakout_1572.X/breakout1572.asm
                pre_vsync   0x000032    program     static /home/jacques/github/breakout_1572/breakout_1572.X/breakout1572.asm
              read_button   0x0000ce    program     static /home/jacques/github/breakout_1572/breakout_1572.X/breakout1572.asm
              read_paddle   0x0000d2    program     static /home/jacques/github/breakout_1572/breakout_1572.X/breakout1572.asm
              right_bound   0x0000f8    program     static /home/jacques/github/breakout_1572/breakout_1572.X/breakout1572.asm
                row1_test   0x00017e    program     static /home/jacques/github/breakout_1572/breakout_1572.X/breakout1572.asm
                row2_test   0x000187    program     static /home/jacques/github/breakout_1572/breakout_1572.X/breakout1572.asm
                row3_exit   0x0002e2    program     static /home/jacques/github/breakout_1572/breakout_1572.X/breakout1572.asm
                row3_test   0x000191    program     static /home/jacques/github/breakout_1572/breakout_1572.X/breakout1572.asm
                row4_test   0x00019b    program     static /home/jacques/github/breakout_1572/breakout_1572.X/breakout1572.asm
                row5_test   0x0001a5    program     static /home/jacques/github/breakout_1572/breakout_1572.X/breakout1572.asm
               score_exit   0x0001f2    program     static /home/jacques/github/breakout_1572/breakout_1572.X/breakout1572.asm
              set_ball_dx   0x0003e5    program     static /home/jacques/github/breakout_1572/breakout_1572.X/breakout1572.asm
         set_ball_dx_exit   0x0003f9    program     static /home/jacques/github/breakout_1572/breakout_1572.X/breakout1572.asm
              set_presync   0x00003d    program     static /home/jacques/github/breakout_1572/breakout_1572.X/breakout1572.asm
                set_vsync   0x000053    program     static /home/jacques/github/breakout_1572/breakout_1572.X/breakout1572.asm
             skip_2_tasks   0x0000c7    program     static /home/jacques/github/breakout_1572/breakout_1572.X/breakout1572.asm
                    sound   0x000075    program     static /home/jacques/github/breakout_1572/breakout_1572.X/breakout1572.asm
                sound_fx1   0x000082    program     static /home/jacques/github/breakout_1572/breakout_1572.X/breakout1572.asm
                sound_fx2   0x00008d    program     static /home/jacques/github/breakout_1572/breakout_1572.X/breakout1572.asm
               sound_init   0x000098    program     static /home/jacques/github/breakout_1572/breakout_1572.X/breakout1572.asm
                  t0delay   0x00040d    program     static /home/jacques/github/breakout_1572/breakout_1572.X/breakout1572.asm
              task_switch   0x000016    program     static /home/jacques/github/breakout_1572/breakout_1572.X/breakout1572.asm
            top_wall_exit   0x00021b    program     static /home/jacques/github/breakout_1572/breakout_1572.X/breakout1572.asm
               user_input   0x0000ad    program     static /home/jacques/github/breakout_1572/breakout_1572.X/breakout1572.asm
              video_first   0x0001c2    program     static /home/jacques/github/breakout_1572/breakout_1572.X/breakout1572.asm
                    vsync   0x000048    program     static /home/jacques/github/breakout_1572/breakout_1572.X/breakout1572.asm
                vsync_end   0x000068    program     static /home/jacques/github/breakout_1572/breakout_1572.X/breakout1572.asm
           wait_field_end   0x000371    program     static /home/jacques/github/breakout_1572/breakout_1572.X/breakout1572.asm
             wait_trigger   0x0000ba    program     static /home/jacques/github/breakout_1572/breakout_1572.X/breakout1572.asm
                wall_test   0x00015e    program     static /home/jacques/github/breakout_1572/breakout_1572.X/breakout1572.asm
                 yes_ball   0x000249    program     static /home/jacques/github/breakout_1572/breakout_1572.X/breakout1572.asm
                  ball_dx   0x000079       data     static /home/jacques/github/breakout_1572/breakout_1572.X/breakout1572.asm
                  ball_dy   0x00007a       data     static /home/jacques/github/breakout_1572/breakout_1572.X/breakout1572.asm
               ball_speed   0x00007b       data     static /home/jacques/github/breakout_1572/breakout_1572.X/breakout1572.asm
               ball_timer   0x00007e       data     static /home/jacques/github/breakout_1572/breakout_1572.X/breakout1572.asm
                   ball_x   0x000077       data     static /home/jacques/github/breakout_1572/breakout_1572.X/breakout1572.asm
                   ball_y   0x000078       data     static /home/jacques/github/breakout_1572/breakout_1572.X/breakout1572.asm
                    balls   0x0000b1       data     static /home/jacques/github/breakout_1572/breakout_1572.X/breakout1572.asm
                    flags   0x000070       data     static /home/jacques/github/breakout_1572/breakout_1572.X/breakout1572.asm
                   lcount   0x000071       data     static /home/jacques/github/breakout_1572/breakout_1572.X/breakout1572.asm
                     mask   0x0000ac       data     static /home/jacques/github/breakout_1572/breakout_1572.X/breakout1572.asm
                   old_dx   0x00007f       data     static /home/jacques/github/breakout_1572/breakout_1572.X/breakout1572.asm
               paddle_pos   0x000076       data     static /home/jacques/github/breakout_1572/breakout_1572.X/breakout1572.asm
                   pixels   0x0000ad       data     static /home/jacques/github/breakout_1572/breakout_1572.X/breakout1572.asm
                     row1   0x0000a0       data     static /home/jacques/github/breakout_1572/breakout_1572.X/breakout1572.asm
                     row2   0x0000a2       data     static /home/jacques/github/breakout_1572/breakout_1572.X/breakout1572.asm
                     row3   0x0000a4       data     static /home/jacques/github/breakout_1572/breakout_1572.X/breakout1572.asm
                     row4   0x0000a6       data     static /home/jacques/github/breakout_1572/breakout_1572.X/breakout1572.asm
                     row5   0x0000a8       data     static /home/jacques/github/breakout_1572/breakout_1572.X/breakout1572.asm
                     row6   0x0000aa       data     static /home/jacques/github/breakout_1572/breakout_1572.X/breakout1572.asm
                    score   0x00007c       data     static /home/jacques/github/breakout_1572/breakout_1572.X/breakout1572.asm
                     seed   0x000030       data     static /home/jacques/github/breakout_1572/breakout_1572.X/breakout1572.asm
                    slice   0x000072       data     static /home/jacques/github/breakout_1572/breakout_1572.X/breakout1572.asm
              sound_timer   0x0000b2       data     static /home/jacques/github/breakout_1572/breakout_1572.X/breakout1572.asm
                    stack   0x000020       data     static /home/jacques/github/breakout_1572/breakout_1572.X/breakout1572.asm
                     task   0x000073       data     static /home/jacques/github/breakout_1572/breakout_1572.X/breakout1572.asm
                    temp1   0x000074       data     static /home/jacques/github/breakout_1572/breakout_1572.X/breakout1572.asm
                    temp2   0x000075       data     static /home/jacques/github/breakout_1572/breakout_1572.X/breakout1572.asm



                              Symbols - Sorted by Address
                     Name    Address   Location    Storage File                     
                ---------  ---------  ---------  --------- ---------                
                      isr   0x000004    program     static /home/jacques/github/breakout_1572/breakout_1572.X/breakout1572.asm
                _ISR_000B   0x00000b    program     static /home/jacques/github/breakout_1572/breakout_1572.X/breakout1572.asm
                _ISR_0012   0x000012    program     static /home/jacques/github/breakout_1572/breakout_1572.X/breakout1572.asm
              task_switch   0x000016    program     static /home/jacques/github/breakout_1572/breakout_1572.X/breakout1572.asm
                 isr_exit   0x00002d    program     static /home/jacques/github/breakout_1572/breakout_1572.X/breakout1572.asm
                pre_vsync   0x000032    program     static /home/jacques/github/breakout_1572/breakout_1572.X/breakout1572.asm
              set_presync   0x00003d    program     static /home/jacques/github/breakout_1572/breakout_1572.X/breakout1572.asm
                    vsync   0x000048    program     static /home/jacques/github/breakout_1572/breakout_1572.X/breakout1572.asm
                set_vsync   0x000053    program     static /home/jacques/github/breakout_1572/breakout_1572.X/breakout1572.asm
               post_vsync   0x00005b    program     static /home/jacques/github/breakout_1572/breakout_1572.X/breakout1572.asm
                post_last   0x000064    program     static /home/jacques/github/breakout_1572/breakout_1572.X/breakout1572.asm
                vsync_end   0x000068    program     static /home/jacques/github/breakout_1572/breakout_1572.X/breakout1572.asm
                    sound   0x000075    program     static /home/jacques/github/breakout_1572/breakout_1572.X/breakout1572.asm
                sound_fx1   0x000082    program     static /home/jacques/github/breakout_1572/breakout_1572.X/breakout1572.asm
                sound_fx2   0x00008d    program     static /home/jacques/github/breakout_1572/breakout_1572.X/breakout1572.asm
               sound_init   0x000098    program     static /home/jacques/github/breakout_1572/breakout_1572.X/breakout1572.asm
               user_input   0x0000ad    program     static /home/jacques/github/breakout_1572/breakout_1572.X/breakout1572.asm
             game_running   0x0000b8    program     static /home/jacques/github/breakout_1572/breakout_1572.X/breakout1572.asm
             wait_trigger   0x0000ba    program     static /home/jacques/github/breakout_1572/breakout_1572.X/breakout1572.asm
                game_over   0x0000c0    program     static /home/jacques/github/breakout_1572/breakout_1572.X/breakout1572.asm
             skip_2_tasks   0x0000c7    program     static /home/jacques/github/breakout_1572/breakout_1572.X/breakout1572.asm
              read_button   0x0000ce    program     static /home/jacques/github/breakout_1572/breakout_1572.X/breakout1572.asm
              read_paddle   0x0000d2    program     static /home/jacques/github/breakout_1572/breakout_1572.X/breakout1572.asm
                _ISR_00DA   0x0000da    program     static /home/jacques/github/breakout_1572/breakout_1572.X/breakout1572.asm
                _ISR_00DF   0x0000df    program     static /home/jacques/github/breakout_1572/breakout_1572.X/breakout1572.asm
                _ISR_00E6   0x0000e6    program     static /home/jacques/github/breakout_1572/breakout_1572.X/breakout1572.asm
                move_ball   0x0000ec    program     static /home/jacques/github/breakout_1572/breakout_1572.X/breakout1572.asm
              right_bound   0x0000f8    program     static /home/jacques/github/breakout_1572/breakout_1572.X/breakout1572.asm
                   move_y   0x0000ff    program     static /home/jacques/github/breakout_1572/breakout_1572.X/breakout1572.asm
             bottom_bound   0x000108    program     static /home/jacques/github/breakout_1572/breakout_1572.X/breakout1572.asm
           move_ball_exit   0x00010e    program     static /home/jacques/github/breakout_1572/breakout_1572.X/breakout1572.asm
                collision   0x000110    program     static /home/jacques/github/breakout_1572/breakout_1572.X/breakout1572.asm
                _ISR_011D   0x00011d    program     static /home/jacques/github/breakout_1572/breakout_1572.X/breakout1572.asm
                _ISR_0124   0x000124    program     static /home/jacques/github/breakout_1572/breakout_1572.X/breakout1572.asm
                _ISR_0127   0x000127    program     static /home/jacques/github/breakout_1572/breakout_1572.X/breakout1572.asm
             fallout_test   0x00012a    program     static /home/jacques/github/breakout_1572/breakout_1572.X/breakout1572.asm
                ball_lost   0x00012e    program     static /home/jacques/github/breakout_1572/breakout_1572.X/breakout1572.asm
                _ISR_0130   0x000130    program     static /home/jacques/github/breakout_1572/breakout_1572.X/breakout1572.asm
              paddle_test   0x00013f    program     static /home/jacques/github/breakout_1572/breakout_1572.X/breakout1572.asm
      check_paddle_bounce   0x000143    program     static /home/jacques/github/breakout_1572/breakout_1572.X/breakout1572.asm
            paddle_bounce   0x00014d    program     static /home/jacques/github/breakout_1572/breakout_1572.X/breakout1572.asm
                wall_test   0x00015e    program     static /home/jacques/github/breakout_1572/breakout_1572.X/breakout1572.asm
                _ISR_0167   0x000167    program     static /home/jacques/github/breakout_1572/breakout_1572.X/breakout1572.asm
               going_down   0x000168    program     static /home/jacques/github/breakout_1572/breakout_1572.X/breakout1572.asm
                row1_test   0x00017e    program     static /home/jacques/github/breakout_1572/breakout_1572.X/breakout1572.asm
                row2_test   0x000187    program     static /home/jacques/github/breakout_1572/breakout_1572.X/breakout1572.asm
                row3_test   0x000191    program     static /home/jacques/github/breakout_1572/breakout_1572.X/breakout1572.asm
                row4_test   0x00019b    program     static /home/jacques/github/breakout_1572/breakout_1572.X/breakout1572.asm
                row5_test   0x0001a5    program     static /home/jacques/github/breakout_1572/breakout_1572.X/breakout1572.asm
             brick_bounce   0x0001ae    program     static /home/jacques/github/breakout_1572/breakout_1572.X/breakout1572.asm
           collision_exit   0x0001b4    program     static /home/jacques/github/breakout_1572/breakout_1572.X/breakout1572.asm
                  between   0x0001b6    program     static /home/jacques/github/breakout_1572/breakout_1572.X/breakout1572.asm
             between_exit   0x0001c0    program     static /home/jacques/github/breakout_1572/breakout_1572.X/breakout1572.asm
              video_first   0x0001c2    program     static /home/jacques/github/breakout_1572/breakout_1572.X/breakout1572.asm
               draw_score   0x0001c9    program     static /home/jacques/github/breakout_1572/breakout_1572.X/breakout1572.asm
               score_exit   0x0001f2    program     static /home/jacques/github/breakout_1572/breakout_1572.X/breakout1572.asm
                digit_row   0x0001fa    program     static /home/jacques/github/breakout_1572/breakout_1572.X/breakout1572.asm
                _ISR_020B   0x00020b    program     static /home/jacques/github/breakout_1572/breakout_1572.X/breakout1572.asm
            draw_top_wall   0x00020f    program     static /home/jacques/github/breakout_1572/breakout_1572.X/breakout1572.asm
                _ISR_0214   0x000214    program     static /home/jacques/github/breakout_1572/breakout_1572.X/breakout1572.asm
            top_wall_exit   0x00021b    program     static /home/jacques/github/breakout_1572/breakout_1572.X/breakout1572.asm
                draw_void   0x000223    program     static /home/jacques/github/breakout_1572/breakout_1572.X/breakout1572.asm
               draw_walls   0x000225    program     static /home/jacques/github/breakout_1572/breakout_1572.X/breakout1572.asm
              no_ball_dly   0x000235    program     static /home/jacques/github/breakout_1572/breakout_1572.X/breakout1572.asm
                  no_ball   0x000236    program     static /home/jacques/github/breakout_1572/breakout_1572.X/breakout1572.asm
                _ISR_0242   0x000242    program     static /home/jacques/github/breakout_1572/breakout_1572.X/breakout1572.asm
                 yes_ball   0x000249    program     static /home/jacques/github/breakout_1572/breakout_1572.X/breakout1572.asm
           ball_in_middle   0x00024f    program     static /home/jacques/github/breakout_1572/breakout_1572.X/breakout1572.asm
                _ISR_0259   0x000259    program     static /home/jacques/github/breakout_1572/breakout_1572.X/breakout1572.asm
                _ISR_025D   0x00025d    program     static /home/jacques/github/breakout_1572/breakout_1572.X/breakout1572.asm
                _ISR_0264   0x000264    program     static /home/jacques/github/breakout_1572/breakout_1572.X/breakout1572.asm
             ball_at_left   0x000269    program     static /home/jacques/github/breakout_1572/breakout_1572.X/breakout1572.asm
                _ISR_026B   0x00026b    program     static /home/jacques/github/breakout_1572/breakout_1572.X/breakout1572.asm
                _ISR_0273   0x000273    program     static /home/jacques/github/breakout_1572/breakout_1572.X/breakout1572.asm
            ball_at_right   0x000279    program     static /home/jacques/github/breakout_1572/breakout_1572.X/breakout1572.asm
                _ISR_027B   0x00027b    program     static /home/jacques/github/breakout_1572/breakout_1572.X/breakout1572.asm
                _ISR_0284   0x000284    program     static /home/jacques/github/breakout_1572/breakout_1572.X/breakout1572.asm
           draw_void_exit   0x000286    program     static /home/jacques/github/breakout_1572/breakout_1572.X/breakout1572.asm
                 no_walls   0x00028f    program     static /home/jacques/github/breakout_1572/breakout_1572.X/breakout1572.asm
                draw_wall   0x000297    program     static /home/jacques/github/breakout_1572/breakout_1572.X/breakout1572.asm
               next_brick   0x00029a    program     static /home/jacques/github/breakout_1572/breakout_1572.X/breakout1572.asm
                draw_row1   0x0002a5    program     static /home/jacques/github/breakout_1572/breakout_1572.X/breakout1572.asm
                _ISR_02B3   0x0002b3    program     static /home/jacques/github/breakout_1572/breakout_1572.X/breakout1572.asm
                draw_row2   0x0002bc    program     static /home/jacques/github/breakout_1572/breakout_1572.X/breakout1572.asm
                _ISR_02CA   0x0002ca    program     static /home/jacques/github/breakout_1572/breakout_1572.X/breakout1572.asm
                draw_row3   0x0002d3    program     static /home/jacques/github/breakout_1572/breakout_1572.X/breakout1572.asm
                _ISR_02E1   0x0002e1    program     static /home/jacques/github/breakout_1572/breakout_1572.X/breakout1572.asm
                row3_exit   0x0002e2    program     static /home/jacques/github/breakout_1572/breakout_1572.X/breakout1572.asm
                draw_row4   0x0002ea    program     static /home/jacques/github/breakout_1572/breakout_1572.X/breakout1572.asm
                _ISR_02F8   0x0002f8    program     static /home/jacques/github/breakout_1572/breakout_1572.X/breakout1572.asm
                draw_row5   0x000301    program     static /home/jacques/github/breakout_1572/breakout_1572.X/breakout1572.asm
                _ISR_030F   0x00030f    program     static /home/jacques/github/breakout_1572/breakout_1572.X/breakout1572.asm
               draw_empty   0x00031a    program     static /home/jacques/github/breakout_1572/breakout_1572.X/breakout1572.asm
              display_end   0x000330    program     static /home/jacques/github/breakout_1572/breakout_1572.X/breakout1572.asm
                   no_msg   0x000335    program     static /home/jacques/github/breakout_1572/breakout_1572.X/breakout1572.asm
              display_msg   0x00033d    program     static /home/jacques/github/breakout_1572/breakout_1572.X/breakout1572.asm
               next_pixel   0x00034f    program     static /home/jacques/github/breakout_1572/breakout_1572.X/breakout1572.asm
              draw_paddle   0x00035c    program     static /home/jacques/github/breakout_1572/breakout_1572.X/breakout1572.asm
                _ISR_0361   0x000361    program     static /home/jacques/github/breakout_1572/breakout_1572.X/breakout1572.asm
                _ISR_0363   0x000363    program     static /home/jacques/github/breakout_1572/breakout_1572.X/breakout1572.asm
           wait_field_end   0x000371    program     static /home/jacques/github/breakout_1572/breakout_1572.X/breakout1572.asm
                  hi_line   0x000374    program     static /home/jacques/github/breakout_1572/breakout_1572.X/breakout1572.asm
               even_field   0x00037b    program     static /home/jacques/github/breakout_1572/breakout_1572.X/breakout1572.asm
                field_end   0x000385    program     static /home/jacques/github/breakout_1572/breakout_1572.X/breakout1572.asm
                   _3ntcy   0x00038d    program     static /home/jacques/github/breakout_1572/breakout_1572.X/breakout1572.asm
                _ISR_038E   0x00038e    program     static /home/jacques/github/breakout_1572/breakout_1572.X/breakout1572.asm
                    _7tcy   0x000390    program     static /home/jacques/github/breakout_1572/breakout_1572.X/breakout1572.asm
                    _6tcy   0x000391    program     static /home/jacques/github/breakout_1572/breakout_1572.X/breakout1572.asm
                    _5tcy   0x000392    program     static /home/jacques/github/breakout_1572/breakout_1572.X/breakout1572.asm
                    _4tcy   0x000393    program     static /home/jacques/github/breakout_1572/breakout_1572.X/breakout1572.asm
                     div3   0x000394    program     static /home/jacques/github/breakout_1572/breakout_1572.X/breakout1572.asm
                div3_loop   0x000398    program     static /home/jacques/github/breakout_1572/breakout_1572.X/breakout1572.asm
                inc_score   0x0003a3    program     static /home/jacques/github/breakout_1572/breakout_1572.X/breakout1572.asm
                _ISR_03A5   0x0003a5    program     static /home/jacques/github/breakout_1572/breakout_1572.X/breakout1572.asm
                _ISR_03AA   0x0003aa    program     static /home/jacques/github/breakout_1572/breakout_1572.X/breakout1572.asm
           game_over_test   0x0003b7    program     static /home/jacques/github/breakout_1572/breakout_1572.X/breakout1572.asm
             digit_offset   0x0003c2    program     static /home/jacques/github/breakout_1572/breakout_1572.X/breakout1572.asm
          brick_wall_init   0x0003c8    program     static /home/jacques/github/breakout_1572/breakout_1572.X/breakout1572.asm
                  bw_init   0x0003cf    program     static /home/jacques/github/breakout_1572/breakout_1572.X/breakout1572.asm
                   lfsr16   0x0003d3    program     static /home/jacques/github/breakout_1572/breakout_1572.X/breakout1572.asm
              set_ball_dx   0x0003e5    program     static /home/jacques/github/breakout_1572/breakout_1572.X/breakout1572.asm
         set_ball_dx_exit   0x0003f9    program     static /home/jacques/github/breakout_1572/breakout_1572.X/breakout1572.asm
                game_init   0x0003fb    program     static /home/jacques/github/breakout_1572/breakout_1572.X/breakout1572.asm
                  t0delay   0x00040d    program     static /home/jacques/github/breakout_1572/breakout_1572.X/breakout1572.asm
                _ISR_0411   0x000411    program     static /home/jacques/github/breakout_1572/breakout_1572.X/breakout1572.asm
               initialize   0x000415    program     static /home/jacques/github/breakout_1572/breakout_1572.X/breakout1572.asm
          _MAIN_PROG_0006   0x00041b    program     static /home/jacques/github/breakout_1572/breakout_1572.X/breakout1572.asm
          _MAIN_PROG_000D   0x000422    program     static /home/jacques/github/breakout_1572/breakout_1572.X/breakout1572.asm
          _MAIN_PROG_005E   0x000473    program     static /home/jacques/github/breakout_1572/breakout_1572.X/breakout1572.asm
                   digits   0x000474    program     static /home/jacques/github/breakout_1572/breakout_1572.X/breakout1572.asm
                frequency   0x0004a8    program     static /home/jacques/github/breakout_1572/breakout_1572.X/breakout1572.asm
                  end_msg   0x0004ae    program     static /home/jacques/github/breakout_1572/breakout_1572.X/breakout1572.asm
                 cool_msg   0x0004bd    program     static /home/jacques/github/breakout_1572/breakout_1572.X/breakout1572.asm
                   eeprom   0x000780    program     static /home/jacques/github/breakout_1572/breakout_1572.X/breakout1572.asm
                max_score   0x000780    program     static /home/jacques/github/breakout_1572/breakout_1572.X/breakout1572.asm
                    stack   0x000020       data     static /home/jacques/github/breakout_1572/breakout_1572.X/breakout1572.asm
                     seed   0x000030       data     static /home/jacques/github/breakout_1572/breakout_1572.X/breakout1572.asm
                    flags   0x000070       data     static /home/jacques/github/breakout_1572/breakout_1572.X/breakout1572.asm
                   lcount   0x000071       data     static /home/jacques/github/breakout_1572/breakout_1572.X/breakout1572.asm
                    slice   0x000072       data     static /home/jacques/github/breakout_1572/breakout_1572.X/breakout1572.asm
                     task   0x000073       data     static /home/jacques/github/breakout_1572/breakout_1572.X/breakout1572.asm
                    temp1   0x000074       data     static /home/jacques/github/breakout_1572/breakout_1572.X/breakout1572.asm
                    temp2   0x000075       data     static /home/jacques/github/breakout_1572/breakout_1572.X/breakout1572.asm
               paddle_pos   0x000076       data     static /home/jacques/github/breakout_1572/breakout_1572.X/breakout1572.asm
                   ball_x   0x000077       data     static /home/jacques/github/breakout_1572/breakout_1572.X/breakout1572.asm
                   ball_y   0x000078       data     static /home/jacques/github/breakout_1572/breakout_1572.X/breakout1572.asm
                  ball_dx   0x000079       data     static /home/jacques/github/breakout_1572/breakout_1572.X/breakout1572.asm
                  ball_dy   0x00007a       data     static /home/jacques/github/breakout_1572/breakout_1572.X/breakout1572.asm
               ball_speed   0x00007b       data     static /home/jacques/github/breakout_1572/breakout_1572.X/breakout1572.asm
                    score   0x00007c       data     static /home/jacques/github/breakout_1572/breakout_1572.X/breakout1572.asm
               ball_timer   0x00007e       data     static /home/jacques/github/breakout_1572/breakout_1572.X/breakout1572.asm
                   old_dx   0x00007f       data     static /home/jacques/github/breakout_1572/breakout_1572.X/breakout1572.asm
                     row1   0x0000a0       data     static /home/jacques/github/breakout_1572/breakout_1572.X/breakout1572.asm
                     row2   0x0000a2       data     static /home/jacques/github/breakout_1572/breakout_1572.X/breakout1572.asm
                     row3   0x0000a4       data     static /home/jacques/github/breakout_1572/breakout_1572.X/breakout1572.asm
                     row4   0x0000a6       data     static /home/jacques/github/breakout_1572/breakout_1572.X/breakout1572.asm
                     row5   0x0000a8       data     static /home/jacques/github/breakout_1572/breakout_1572.X/breakout1572.asm
                     row6   0x0000aa       data     static /home/jacques/github/breakout_1572/breakout_1572.X/breakout1572.asm
                     mask   0x0000ac       data     static /home/jacques/github/breakout_1572/breakout_1572.X/breakout1572.asm
                   pixels   0x0000ad       data     static /home/jacques/github/breakout_1572/breakout_1572.X/breakout1572.asm
                    balls   0x0000b1       data     static /home/jacques/github/breakout_1572/breakout_1572.X/breakout1572.asm
              sound_timer   0x0000b2       data     static /home/jacques/github/breakout_1572/breakout_1572.X/breakout1572.asm


