MPLINK 5.09, LINKER
Linker Map File - Created Wed Mar  6 15:56:56 2019

                                 Section Info
                  Section       Type    Address   Location Size(Bytes)
                ---------  ---------  ---------  ---------  ---------
                 RES_VECT       code   0x000000    program   0x000008
                      ISR       code   0x000004    program   0x000598
                   .cinit    romdata   0x0002d0    program   0x000004
                MAIN_PROG       code   0x0002d2    program   0x00011c
                   .org_0       code   0x000780    program   0x000000
.config_8007_BUILD/DEFAULT/DEBUG/BREAKOUT1572       code   0x008007    program   0x000002
.config_8008_BUILD/DEFAULT/DEBUG/BREAKOUT1572       code   0x008008    program   0x000002
                   .udata      udata   0x000020       data   0x000015
               .udata_shr      udata   0x000070       data   0x00000f
                  v_array      udata   0x0000a0       data   0x000005



                              Program Memory Usage 
                               Start         End      
                           ---------   ---------      
                            0x000000    0x00035f      
                            0x008007    0x008008      
            866 out of 2055 program addresses used, program memory utilization is 42%



                              Symbols - Sorted by Name
                     Name    Address   Location    Storage File                     
                ---------  ---------  ---------  --------- ---------                
                    START   0x0002d2    program     static /home/jacques/github/breakout_1572/breakout_1572.X/breakout1572.asm
           _101next_brick   0x0001fe    program     static /home/jacques/github/breakout_1572/breakout_1572.X/breakout1572.asm
          _103brick_delay   0x00020a    program     static /home/jacques/github/breakout_1572/breakout_1572.X/breakout1572.asm
             _103no_brick   0x000205    program     static /home/jacques/github/breakout_1572/breakout_1572.X/breakout1572.asm
           _114next_brick   0x000229    program     static /home/jacques/github/breakout_1572/breakout_1572.X/breakout1572.asm
          _116brick_delay   0x000235    program     static /home/jacques/github/breakout_1572/breakout_1572.X/breakout1572.asm
             _116no_brick   0x000230    program     static /home/jacques/github/breakout_1572/breakout_1572.X/breakout1572.asm
            _59next_brick   0x000174    program     static /home/jacques/github/breakout_1572/breakout_1572.X/breakout1572.asm
           _61brick_delay   0x000180    program     static /home/jacques/github/breakout_1572/breakout_1572.X/breakout1572.asm
              _61no_brick   0x00017b    program     static /home/jacques/github/breakout_1572/breakout_1572.X/breakout1572.asm
            _73next_brick   0x0001a2    program     static /home/jacques/github/breakout_1572/breakout_1572.X/breakout1572.asm
           _75brick_delay   0x0001ae    program     static /home/jacques/github/breakout_1572/breakout_1572.X/breakout1572.asm
              _75no_brick   0x0001a9    program     static /home/jacques/github/breakout_1572/breakout_1572.X/breakout1572.asm
            _87next_brick   0x0001d0    program     static /home/jacques/github/breakout_1572/breakout_1572.X/breakout1572.asm
           _89brick_delay   0x0001dc    program     static /home/jacques/github/breakout_1572/breakout_1572.X/breakout1572.asm
              _89no_brick   0x0001d7    program     static /home/jacques/github/breakout_1572/breakout_1572.X/breakout1572.asm
                _ISR_0008   0x000008    program     static /home/jacques/github/breakout_1572/breakout_1572.X/breakout1572.asm
                _ISR_000D   0x00000d    program     static /home/jacques/github/breakout_1572/breakout_1572.X/breakout1572.asm
                _ISR_0084   0x000084    program     static /home/jacques/github/breakout_1572/breakout_1572.X/breakout1572.asm
                _ISR_008B   0x00008b    program     static /home/jacques/github/breakout_1572/breakout_1572.X/breakout1572.asm
                _ISR_00C5   0x0000c5    program     static /home/jacques/github/breakout_1572/breakout_1572.X/breakout1572.asm
                _ISR_00C9   0x0000c9    program     static /home/jacques/github/breakout_1572/breakout_1572.X/breakout1572.asm
                _ISR_00CA   0x0000ca    program     static /home/jacques/github/breakout_1572/breakout_1572.X/breakout1572.asm
                _ISR_00CE   0x0000ce    program     static /home/jacques/github/breakout_1572/breakout_1572.X/breakout1572.asm
                _ISR_00ED   0x0000ed    program     static /home/jacques/github/breakout_1572/breakout_1572.X/breakout1572.asm
                _ISR_00EE   0x0000ee    program     static /home/jacques/github/breakout_1572/breakout_1572.X/breakout1572.asm
                _ISR_00F5   0x0000f5    program     static /home/jacques/github/breakout_1572/breakout_1572.X/breakout1572.asm
                _ISR_00FC   0x0000fc    program     static /home/jacques/github/breakout_1572/breakout_1572.X/breakout1572.asm
                _ISR_00FD   0x0000fd    program     static /home/jacques/github/breakout_1572/breakout_1572.X/breakout1572.asm
                _ISR_0118   0x000118    program     static /home/jacques/github/breakout_1572/breakout_1572.X/breakout1572.asm
                _ISR_0119   0x000119    program     static /home/jacques/github/breakout_1572/breakout_1572.X/breakout1572.asm
                _ISR_011F   0x00011f    program     static /home/jacques/github/breakout_1572/breakout_1572.X/breakout1572.asm
                _ISR_0127   0x000127    program     static /home/jacques/github/breakout_1572/breakout_1572.X/breakout1572.asm
                _ISR_012E   0x00012e    program     static /home/jacques/github/breakout_1572/breakout_1572.X/breakout1572.asm
                _ISR_0134   0x000134    program     static /home/jacques/github/breakout_1572/breakout_1572.X/breakout1572.asm
                _ISR_0135   0x000135    program     static /home/jacques/github/breakout_1572/breakout_1572.X/breakout1572.asm
                _ISR_013B   0x00013b    program     static /home/jacques/github/breakout_1572/breakout_1572.X/breakout1572.asm
                _ISR_0142   0x000142    program     static /home/jacques/github/breakout_1572/breakout_1572.X/breakout1572.asm
                _ISR_0146   0x000146    program     static /home/jacques/github/breakout_1572/breakout_1572.X/breakout1572.asm
                _ISR_014B   0x00014b    program     static /home/jacques/github/breakout_1572/breakout_1572.X/breakout1572.asm
                _ISR_0152   0x000152    program     static /home/jacques/github/breakout_1572/breakout_1572.X/breakout1572.asm
                _ISR_0170   0x000170    program     static /home/jacques/github/breakout_1572/breakout_1572.X/breakout1572.asm
                _ISR_0171   0x000171    program     static /home/jacques/github/breakout_1572/breakout_1572.X/breakout1572.asm
                _ISR_0182   0x000182    program     static /home/jacques/github/breakout_1572/breakout_1572.X/breakout1572.asm
                _ISR_018C   0x00018c    program     static /home/jacques/github/breakout_1572/breakout_1572.X/breakout1572.asm
                _ISR_019E   0x00019e    program     static /home/jacques/github/breakout_1572/breakout_1572.X/breakout1572.asm
                _ISR_019F   0x00019f    program     static /home/jacques/github/breakout_1572/breakout_1572.X/breakout1572.asm
                _ISR_01B0   0x0001b0    program     static /home/jacques/github/breakout_1572/breakout_1572.X/breakout1572.asm
                _ISR_01BA   0x0001ba    program     static /home/jacques/github/breakout_1572/breakout_1572.X/breakout1572.asm
                _ISR_01CC   0x0001cc    program     static /home/jacques/github/breakout_1572/breakout_1572.X/breakout1572.asm
                _ISR_01CD   0x0001cd    program     static /home/jacques/github/breakout_1572/breakout_1572.X/breakout1572.asm
                _ISR_01DE   0x0001de    program     static /home/jacques/github/breakout_1572/breakout_1572.X/breakout1572.asm
                _ISR_01E8   0x0001e8    program     static /home/jacques/github/breakout_1572/breakout_1572.X/breakout1572.asm
                _ISR_01FA   0x0001fa    program     static /home/jacques/github/breakout_1572/breakout_1572.X/breakout1572.asm
                _ISR_01FB   0x0001fb    program     static /home/jacques/github/breakout_1572/breakout_1572.X/breakout1572.asm
                _ISR_020C   0x00020c    program     static /home/jacques/github/breakout_1572/breakout_1572.X/breakout1572.asm
                _ISR_0216   0x000216    program     static /home/jacques/github/breakout_1572/breakout_1572.X/breakout1572.asm
                _ISR_0226   0x000226    program     static /home/jacques/github/breakout_1572/breakout_1572.X/breakout1572.asm
                _ISR_0237   0x000237    program     static /home/jacques/github/breakout_1572/breakout_1572.X/breakout1572.asm
                _ISR_0241   0x000241    program     static /home/jacques/github/breakout_1572/breakout_1572.X/breakout1572.asm
                _ISR_0251   0x000251    program     static /home/jacques/github/breakout_1572/breakout_1572.X/breakout1572.asm
                _ISR_0254   0x000254    program     static /home/jacques/github/breakout_1572/breakout_1572.X/breakout1572.asm
                _ISR_0255   0x000255    program     static /home/jacques/github/breakout_1572/breakout_1572.X/breakout1572.asm
                _ISR_0265   0x000265    program     static /home/jacques/github/breakout_1572/breakout_1572.X/breakout1572.asm
                _ISR_0266   0x000266    program     static /home/jacques/github/breakout_1572/breakout_1572.X/breakout1572.asm
                _ISR_0269   0x000269    program     static /home/jacques/github/breakout_1572/breakout_1572.X/breakout1572.asm
                _ISR_026B   0x00026b    program     static /home/jacques/github/breakout_1572/breakout_1572.X/breakout1572.asm
                _ISR_0270   0x000270    program     static /home/jacques/github/breakout_1572/breakout_1572.X/breakout1572.asm
                _ISR_0271   0x000271    program     static /home/jacques/github/breakout_1572/breakout_1572.X/breakout1572.asm
                _ISR_02CE   0x0002ce    program     static /home/jacques/github/breakout_1572/breakout_1572.X/breakout1572.asm
          _MAIN_PROG_0006   0x0002d8    program     static /home/jacques/github/breakout_1572/breakout_1572.X/breakout1572.asm
          _MAIN_PROG_000D   0x0002df    program     static /home/jacques/github/breakout_1572/breakout_1572.X/breakout1572.asm
          _MAIN_PROG_0056   0x000328    program     static /home/jacques/github/breakout_1572/breakout_1572.X/breakout1572.asm
          _MAIN_PROG_005A   0x00032c    program     static /home/jacques/github/breakout_1572/breakout_1572.X/breakout1572.asm
                ball_left   0x000143    program     static /home/jacques/github/breakout_1572/breakout_1572.X/breakout1572.asm
                  bcd_add   0x00029c    program     static /home/jacques/github/breakout_1572/breakout_1572.X/breakout1572.asm
             digit_offset   0x0002b9    program     static /home/jacques/github/breakout_1572/breakout_1572.X/breakout1572.asm
                digit_row   0x0000de    program     static /home/jacques/github/breakout_1572/breakout_1572.X/breakout1572.asm
                   digits   0x00032d    program     static /home/jacques/github/breakout_1572/breakout_1572.X/breakout1572.asm
               draw_empty   0x00024f    program     static /home/jacques/github/breakout_1572/breakout_1572.X/breakout1572.asm
              draw_paddle   0x000263    program     static /home/jacques/github/breakout_1572/breakout_1572.X/breakout1572.asm
                draw_row1   0x000169    program     static /home/jacques/github/breakout_1572/breakout_1572.X/breakout1572.asm
                draw_row2   0x000197    program     static /home/jacques/github/breakout_1572/breakout_1572.X/breakout1572.asm
                draw_row3   0x0001c5    program     static /home/jacques/github/breakout_1572/breakout_1572.X/breakout1572.asm
                draw_row4   0x0001f3    program     static /home/jacques/github/breakout_1572/breakout_1572.X/breakout1572.asm
                draw_row5   0x000221    program     static /home/jacques/github/breakout_1572/breakout_1572.X/breakout1572.asm
               draw_score   0x0000a8    program     static /home/jacques/github/breakout_1572/breakout_1572.X/breakout1572.asm
            draw_top_wall   0x0000f1    program     static /home/jacques/github/breakout_1572/breakout_1572.X/breakout1572.asm
                draw_void   0x00010b    program     static /home/jacques/github/breakout_1572/breakout_1572.X/breakout1572.asm
           draw_void_exit   0x000155    program     static /home/jacques/github/breakout_1572/breakout_1572.X/breakout1572.asm
                   eeprom   0x000780    program     static /home/jacques/github/breakout_1572/breakout_1572.X/breakout1572.asm
               even_field   0x00028a    program     static /home/jacques/github/breakout_1572/breakout_1572.X/breakout1572.asm
                field_end   0x000294    program     static /home/jacques/github/breakout_1572/breakout_1572.X/breakout1572.asm
                  hi_line   0x000283    program     static /home/jacques/github/breakout_1572/breakout_1572.X/breakout1572.asm
                      ibw   0x0002c6    program     static /home/jacques/github/breakout_1572/breakout_1572.X/breakout1572.asm
                inc_score   0x0002a7    program     static /home/jacques/github/breakout_1572/breakout_1572.X/breakout1572.asm
          init_brick_wall   0x0002bf    program     static /home/jacques/github/breakout_1572/breakout_1572.X/breakout1572.asm
                      isr   0x000004    program     static /home/jacques/github/breakout_1572/breakout_1572.X/breakout1572.asm
                 isr_exit   0x000029    program     static /home/jacques/github/breakout_1572/breakout_1572.X/breakout1572.asm
                max_score   0x000780    program     static /home/jacques/github/breakout_1572/breakout_1572.X/breakout1572.asm
                move_ball   0x00009d    program     static /home/jacques/github/breakout_1572/breakout_1572.X/breakout1572.asm
                  no_ball   0x000116    program     static /home/jacques/github/breakout_1572/breakout_1572.X/breakout1572.asm
             no_wall_draw   0x00015f    program     static /home/jacques/github/breakout_1572/breakout_1572.X/breakout1572.asm
                post_last   0x000064    program     static /home/jacques/github/breakout_1572/breakout_1572.X/breakout1572.asm
               post_vsync   0x00005b    program     static /home/jacques/github/breakout_1572/breakout_1572.X/breakout1572.asm
                pre_vsync   0x00002e    program     static /home/jacques/github/breakout_1572/breakout_1572.X/breakout1572.asm
              read_paddle   0x00007e    program     static /home/jacques/github/breakout_1572/breakout_1572.X/breakout1572.asm
                row3_exit   0x0001e9    program     static /home/jacques/github/breakout_1572/breakout_1572.X/breakout1572.asm
               score_exit   0x0000d4    program     static /home/jacques/github/breakout_1572/breakout_1572.X/breakout1572.asm
              set_presync   0x00003b    program     static /home/jacques/github/breakout_1572/breakout_1572.X/breakout1572.asm
                set_vsync   0x000053    program     static /home/jacques/github/breakout_1572/breakout_1572.X/breakout1572.asm
                    sound   0x000091    program     static /home/jacques/github/breakout_1572/breakout_1572.X/breakout1572.asm
                  t0delay   0x0002ca    program     static /home/jacques/github/breakout_1572/breakout_1572.X/breakout1572.asm
              task_switch   0x000012    program     static /home/jacques/github/breakout_1572/breakout_1572.X/breakout1572.asm
                test_loop   0x000323    program     static /home/jacques/github/breakout_1572/breakout_1572.X/breakout1572.asm
            top_wall_exit   0x000101    program     static /home/jacques/github/breakout_1572/breakout_1572.X/breakout1572.asm
               user_input   0x000076    program     static /home/jacques/github/breakout_1572/breakout_1572.X/breakout1572.asm
              video_first   0x0000a0    program     static /home/jacques/github/breakout_1572/breakout_1572.X/breakout1572.asm
                    vsync   0x000046    program     static /home/jacques/github/breakout_1572/breakout_1572.X/breakout1572.asm
                vsync_end   0x000068    program     static /home/jacques/github/breakout_1572/breakout_1572.X/breakout1572.asm
           wait_field_end   0x00027d    program     static /home/jacques/github/breakout_1572/breakout_1572.X/breakout1572.asm
                 yes_ball   0x000132    program     static /home/jacques/github/breakout_1572/breakout_1572.X/breakout1572.asm
                  ball_dx   0x000079       data     static /home/jacques/github/breakout_1572/breakout_1572.X/breakout1572.asm
                  ball_dy   0x00007a       data     static /home/jacques/github/breakout_1572/breakout_1572.X/breakout1572.asm
               ball_speed   0x00007b       data     static /home/jacques/github/breakout_1572/breakout_1572.X/breakout1572.asm
               ball_timer   0x00007e       data     static /home/jacques/github/breakout_1572/breakout_1572.X/breakout1572.asm
                   ball_x   0x000077       data     static /home/jacques/github/breakout_1572/breakout_1572.X/breakout1572.asm
                   ball_y   0x000078       data     static /home/jacques/github/breakout_1572/breakout_1572.X/breakout1572.asm
                    balls   0x0000a3       data     static /home/jacques/github/breakout_1572/breakout_1572.X/breakout1572.asm
               brick_wall   0x000030       data     static /home/jacques/github/breakout_1572/breakout_1572.X/breakout1572.asm
                       d1   0x0000a0       data     static /home/jacques/github/breakout_1572/breakout_1572.X/breakout1572.asm
                       d2   0x0000a1       data     static /home/jacques/github/breakout_1572/breakout_1572.X/breakout1572.asm
                       d3   0x0000a2       data     static /home/jacques/github/breakout_1572/breakout_1572.X/breakout1572.asm
                    flags   0x000070       data     static /home/jacques/github/breakout_1572/breakout_1572.X/breakout1572.asm
                   lcount   0x000071       data     static /home/jacques/github/breakout_1572/breakout_1572.X/breakout1572.asm
               paddle_pos   0x000076       data     static /home/jacques/github/breakout_1572/breakout_1572.X/breakout1572.asm
                     row1   0x000030       data     static /home/jacques/github/breakout_1572/breakout_1572.X/breakout1572.asm
                     row2   0x000031       data     static /home/jacques/github/breakout_1572/breakout_1572.X/breakout1572.asm
                     row3   0x000032       data     static /home/jacques/github/breakout_1572/breakout_1572.X/breakout1572.asm
                     row4   0x000033       data     static /home/jacques/github/breakout_1572/breakout_1572.X/breakout1572.asm
                     row5   0x000034       data     static /home/jacques/github/breakout_1572/breakout_1572.X/breakout1572.asm
                    score   0x00007c       data     static /home/jacques/github/breakout_1572/breakout_1572.X/breakout1572.asm
                    slice   0x000072       data     static /home/jacques/github/breakout_1572/breakout_1572.X/breakout1572.asm
              sound_timer   0x0000a4       data     static /home/jacques/github/breakout_1572/breakout_1572.X/breakout1572.asm
                    stack   0x000020       data     static /home/jacques/github/breakout_1572/breakout_1572.X/breakout1572.asm
                     task   0x000073       data     static /home/jacques/github/breakout_1572/breakout_1572.X/breakout1572.asm
                     temp   0x000074       data     static /home/jacques/github/breakout_1572/breakout_1572.X/breakout1572.asm



                              Symbols - Sorted by Address
                     Name    Address   Location    Storage File                     
                ---------  ---------  ---------  --------- ---------                
                      isr   0x000004    program     static /home/jacques/github/breakout_1572/breakout_1572.X/breakout1572.asm
                _ISR_0008   0x000008    program     static /home/jacques/github/breakout_1572/breakout_1572.X/breakout1572.asm
                _ISR_000D   0x00000d    program     static /home/jacques/github/breakout_1572/breakout_1572.X/breakout1572.asm
              task_switch   0x000012    program     static /home/jacques/github/breakout_1572/breakout_1572.X/breakout1572.asm
                 isr_exit   0x000029    program     static /home/jacques/github/breakout_1572/breakout_1572.X/breakout1572.asm
                pre_vsync   0x00002e    program     static /home/jacques/github/breakout_1572/breakout_1572.X/breakout1572.asm
              set_presync   0x00003b    program     static /home/jacques/github/breakout_1572/breakout_1572.X/breakout1572.asm
                    vsync   0x000046    program     static /home/jacques/github/breakout_1572/breakout_1572.X/breakout1572.asm
                set_vsync   0x000053    program     static /home/jacques/github/breakout_1572/breakout_1572.X/breakout1572.asm
               post_vsync   0x00005b    program     static /home/jacques/github/breakout_1572/breakout_1572.X/breakout1572.asm
                post_last   0x000064    program     static /home/jacques/github/breakout_1572/breakout_1572.X/breakout1572.asm
                vsync_end   0x000068    program     static /home/jacques/github/breakout_1572/breakout_1572.X/breakout1572.asm
               user_input   0x000076    program     static /home/jacques/github/breakout_1572/breakout_1572.X/breakout1572.asm
              read_paddle   0x00007e    program     static /home/jacques/github/breakout_1572/breakout_1572.X/breakout1572.asm
                _ISR_0084   0x000084    program     static /home/jacques/github/breakout_1572/breakout_1572.X/breakout1572.asm
                _ISR_008B   0x00008b    program     static /home/jacques/github/breakout_1572/breakout_1572.X/breakout1572.asm
                    sound   0x000091    program     static /home/jacques/github/breakout_1572/breakout_1572.X/breakout1572.asm
                move_ball   0x00009d    program     static /home/jacques/github/breakout_1572/breakout_1572.X/breakout1572.asm
              video_first   0x0000a0    program     static /home/jacques/github/breakout_1572/breakout_1572.X/breakout1572.asm
               draw_score   0x0000a8    program     static /home/jacques/github/breakout_1572/breakout_1572.X/breakout1572.asm
                _ISR_00C5   0x0000c5    program     static /home/jacques/github/breakout_1572/breakout_1572.X/breakout1572.asm
                _ISR_00C9   0x0000c9    program     static /home/jacques/github/breakout_1572/breakout_1572.X/breakout1572.asm
                _ISR_00CA   0x0000ca    program     static /home/jacques/github/breakout_1572/breakout_1572.X/breakout1572.asm
                _ISR_00CE   0x0000ce    program     static /home/jacques/github/breakout_1572/breakout_1572.X/breakout1572.asm
               score_exit   0x0000d4    program     static /home/jacques/github/breakout_1572/breakout_1572.X/breakout1572.asm
                digit_row   0x0000de    program     static /home/jacques/github/breakout_1572/breakout_1572.X/breakout1572.asm
                _ISR_00ED   0x0000ed    program     static /home/jacques/github/breakout_1572/breakout_1572.X/breakout1572.asm
                _ISR_00EE   0x0000ee    program     static /home/jacques/github/breakout_1572/breakout_1572.X/breakout1572.asm
            draw_top_wall   0x0000f1    program     static /home/jacques/github/breakout_1572/breakout_1572.X/breakout1572.asm
                _ISR_00F5   0x0000f5    program     static /home/jacques/github/breakout_1572/breakout_1572.X/breakout1572.asm
                _ISR_00FC   0x0000fc    program     static /home/jacques/github/breakout_1572/breakout_1572.X/breakout1572.asm
                _ISR_00FD   0x0000fd    program     static /home/jacques/github/breakout_1572/breakout_1572.X/breakout1572.asm
            top_wall_exit   0x000101    program     static /home/jacques/github/breakout_1572/breakout_1572.X/breakout1572.asm
                draw_void   0x00010b    program     static /home/jacques/github/breakout_1572/breakout_1572.X/breakout1572.asm
                  no_ball   0x000116    program     static /home/jacques/github/breakout_1572/breakout_1572.X/breakout1572.asm
                _ISR_0118   0x000118    program     static /home/jacques/github/breakout_1572/breakout_1572.X/breakout1572.asm
                _ISR_0119   0x000119    program     static /home/jacques/github/breakout_1572/breakout_1572.X/breakout1572.asm
                _ISR_011F   0x00011f    program     static /home/jacques/github/breakout_1572/breakout_1572.X/breakout1572.asm
                _ISR_0127   0x000127    program     static /home/jacques/github/breakout_1572/breakout_1572.X/breakout1572.asm
                _ISR_012E   0x00012e    program     static /home/jacques/github/breakout_1572/breakout_1572.X/breakout1572.asm
                 yes_ball   0x000132    program     static /home/jacques/github/breakout_1572/breakout_1572.X/breakout1572.asm
                _ISR_0134   0x000134    program     static /home/jacques/github/breakout_1572/breakout_1572.X/breakout1572.asm
                _ISR_0135   0x000135    program     static /home/jacques/github/breakout_1572/breakout_1572.X/breakout1572.asm
                _ISR_013B   0x00013b    program     static /home/jacques/github/breakout_1572/breakout_1572.X/breakout1572.asm
                _ISR_0142   0x000142    program     static /home/jacques/github/breakout_1572/breakout_1572.X/breakout1572.asm
                ball_left   0x000143    program     static /home/jacques/github/breakout_1572/breakout_1572.X/breakout1572.asm
                _ISR_0146   0x000146    program     static /home/jacques/github/breakout_1572/breakout_1572.X/breakout1572.asm
                _ISR_014B   0x00014b    program     static /home/jacques/github/breakout_1572/breakout_1572.X/breakout1572.asm
                _ISR_0152   0x000152    program     static /home/jacques/github/breakout_1572/breakout_1572.X/breakout1572.asm
           draw_void_exit   0x000155    program     static /home/jacques/github/breakout_1572/breakout_1572.X/breakout1572.asm
             no_wall_draw   0x00015f    program     static /home/jacques/github/breakout_1572/breakout_1572.X/breakout1572.asm
                draw_row1   0x000169    program     static /home/jacques/github/breakout_1572/breakout_1572.X/breakout1572.asm
                _ISR_0170   0x000170    program     static /home/jacques/github/breakout_1572/breakout_1572.X/breakout1572.asm
                _ISR_0171   0x000171    program     static /home/jacques/github/breakout_1572/breakout_1572.X/breakout1572.asm
            _59next_brick   0x000174    program     static /home/jacques/github/breakout_1572/breakout_1572.X/breakout1572.asm
              _61no_brick   0x00017b    program     static /home/jacques/github/breakout_1572/breakout_1572.X/breakout1572.asm
           _61brick_delay   0x000180    program     static /home/jacques/github/breakout_1572/breakout_1572.X/breakout1572.asm
                _ISR_0182   0x000182    program     static /home/jacques/github/breakout_1572/breakout_1572.X/breakout1572.asm
                _ISR_018C   0x00018c    program     static /home/jacques/github/breakout_1572/breakout_1572.X/breakout1572.asm
                draw_row2   0x000197    program     static /home/jacques/github/breakout_1572/breakout_1572.X/breakout1572.asm
                _ISR_019E   0x00019e    program     static /home/jacques/github/breakout_1572/breakout_1572.X/breakout1572.asm
                _ISR_019F   0x00019f    program     static /home/jacques/github/breakout_1572/breakout_1572.X/breakout1572.asm
            _73next_brick   0x0001a2    program     static /home/jacques/github/breakout_1572/breakout_1572.X/breakout1572.asm
              _75no_brick   0x0001a9    program     static /home/jacques/github/breakout_1572/breakout_1572.X/breakout1572.asm
           _75brick_delay   0x0001ae    program     static /home/jacques/github/breakout_1572/breakout_1572.X/breakout1572.asm
                _ISR_01B0   0x0001b0    program     static /home/jacques/github/breakout_1572/breakout_1572.X/breakout1572.asm
                _ISR_01BA   0x0001ba    program     static /home/jacques/github/breakout_1572/breakout_1572.X/breakout1572.asm
                draw_row3   0x0001c5    program     static /home/jacques/github/breakout_1572/breakout_1572.X/breakout1572.asm
                _ISR_01CC   0x0001cc    program     static /home/jacques/github/breakout_1572/breakout_1572.X/breakout1572.asm
                _ISR_01CD   0x0001cd    program     static /home/jacques/github/breakout_1572/breakout_1572.X/breakout1572.asm
            _87next_brick   0x0001d0    program     static /home/jacques/github/breakout_1572/breakout_1572.X/breakout1572.asm
              _89no_brick   0x0001d7    program     static /home/jacques/github/breakout_1572/breakout_1572.X/breakout1572.asm
           _89brick_delay   0x0001dc    program     static /home/jacques/github/breakout_1572/breakout_1572.X/breakout1572.asm
                _ISR_01DE   0x0001de    program     static /home/jacques/github/breakout_1572/breakout_1572.X/breakout1572.asm
                _ISR_01E8   0x0001e8    program     static /home/jacques/github/breakout_1572/breakout_1572.X/breakout1572.asm
                row3_exit   0x0001e9    program     static /home/jacques/github/breakout_1572/breakout_1572.X/breakout1572.asm
                draw_row4   0x0001f3    program     static /home/jacques/github/breakout_1572/breakout_1572.X/breakout1572.asm
                _ISR_01FA   0x0001fa    program     static /home/jacques/github/breakout_1572/breakout_1572.X/breakout1572.asm
                _ISR_01FB   0x0001fb    program     static /home/jacques/github/breakout_1572/breakout_1572.X/breakout1572.asm
           _101next_brick   0x0001fe    program     static /home/jacques/github/breakout_1572/breakout_1572.X/breakout1572.asm
             _103no_brick   0x000205    program     static /home/jacques/github/breakout_1572/breakout_1572.X/breakout1572.asm
          _103brick_delay   0x00020a    program     static /home/jacques/github/breakout_1572/breakout_1572.X/breakout1572.asm
                _ISR_020C   0x00020c    program     static /home/jacques/github/breakout_1572/breakout_1572.X/breakout1572.asm
                _ISR_0216   0x000216    program     static /home/jacques/github/breakout_1572/breakout_1572.X/breakout1572.asm
                draw_row5   0x000221    program     static /home/jacques/github/breakout_1572/breakout_1572.X/breakout1572.asm
                _ISR_0226   0x000226    program     static /home/jacques/github/breakout_1572/breakout_1572.X/breakout1572.asm
           _114next_brick   0x000229    program     static /home/jacques/github/breakout_1572/breakout_1572.X/breakout1572.asm
             _116no_brick   0x000230    program     static /home/jacques/github/breakout_1572/breakout_1572.X/breakout1572.asm
          _116brick_delay   0x000235    program     static /home/jacques/github/breakout_1572/breakout_1572.X/breakout1572.asm
                _ISR_0237   0x000237    program     static /home/jacques/github/breakout_1572/breakout_1572.X/breakout1572.asm
                _ISR_0241   0x000241    program     static /home/jacques/github/breakout_1572/breakout_1572.X/breakout1572.asm
               draw_empty   0x00024f    program     static /home/jacques/github/breakout_1572/breakout_1572.X/breakout1572.asm
                _ISR_0251   0x000251    program     static /home/jacques/github/breakout_1572/breakout_1572.X/breakout1572.asm
                _ISR_0254   0x000254    program     static /home/jacques/github/breakout_1572/breakout_1572.X/breakout1572.asm
                _ISR_0255   0x000255    program     static /home/jacques/github/breakout_1572/breakout_1572.X/breakout1572.asm
              draw_paddle   0x000263    program     static /home/jacques/github/breakout_1572/breakout_1572.X/breakout1572.asm
                _ISR_0265   0x000265    program     static /home/jacques/github/breakout_1572/breakout_1572.X/breakout1572.asm
                _ISR_0266   0x000266    program     static /home/jacques/github/breakout_1572/breakout_1572.X/breakout1572.asm
                _ISR_0269   0x000269    program     static /home/jacques/github/breakout_1572/breakout_1572.X/breakout1572.asm
                _ISR_026B   0x00026b    program     static /home/jacques/github/breakout_1572/breakout_1572.X/breakout1572.asm
                _ISR_0270   0x000270    program     static /home/jacques/github/breakout_1572/breakout_1572.X/breakout1572.asm
                _ISR_0271   0x000271    program     static /home/jacques/github/breakout_1572/breakout_1572.X/breakout1572.asm
           wait_field_end   0x00027d    program     static /home/jacques/github/breakout_1572/breakout_1572.X/breakout1572.asm
                  hi_line   0x000283    program     static /home/jacques/github/breakout_1572/breakout_1572.X/breakout1572.asm
               even_field   0x00028a    program     static /home/jacques/github/breakout_1572/breakout_1572.X/breakout1572.asm
                field_end   0x000294    program     static /home/jacques/github/breakout_1572/breakout_1572.X/breakout1572.asm
                  bcd_add   0x00029c    program     static /home/jacques/github/breakout_1572/breakout_1572.X/breakout1572.asm
                inc_score   0x0002a7    program     static /home/jacques/github/breakout_1572/breakout_1572.X/breakout1572.asm
             digit_offset   0x0002b9    program     static /home/jacques/github/breakout_1572/breakout_1572.X/breakout1572.asm
          init_brick_wall   0x0002bf    program     static /home/jacques/github/breakout_1572/breakout_1572.X/breakout1572.asm
                      ibw   0x0002c6    program     static /home/jacques/github/breakout_1572/breakout_1572.X/breakout1572.asm
                  t0delay   0x0002ca    program     static /home/jacques/github/breakout_1572/breakout_1572.X/breakout1572.asm
                _ISR_02CE   0x0002ce    program     static /home/jacques/github/breakout_1572/breakout_1572.X/breakout1572.asm
                    START   0x0002d2    program     static /home/jacques/github/breakout_1572/breakout_1572.X/breakout1572.asm
          _MAIN_PROG_0006   0x0002d8    program     static /home/jacques/github/breakout_1572/breakout_1572.X/breakout1572.asm
          _MAIN_PROG_000D   0x0002df    program     static /home/jacques/github/breakout_1572/breakout_1572.X/breakout1572.asm
                test_loop   0x000323    program     static /home/jacques/github/breakout_1572/breakout_1572.X/breakout1572.asm
          _MAIN_PROG_0056   0x000328    program     static /home/jacques/github/breakout_1572/breakout_1572.X/breakout1572.asm
          _MAIN_PROG_005A   0x00032c    program     static /home/jacques/github/breakout_1572/breakout_1572.X/breakout1572.asm
                   digits   0x00032d    program     static /home/jacques/github/breakout_1572/breakout_1572.X/breakout1572.asm
                   eeprom   0x000780    program     static /home/jacques/github/breakout_1572/breakout_1572.X/breakout1572.asm
                max_score   0x000780    program     static /home/jacques/github/breakout_1572/breakout_1572.X/breakout1572.asm
                    stack   0x000020       data     static /home/jacques/github/breakout_1572/breakout_1572.X/breakout1572.asm
               brick_wall   0x000030       data     static /home/jacques/github/breakout_1572/breakout_1572.X/breakout1572.asm
                     row1   0x000030       data     static /home/jacques/github/breakout_1572/breakout_1572.X/breakout1572.asm
                     row2   0x000031       data     static /home/jacques/github/breakout_1572/breakout_1572.X/breakout1572.asm
                     row3   0x000032       data     static /home/jacques/github/breakout_1572/breakout_1572.X/breakout1572.asm
                     row4   0x000033       data     static /home/jacques/github/breakout_1572/breakout_1572.X/breakout1572.asm
                     row5   0x000034       data     static /home/jacques/github/breakout_1572/breakout_1572.X/breakout1572.asm
                    flags   0x000070       data     static /home/jacques/github/breakout_1572/breakout_1572.X/breakout1572.asm
                   lcount   0x000071       data     static /home/jacques/github/breakout_1572/breakout_1572.X/breakout1572.asm
                    slice   0x000072       data     static /home/jacques/github/breakout_1572/breakout_1572.X/breakout1572.asm
                     task   0x000073       data     static /home/jacques/github/breakout_1572/breakout_1572.X/breakout1572.asm
                     temp   0x000074       data     static /home/jacques/github/breakout_1572/breakout_1572.X/breakout1572.asm
               paddle_pos   0x000076       data     static /home/jacques/github/breakout_1572/breakout_1572.X/breakout1572.asm
                   ball_x   0x000077       data     static /home/jacques/github/breakout_1572/breakout_1572.X/breakout1572.asm
                   ball_y   0x000078       data     static /home/jacques/github/breakout_1572/breakout_1572.X/breakout1572.asm
                  ball_dx   0x000079       data     static /home/jacques/github/breakout_1572/breakout_1572.X/breakout1572.asm
                  ball_dy   0x00007a       data     static /home/jacques/github/breakout_1572/breakout_1572.X/breakout1572.asm
               ball_speed   0x00007b       data     static /home/jacques/github/breakout_1572/breakout_1572.X/breakout1572.asm
                    score   0x00007c       data     static /home/jacques/github/breakout_1572/breakout_1572.X/breakout1572.asm
               ball_timer   0x00007e       data     static /home/jacques/github/breakout_1572/breakout_1572.X/breakout1572.asm
                       d1   0x0000a0       data     static /home/jacques/github/breakout_1572/breakout_1572.X/breakout1572.asm
                       d2   0x0000a1       data     static /home/jacques/github/breakout_1572/breakout_1572.X/breakout1572.asm
                       d3   0x0000a2       data     static /home/jacques/github/breakout_1572/breakout_1572.X/breakout1572.asm
                    balls   0x0000a3       data     static /home/jacques/github/breakout_1572/breakout_1572.X/breakout1572.asm
              sound_timer   0x0000a4       data     static /home/jacques/github/breakout_1572/breakout_1572.X/breakout1572.asm


