MPLINK 5.09, LINKER
Linker Map File - Created Thu Mar  7 17:15:49 2019

                                 Section Info
                  Section       Type    Address   Location Size(Bytes)
                ---------  ---------  ---------  ---------  ---------
                 RES_VECT       code   0x000000    program   0x000008
                      ISR       code   0x000004    program   0x000606
                   .cinit    romdata   0x000307    program   0x000004
                MAIN_PROG       code   0x000309    program   0x000130
                   .org_0       code   0x000780    program   0x000000
.config_8007_BUILD/DEFAULT/DEBUG/BREAKOUT1572       code   0x008007    program   0x000002
.config_8008_BUILD/DEFAULT/DEBUG/BREAKOUT1572       code   0x008008    program   0x000002
                   .udata      udata   0x000020       data   0x000010
               .udata_shr      udata   0x000070       data   0x00000f
                  v_array      udata   0x0000a0       data   0x00000a



                              Program Memory Usage 
                               Start         End      
                           ---------   ---------      
                            0x000000    0x0003a0      
                            0x008007    0x008008      
            931 out of 2055 program addresses used, program memory utilization is 45%



                              Symbols - Sorted by Name
                     Name    Address   Location    Storage File                     
                ---------  ---------  ---------  --------- ---------                
                    START   0x000309    program     static /home/jacques/github/breakout_1572/breakout_1572.X/breakout1572.asm
           _108next_brick   0x00023c    program     static /home/jacques/github/breakout_1572/breakout_1572.X/breakout1572.asm
          _110brick_delay   0x000246    program     static /home/jacques/github/breakout_1572/breakout_1572.X/breakout1572.asm
             _110no_brick   0x000242    program     static /home/jacques/github/breakout_1572/breakout_1572.X/breakout1572.asm
           _121next_brick   0x000265    program     static /home/jacques/github/breakout_1572/breakout_1572.X/breakout1572.asm
          _123brick_delay   0x00026f    program     static /home/jacques/github/breakout_1572/breakout_1572.X/breakout1572.asm
             _123no_brick   0x00026b    program     static /home/jacques/github/breakout_1572/breakout_1572.X/breakout1572.asm
            _66next_brick   0x0001be    program     static /home/jacques/github/breakout_1572/breakout_1572.X/breakout1572.asm
           _68brick_delay   0x0001c8    program     static /home/jacques/github/breakout_1572/breakout_1572.X/breakout1572.asm
              _68no_brick   0x0001c4    program     static /home/jacques/github/breakout_1572/breakout_1572.X/breakout1572.asm
            _80next_brick   0x0001e8    program     static /home/jacques/github/breakout_1572/breakout_1572.X/breakout1572.asm
           _82brick_delay   0x0001f2    program     static /home/jacques/github/breakout_1572/breakout_1572.X/breakout1572.asm
              _82no_brick   0x0001ee    program     static /home/jacques/github/breakout_1572/breakout_1572.X/breakout1572.asm
            _94next_brick   0x000212    program     static /home/jacques/github/breakout_1572/breakout_1572.X/breakout1572.asm
           _96brick_delay   0x00021c    program     static /home/jacques/github/breakout_1572/breakout_1572.X/breakout1572.asm
              _96no_brick   0x000218    program     static /home/jacques/github/breakout_1572/breakout_1572.X/breakout1572.asm
                _ISR_0008   0x000008    program     static /home/jacques/github/breakout_1572/breakout_1572.X/breakout1572.asm
                _ISR_000D   0x00000d    program     static /home/jacques/github/breakout_1572/breakout_1572.X/breakout1572.asm
                _ISR_0085   0x000085    program     static /home/jacques/github/breakout_1572/breakout_1572.X/breakout1572.asm
                _ISR_008C   0x00008c    program     static /home/jacques/github/breakout_1572/breakout_1572.X/breakout1572.asm
                _ISR_00E8   0x0000e8    program     static /home/jacques/github/breakout_1572/breakout_1572.X/breakout1572.asm
                _ISR_00EC   0x0000ec    program     static /home/jacques/github/breakout_1572/breakout_1572.X/breakout1572.asm
                _ISR_00ED   0x0000ed    program     static /home/jacques/github/breakout_1572/breakout_1572.X/breakout1572.asm
                _ISR_00F1   0x0000f1    program     static /home/jacques/github/breakout_1572/breakout_1572.X/breakout1572.asm
                _ISR_0110   0x000110    program     static /home/jacques/github/breakout_1572/breakout_1572.X/breakout1572.asm
                _ISR_0111   0x000111    program     static /home/jacques/github/breakout_1572/breakout_1572.X/breakout1572.asm
                _ISR_0119   0x000119    program     static /home/jacques/github/breakout_1572/breakout_1572.X/breakout1572.asm
                _ISR_011F   0x00011f    program     static /home/jacques/github/breakout_1572/breakout_1572.X/breakout1572.asm
                _ISR_0120   0x000120    program     static /home/jacques/github/breakout_1572/breakout_1572.X/breakout1572.asm
                _ISR_013B   0x00013b    program     static /home/jacques/github/breakout_1572/breakout_1572.X/breakout1572.asm
                _ISR_013E   0x00013e    program     static /home/jacques/github/breakout_1572/breakout_1572.X/breakout1572.asm
                _ISR_013F   0x00013f    program     static /home/jacques/github/breakout_1572/breakout_1572.X/breakout1572.asm
                _ISR_0145   0x000145    program     static /home/jacques/github/breakout_1572/breakout_1572.X/breakout1572.asm
                _ISR_014C   0x00014c    program     static /home/jacques/github/breakout_1572/breakout_1572.X/breakout1572.asm
                _ISR_0153   0x000153    program     static /home/jacques/github/breakout_1572/breakout_1572.X/breakout1572.asm
                _ISR_0160   0x000160    program     static /home/jacques/github/breakout_1572/breakout_1572.X/breakout1572.asm
                _ISR_0165   0x000165    program     static /home/jacques/github/breakout_1572/breakout_1572.X/breakout1572.asm
                _ISR_0169   0x000169    program     static /home/jacques/github/breakout_1572/breakout_1572.X/breakout1572.asm
                _ISR_016D   0x00016d    program     static /home/jacques/github/breakout_1572/breakout_1572.X/breakout1572.asm
                _ISR_016E   0x00016e    program     static /home/jacques/github/breakout_1572/breakout_1572.X/breakout1572.asm
                _ISR_0173   0x000173    program     static /home/jacques/github/breakout_1572/breakout_1572.X/breakout1572.asm
                _ISR_0177   0x000177    program     static /home/jacques/github/breakout_1572/breakout_1572.X/breakout1572.asm
                _ISR_017D   0x00017d    program     static /home/jacques/github/breakout_1572/breakout_1572.X/breakout1572.asm
                _ISR_0181   0x000181    program     static /home/jacques/github/breakout_1572/breakout_1572.X/breakout1572.asm
                _ISR_0185   0x000185    program     static /home/jacques/github/breakout_1572/breakout_1572.X/breakout1572.asm
                _ISR_018A   0x00018a    program     static /home/jacques/github/breakout_1572/breakout_1572.X/breakout1572.asm
                _ISR_0190   0x000190    program     static /home/jacques/github/breakout_1572/breakout_1572.X/breakout1572.asm
                _ISR_0194   0x000194    program     static /home/jacques/github/breakout_1572/breakout_1572.X/breakout1572.asm
                _ISR_0199   0x000199    program     static /home/jacques/github/breakout_1572/breakout_1572.X/breakout1572.asm
                _ISR_019E   0x00019e    program     static /home/jacques/github/breakout_1572/breakout_1572.X/breakout1572.asm
                _ISR_01BB   0x0001bb    program     static /home/jacques/github/breakout_1572/breakout_1572.X/breakout1572.asm
                _ISR_01CA   0x0001ca    program     static /home/jacques/github/breakout_1572/breakout_1572.X/breakout1572.asm
                _ISR_01CB   0x0001cb    program     static /home/jacques/github/breakout_1572/breakout_1572.X/breakout1572.asm
                _ISR_01D3   0x0001d3    program     static /home/jacques/github/breakout_1572/breakout_1572.X/breakout1572.asm
                _ISR_01E5   0x0001e5    program     static /home/jacques/github/breakout_1572/breakout_1572.X/breakout1572.asm
                _ISR_01F4   0x0001f4    program     static /home/jacques/github/breakout_1572/breakout_1572.X/breakout1572.asm
                _ISR_01F5   0x0001f5    program     static /home/jacques/github/breakout_1572/breakout_1572.X/breakout1572.asm
                _ISR_01FD   0x0001fd    program     static /home/jacques/github/breakout_1572/breakout_1572.X/breakout1572.asm
                _ISR_020F   0x00020f    program     static /home/jacques/github/breakout_1572/breakout_1572.X/breakout1572.asm
                _ISR_021E   0x00021e    program     static /home/jacques/github/breakout_1572/breakout_1572.X/breakout1572.asm
                _ISR_021F   0x00021f    program     static /home/jacques/github/breakout_1572/breakout_1572.X/breakout1572.asm
                _ISR_0227   0x000227    program     static /home/jacques/github/breakout_1572/breakout_1572.X/breakout1572.asm
                _ISR_0239   0x000239    program     static /home/jacques/github/breakout_1572/breakout_1572.X/breakout1572.asm
                _ISR_0248   0x000248    program     static /home/jacques/github/breakout_1572/breakout_1572.X/breakout1572.asm
                _ISR_0249   0x000249    program     static /home/jacques/github/breakout_1572/breakout_1572.X/breakout1572.asm
                _ISR_0251   0x000251    program     static /home/jacques/github/breakout_1572/breakout_1572.X/breakout1572.asm
                _ISR_0261   0x000261    program     static /home/jacques/github/breakout_1572/breakout_1572.X/breakout1572.asm
                _ISR_0271   0x000271    program     static /home/jacques/github/breakout_1572/breakout_1572.X/breakout1572.asm
                _ISR_0272   0x000272    program     static /home/jacques/github/breakout_1572/breakout_1572.X/breakout1572.asm
                _ISR_027A   0x00027a    program     static /home/jacques/github/breakout_1572/breakout_1572.X/breakout1572.asm
                _ISR_0289   0x000289    program     static /home/jacques/github/breakout_1572/breakout_1572.X/breakout1572.asm
                _ISR_028C   0x00028c    program     static /home/jacques/github/breakout_1572/breakout_1572.X/breakout1572.asm
                _ISR_028D   0x00028d    program     static /home/jacques/github/breakout_1572/breakout_1572.X/breakout1572.asm
                _ISR_029C   0x00029c    program     static /home/jacques/github/breakout_1572/breakout_1572.X/breakout1572.asm
                _ISR_029D   0x00029d    program     static /home/jacques/github/breakout_1572/breakout_1572.X/breakout1572.asm
                _ISR_02A0   0x0002a0    program     static /home/jacques/github/breakout_1572/breakout_1572.X/breakout1572.asm
                _ISR_02A2   0x0002a2    program     static /home/jacques/github/breakout_1572/breakout_1572.X/breakout1572.asm
                _ISR_02A7   0x0002a7    program     static /home/jacques/github/breakout_1572/breakout_1572.X/breakout1572.asm
                _ISR_02A8   0x0002a8    program     static /home/jacques/github/breakout_1572/breakout_1572.X/breakout1572.asm
                _ISR_0305   0x000305    program     static /home/jacques/github/breakout_1572/breakout_1572.X/breakout1572.asm
          _MAIN_PROG_0006   0x00030f    program     static /home/jacques/github/breakout_1572/breakout_1572.X/breakout1572.asm
          _MAIN_PROG_000D   0x000316    program     static /home/jacques/github/breakout_1572/breakout_1572.X/breakout1572.asm
          _MAIN_PROG_005C   0x000365    program     static /home/jacques/github/breakout_1572/breakout_1572.X/breakout1572.asm
          _MAIN_PROG_0064   0x00036d    program     static /home/jacques/github/breakout_1572/breakout_1572.X/breakout1572.asm
             ball_at_left   0x00017b    program     static /home/jacques/github/breakout_1572/breakout_1572.X/breakout1572.asm
            ball_at_right   0x00018e    program     static /home/jacques/github/breakout_1572/breakout_1572.X/breakout1572.asm
           ball_in_middle   0x00015e    program     static /home/jacques/github/breakout_1572/breakout_1572.X/breakout1572.asm
                  bcd_add   0x0002d3    program     static /home/jacques/github/breakout_1572/breakout_1572.X/breakout1572.asm
             bottom_bound   0x0000b7    program     static /home/jacques/github/breakout_1572/breakout_1572.X/breakout1572.asm
                collision   0x0000c0    program     static /home/jacques/github/breakout_1572/breakout_1572.X/breakout1572.asm
           collision_exit   0x0000c0    program     static /home/jacques/github/breakout_1572/breakout_1572.X/breakout1572.asm
             digit_offset   0x0002f0    program     static /home/jacques/github/breakout_1572/breakout_1572.X/breakout1572.asm
                digit_row   0x000101    program     static /home/jacques/github/breakout_1572/breakout_1572.X/breakout1572.asm
                   digits   0x00036e    program     static /home/jacques/github/breakout_1572/breakout_1572.X/breakout1572.asm
               draw_empty   0x000287    program     static /home/jacques/github/breakout_1572/breakout_1572.X/breakout1572.asm
              draw_paddle   0x00029a    program     static /home/jacques/github/breakout_1572/breakout_1572.X/breakout1572.asm
                draw_row1   0x0001b4    program     static /home/jacques/github/breakout_1572/breakout_1572.X/breakout1572.asm
                draw_row2   0x0001de    program     static /home/jacques/github/breakout_1572/breakout_1572.X/breakout1572.asm
                draw_row3   0x000208    program     static /home/jacques/github/breakout_1572/breakout_1572.X/breakout1572.asm
                draw_row4   0x000232    program     static /home/jacques/github/breakout_1572/breakout_1572.X/breakout1572.asm
                draw_row5   0x00025c    program     static /home/jacques/github/breakout_1572/breakout_1572.X/breakout1572.asm
               draw_score   0x0000cb    program     static /home/jacques/github/breakout_1572/breakout_1572.X/breakout1572.asm
            draw_top_wall   0x000114    program     static /home/jacques/github/breakout_1572/breakout_1572.X/breakout1572.asm
                draw_void   0x00012d    program     static /home/jacques/github/breakout_1572/breakout_1572.X/breakout1572.asm
           draw_void_exit   0x0001a0    program     static /home/jacques/github/breakout_1572/breakout_1572.X/breakout1572.asm
                   eeprom   0x000780    program     static /home/jacques/github/breakout_1572/breakout_1572.X/breakout1572.asm
               even_field   0x0002c1    program     static /home/jacques/github/breakout_1572/breakout_1572.X/breakout1572.asm
                field_end   0x0002cb    program     static /home/jacques/github/breakout_1572/breakout_1572.X/breakout1572.asm
                  hi_line   0x0002ba    program     static /home/jacques/github/breakout_1572/breakout_1572.X/breakout1572.asm
                      ibw   0x0002fd    program     static /home/jacques/github/breakout_1572/breakout_1572.X/breakout1572.asm
                inc_score   0x0002de    program     static /home/jacques/github/breakout_1572/breakout_1572.X/breakout1572.asm
          init_brick_wall   0x0002f6    program     static /home/jacques/github/breakout_1572/breakout_1572.X/breakout1572.asm
                      isr   0x000004    program     static /home/jacques/github/breakout_1572/breakout_1572.X/breakout1572.asm
                 isr_exit   0x00002a    program     static /home/jacques/github/breakout_1572/breakout_1572.X/breakout1572.asm
                max_score   0x000780    program     static /home/jacques/github/breakout_1572/breakout_1572.X/breakout1572.asm
                move_ball   0x00009e    program     static /home/jacques/github/breakout_1572/breakout_1572.X/breakout1572.asm
           move_ball_exit   0x0000bd    program     static /home/jacques/github/breakout_1572/breakout_1572.X/breakout1572.asm
                   move_y   0x0000ae    program     static /home/jacques/github/breakout_1572/breakout_1572.X/breakout1572.asm
                  no_ball   0x00013c    program     static /home/jacques/github/breakout_1572/breakout_1572.X/breakout1572.asm
              no_ball_dly   0x000139    program     static /home/jacques/github/breakout_1572/breakout_1572.X/breakout1572.asm
             no_wall_draw   0x0001aa    program     static /home/jacques/github/breakout_1572/breakout_1572.X/breakout1572.asm
                post_last   0x000065    program     static /home/jacques/github/breakout_1572/breakout_1572.X/breakout1572.asm
               post_vsync   0x00005c    program     static /home/jacques/github/breakout_1572/breakout_1572.X/breakout1572.asm
                pre_vsync   0x00002f    program     static /home/jacques/github/breakout_1572/breakout_1572.X/breakout1572.asm
              read_paddle   0x00007f    program     static /home/jacques/github/breakout_1572/breakout_1572.X/breakout1572.asm
              right_bound   0x0000a8    program     static /home/jacques/github/breakout_1572/breakout_1572.X/breakout1572.asm
                row3_exit   0x000228    program     static /home/jacques/github/breakout_1572/breakout_1572.X/breakout1572.asm
               score_exit   0x0000f7    program     static /home/jacques/github/breakout_1572/breakout_1572.X/breakout1572.asm
              set_presync   0x00003c    program     static /home/jacques/github/breakout_1572/breakout_1572.X/breakout1572.asm
                set_vsync   0x000054    program     static /home/jacques/github/breakout_1572/breakout_1572.X/breakout1572.asm
                    sound   0x000092    program     static /home/jacques/github/breakout_1572/breakout_1572.X/breakout1572.asm
                  t0delay   0x000301    program     static /home/jacques/github/breakout_1572/breakout_1572.X/breakout1572.asm
              task_switch   0x000012    program     static /home/jacques/github/breakout_1572/breakout_1572.X/breakout1572.asm
                test_loop   0x000360    program     static /home/jacques/github/breakout_1572/breakout_1572.X/breakout1572.asm
            top_wall_exit   0x000123    program     static /home/jacques/github/breakout_1572/breakout_1572.X/breakout1572.asm
               user_input   0x000077    program     static /home/jacques/github/breakout_1572/breakout_1572.X/breakout1572.asm
              video_first   0x0000c3    program     static /home/jacques/github/breakout_1572/breakout_1572.X/breakout1572.asm
                    vsync   0x000047    program     static /home/jacques/github/breakout_1572/breakout_1572.X/breakout1572.asm
                vsync_end   0x000069    program     static /home/jacques/github/breakout_1572/breakout_1572.X/breakout1572.asm
           wait_field_end   0x0002b4    program     static /home/jacques/github/breakout_1572/breakout_1572.X/breakout1572.asm
                 yes_ball   0x000157    program     static /home/jacques/github/breakout_1572/breakout_1572.X/breakout1572.asm
                  ball_dx   0x000079       data     static /home/jacques/github/breakout_1572/breakout_1572.X/breakout1572.asm
                  ball_dy   0x00007a       data     static /home/jacques/github/breakout_1572/breakout_1572.X/breakout1572.asm
               ball_speed   0x00007b       data     static /home/jacques/github/breakout_1572/breakout_1572.X/breakout1572.asm
               ball_timer   0x00007e       data     static /home/jacques/github/breakout_1572/breakout_1572.X/breakout1572.asm
                   ball_x   0x000077       data     static /home/jacques/github/breakout_1572/breakout_1572.X/breakout1572.asm
                   ball_y   0x000078       data     static /home/jacques/github/breakout_1572/breakout_1572.X/breakout1572.asm
                    balls   0x0000a8       data     static /home/jacques/github/breakout_1572/breakout_1572.X/breakout1572.asm
                       d1   0x0000a5       data     static /home/jacques/github/breakout_1572/breakout_1572.X/breakout1572.asm
                       d2   0x0000a6       data     static /home/jacques/github/breakout_1572/breakout_1572.X/breakout1572.asm
                       d3   0x0000a7       data     static /home/jacques/github/breakout_1572/breakout_1572.X/breakout1572.asm
                    flags   0x000070       data     static /home/jacques/github/breakout_1572/breakout_1572.X/breakout1572.asm
                   lcount   0x000071       data     static /home/jacques/github/breakout_1572/breakout_1572.X/breakout1572.asm
               paddle_pos   0x000076       data     static /home/jacques/github/breakout_1572/breakout_1572.X/breakout1572.asm
                     row1   0x0000a0       data     static /home/jacques/github/breakout_1572/breakout_1572.X/breakout1572.asm
                     row2   0x0000a1       data     static /home/jacques/github/breakout_1572/breakout_1572.X/breakout1572.asm
                     row3   0x0000a2       data     static /home/jacques/github/breakout_1572/breakout_1572.X/breakout1572.asm
                     row4   0x0000a3       data     static /home/jacques/github/breakout_1572/breakout_1572.X/breakout1572.asm
                     row5   0x0000a4       data     static /home/jacques/github/breakout_1572/breakout_1572.X/breakout1572.asm
                    score   0x00007c       data     static /home/jacques/github/breakout_1572/breakout_1572.X/breakout1572.asm
                    slice   0x000072       data     static /home/jacques/github/breakout_1572/breakout_1572.X/breakout1572.asm
              sound_timer   0x0000a9       data     static /home/jacques/github/breakout_1572/breakout_1572.X/breakout1572.asm
                    stack   0x000020       data     static /home/jacques/github/breakout_1572/breakout_1572.X/breakout1572.asm
                     task   0x000073       data     static /home/jacques/github/breakout_1572/breakout_1572.X/breakout1572.asm
                     temp   0x000074       data     static /home/jacques/github/breakout_1572/breakout_1572.X/breakout1572.asm



                              Symbols - Sorted by Address
                     Name    Address   Location    Storage File                     
                ---------  ---------  ---------  --------- ---------                
                      isr   0x000004    program     static /home/jacques/github/breakout_1572/breakout_1572.X/breakout1572.asm
                _ISR_0008   0x000008    program     static /home/jacques/github/breakout_1572/breakout_1572.X/breakout1572.asm
                _ISR_000D   0x00000d    program     static /home/jacques/github/breakout_1572/breakout_1572.X/breakout1572.asm
              task_switch   0x000012    program     static /home/jacques/github/breakout_1572/breakout_1572.X/breakout1572.asm
                 isr_exit   0x00002a    program     static /home/jacques/github/breakout_1572/breakout_1572.X/breakout1572.asm
                pre_vsync   0x00002f    program     static /home/jacques/github/breakout_1572/breakout_1572.X/breakout1572.asm
              set_presync   0x00003c    program     static /home/jacques/github/breakout_1572/breakout_1572.X/breakout1572.asm
                    vsync   0x000047    program     static /home/jacques/github/breakout_1572/breakout_1572.X/breakout1572.asm
                set_vsync   0x000054    program     static /home/jacques/github/breakout_1572/breakout_1572.X/breakout1572.asm
               post_vsync   0x00005c    program     static /home/jacques/github/breakout_1572/breakout_1572.X/breakout1572.asm
                post_last   0x000065    program     static /home/jacques/github/breakout_1572/breakout_1572.X/breakout1572.asm
                vsync_end   0x000069    program     static /home/jacques/github/breakout_1572/breakout_1572.X/breakout1572.asm
               user_input   0x000077    program     static /home/jacques/github/breakout_1572/breakout_1572.X/breakout1572.asm
              read_paddle   0x00007f    program     static /home/jacques/github/breakout_1572/breakout_1572.X/breakout1572.asm
                _ISR_0085   0x000085    program     static /home/jacques/github/breakout_1572/breakout_1572.X/breakout1572.asm
                _ISR_008C   0x00008c    program     static /home/jacques/github/breakout_1572/breakout_1572.X/breakout1572.asm
                    sound   0x000092    program     static /home/jacques/github/breakout_1572/breakout_1572.X/breakout1572.asm
                move_ball   0x00009e    program     static /home/jacques/github/breakout_1572/breakout_1572.X/breakout1572.asm
              right_bound   0x0000a8    program     static /home/jacques/github/breakout_1572/breakout_1572.X/breakout1572.asm
                   move_y   0x0000ae    program     static /home/jacques/github/breakout_1572/breakout_1572.X/breakout1572.asm
             bottom_bound   0x0000b7    program     static /home/jacques/github/breakout_1572/breakout_1572.X/breakout1572.asm
           move_ball_exit   0x0000bd    program     static /home/jacques/github/breakout_1572/breakout_1572.X/breakout1572.asm
                collision   0x0000c0    program     static /home/jacques/github/breakout_1572/breakout_1572.X/breakout1572.asm
           collision_exit   0x0000c0    program     static /home/jacques/github/breakout_1572/breakout_1572.X/breakout1572.asm
              video_first   0x0000c3    program     static /home/jacques/github/breakout_1572/breakout_1572.X/breakout1572.asm
               draw_score   0x0000cb    program     static /home/jacques/github/breakout_1572/breakout_1572.X/breakout1572.asm
                _ISR_00E8   0x0000e8    program     static /home/jacques/github/breakout_1572/breakout_1572.X/breakout1572.asm
                _ISR_00EC   0x0000ec    program     static /home/jacques/github/breakout_1572/breakout_1572.X/breakout1572.asm
                _ISR_00ED   0x0000ed    program     static /home/jacques/github/breakout_1572/breakout_1572.X/breakout1572.asm
                _ISR_00F1   0x0000f1    program     static /home/jacques/github/breakout_1572/breakout_1572.X/breakout1572.asm
               score_exit   0x0000f7    program     static /home/jacques/github/breakout_1572/breakout_1572.X/breakout1572.asm
                digit_row   0x000101    program     static /home/jacques/github/breakout_1572/breakout_1572.X/breakout1572.asm
                _ISR_0110   0x000110    program     static /home/jacques/github/breakout_1572/breakout_1572.X/breakout1572.asm
                _ISR_0111   0x000111    program     static /home/jacques/github/breakout_1572/breakout_1572.X/breakout1572.asm
            draw_top_wall   0x000114    program     static /home/jacques/github/breakout_1572/breakout_1572.X/breakout1572.asm
                _ISR_0119   0x000119    program     static /home/jacques/github/breakout_1572/breakout_1572.X/breakout1572.asm
                _ISR_011F   0x00011f    program     static /home/jacques/github/breakout_1572/breakout_1572.X/breakout1572.asm
                _ISR_0120   0x000120    program     static /home/jacques/github/breakout_1572/breakout_1572.X/breakout1572.asm
            top_wall_exit   0x000123    program     static /home/jacques/github/breakout_1572/breakout_1572.X/breakout1572.asm
                draw_void   0x00012d    program     static /home/jacques/github/breakout_1572/breakout_1572.X/breakout1572.asm
              no_ball_dly   0x000139    program     static /home/jacques/github/breakout_1572/breakout_1572.X/breakout1572.asm
                _ISR_013B   0x00013b    program     static /home/jacques/github/breakout_1572/breakout_1572.X/breakout1572.asm
                  no_ball   0x00013c    program     static /home/jacques/github/breakout_1572/breakout_1572.X/breakout1572.asm
                _ISR_013E   0x00013e    program     static /home/jacques/github/breakout_1572/breakout_1572.X/breakout1572.asm
                _ISR_013F   0x00013f    program     static /home/jacques/github/breakout_1572/breakout_1572.X/breakout1572.asm
                _ISR_0145   0x000145    program     static /home/jacques/github/breakout_1572/breakout_1572.X/breakout1572.asm
                _ISR_014C   0x00014c    program     static /home/jacques/github/breakout_1572/breakout_1572.X/breakout1572.asm
                _ISR_0153   0x000153    program     static /home/jacques/github/breakout_1572/breakout_1572.X/breakout1572.asm
                 yes_ball   0x000157    program     static /home/jacques/github/breakout_1572/breakout_1572.X/breakout1572.asm
           ball_in_middle   0x00015e    program     static /home/jacques/github/breakout_1572/breakout_1572.X/breakout1572.asm
                _ISR_0160   0x000160    program     static /home/jacques/github/breakout_1572/breakout_1572.X/breakout1572.asm
                _ISR_0165   0x000165    program     static /home/jacques/github/breakout_1572/breakout_1572.X/breakout1572.asm
                _ISR_0169   0x000169    program     static /home/jacques/github/breakout_1572/breakout_1572.X/breakout1572.asm
                _ISR_016D   0x00016d    program     static /home/jacques/github/breakout_1572/breakout_1572.X/breakout1572.asm
                _ISR_016E   0x00016e    program     static /home/jacques/github/breakout_1572/breakout_1572.X/breakout1572.asm
                _ISR_0173   0x000173    program     static /home/jacques/github/breakout_1572/breakout_1572.X/breakout1572.asm
                _ISR_0177   0x000177    program     static /home/jacques/github/breakout_1572/breakout_1572.X/breakout1572.asm
             ball_at_left   0x00017b    program     static /home/jacques/github/breakout_1572/breakout_1572.X/breakout1572.asm
                _ISR_017D   0x00017d    program     static /home/jacques/github/breakout_1572/breakout_1572.X/breakout1572.asm
                _ISR_0181   0x000181    program     static /home/jacques/github/breakout_1572/breakout_1572.X/breakout1572.asm
                _ISR_0185   0x000185    program     static /home/jacques/github/breakout_1572/breakout_1572.X/breakout1572.asm
                _ISR_018A   0x00018a    program     static /home/jacques/github/breakout_1572/breakout_1572.X/breakout1572.asm
            ball_at_right   0x00018e    program     static /home/jacques/github/breakout_1572/breakout_1572.X/breakout1572.asm
                _ISR_0190   0x000190    program     static /home/jacques/github/breakout_1572/breakout_1572.X/breakout1572.asm
                _ISR_0194   0x000194    program     static /home/jacques/github/breakout_1572/breakout_1572.X/breakout1572.asm
                _ISR_0199   0x000199    program     static /home/jacques/github/breakout_1572/breakout_1572.X/breakout1572.asm
                _ISR_019E   0x00019e    program     static /home/jacques/github/breakout_1572/breakout_1572.X/breakout1572.asm
           draw_void_exit   0x0001a0    program     static /home/jacques/github/breakout_1572/breakout_1572.X/breakout1572.asm
             no_wall_draw   0x0001aa    program     static /home/jacques/github/breakout_1572/breakout_1572.X/breakout1572.asm
                draw_row1   0x0001b4    program     static /home/jacques/github/breakout_1572/breakout_1572.X/breakout1572.asm
                _ISR_01BB   0x0001bb    program     static /home/jacques/github/breakout_1572/breakout_1572.X/breakout1572.asm
            _66next_brick   0x0001be    program     static /home/jacques/github/breakout_1572/breakout_1572.X/breakout1572.asm
              _68no_brick   0x0001c4    program     static /home/jacques/github/breakout_1572/breakout_1572.X/breakout1572.asm
           _68brick_delay   0x0001c8    program     static /home/jacques/github/breakout_1572/breakout_1572.X/breakout1572.asm
                _ISR_01CA   0x0001ca    program     static /home/jacques/github/breakout_1572/breakout_1572.X/breakout1572.asm
                _ISR_01CB   0x0001cb    program     static /home/jacques/github/breakout_1572/breakout_1572.X/breakout1572.asm
                _ISR_01D3   0x0001d3    program     static /home/jacques/github/breakout_1572/breakout_1572.X/breakout1572.asm
                draw_row2   0x0001de    program     static /home/jacques/github/breakout_1572/breakout_1572.X/breakout1572.asm
                _ISR_01E5   0x0001e5    program     static /home/jacques/github/breakout_1572/breakout_1572.X/breakout1572.asm
            _80next_brick   0x0001e8    program     static /home/jacques/github/breakout_1572/breakout_1572.X/breakout1572.asm
              _82no_brick   0x0001ee    program     static /home/jacques/github/breakout_1572/breakout_1572.X/breakout1572.asm
           _82brick_delay   0x0001f2    program     static /home/jacques/github/breakout_1572/breakout_1572.X/breakout1572.asm
                _ISR_01F4   0x0001f4    program     static /home/jacques/github/breakout_1572/breakout_1572.X/breakout1572.asm
                _ISR_01F5   0x0001f5    program     static /home/jacques/github/breakout_1572/breakout_1572.X/breakout1572.asm
                _ISR_01FD   0x0001fd    program     static /home/jacques/github/breakout_1572/breakout_1572.X/breakout1572.asm
                draw_row3   0x000208    program     static /home/jacques/github/breakout_1572/breakout_1572.X/breakout1572.asm
                _ISR_020F   0x00020f    program     static /home/jacques/github/breakout_1572/breakout_1572.X/breakout1572.asm
            _94next_brick   0x000212    program     static /home/jacques/github/breakout_1572/breakout_1572.X/breakout1572.asm
              _96no_brick   0x000218    program     static /home/jacques/github/breakout_1572/breakout_1572.X/breakout1572.asm
           _96brick_delay   0x00021c    program     static /home/jacques/github/breakout_1572/breakout_1572.X/breakout1572.asm
                _ISR_021E   0x00021e    program     static /home/jacques/github/breakout_1572/breakout_1572.X/breakout1572.asm
                _ISR_021F   0x00021f    program     static /home/jacques/github/breakout_1572/breakout_1572.X/breakout1572.asm
                _ISR_0227   0x000227    program     static /home/jacques/github/breakout_1572/breakout_1572.X/breakout1572.asm
                row3_exit   0x000228    program     static /home/jacques/github/breakout_1572/breakout_1572.X/breakout1572.asm
                draw_row4   0x000232    program     static /home/jacques/github/breakout_1572/breakout_1572.X/breakout1572.asm
                _ISR_0239   0x000239    program     static /home/jacques/github/breakout_1572/breakout_1572.X/breakout1572.asm
           _108next_brick   0x00023c    program     static /home/jacques/github/breakout_1572/breakout_1572.X/breakout1572.asm
             _110no_brick   0x000242    program     static /home/jacques/github/breakout_1572/breakout_1572.X/breakout1572.asm
          _110brick_delay   0x000246    program     static /home/jacques/github/breakout_1572/breakout_1572.X/breakout1572.asm
                _ISR_0248   0x000248    program     static /home/jacques/github/breakout_1572/breakout_1572.X/breakout1572.asm
                _ISR_0249   0x000249    program     static /home/jacques/github/breakout_1572/breakout_1572.X/breakout1572.asm
                _ISR_0251   0x000251    program     static /home/jacques/github/breakout_1572/breakout_1572.X/breakout1572.asm
                draw_row5   0x00025c    program     static /home/jacques/github/breakout_1572/breakout_1572.X/breakout1572.asm
                _ISR_0261   0x000261    program     static /home/jacques/github/breakout_1572/breakout_1572.X/breakout1572.asm
           _121next_brick   0x000265    program     static /home/jacques/github/breakout_1572/breakout_1572.X/breakout1572.asm
             _123no_brick   0x00026b    program     static /home/jacques/github/breakout_1572/breakout_1572.X/breakout1572.asm
          _123brick_delay   0x00026f    program     static /home/jacques/github/breakout_1572/breakout_1572.X/breakout1572.asm
                _ISR_0271   0x000271    program     static /home/jacques/github/breakout_1572/breakout_1572.X/breakout1572.asm
                _ISR_0272   0x000272    program     static /home/jacques/github/breakout_1572/breakout_1572.X/breakout1572.asm
                _ISR_027A   0x00027a    program     static /home/jacques/github/breakout_1572/breakout_1572.X/breakout1572.asm
               draw_empty   0x000287    program     static /home/jacques/github/breakout_1572/breakout_1572.X/breakout1572.asm
                _ISR_0289   0x000289    program     static /home/jacques/github/breakout_1572/breakout_1572.X/breakout1572.asm
                _ISR_028C   0x00028c    program     static /home/jacques/github/breakout_1572/breakout_1572.X/breakout1572.asm
                _ISR_028D   0x00028d    program     static /home/jacques/github/breakout_1572/breakout_1572.X/breakout1572.asm
              draw_paddle   0x00029a    program     static /home/jacques/github/breakout_1572/breakout_1572.X/breakout1572.asm
                _ISR_029C   0x00029c    program     static /home/jacques/github/breakout_1572/breakout_1572.X/breakout1572.asm
                _ISR_029D   0x00029d    program     static /home/jacques/github/breakout_1572/breakout_1572.X/breakout1572.asm
                _ISR_02A0   0x0002a0    program     static /home/jacques/github/breakout_1572/breakout_1572.X/breakout1572.asm
                _ISR_02A2   0x0002a2    program     static /home/jacques/github/breakout_1572/breakout_1572.X/breakout1572.asm
                _ISR_02A7   0x0002a7    program     static /home/jacques/github/breakout_1572/breakout_1572.X/breakout1572.asm
                _ISR_02A8   0x0002a8    program     static /home/jacques/github/breakout_1572/breakout_1572.X/breakout1572.asm
           wait_field_end   0x0002b4    program     static /home/jacques/github/breakout_1572/breakout_1572.X/breakout1572.asm
                  hi_line   0x0002ba    program     static /home/jacques/github/breakout_1572/breakout_1572.X/breakout1572.asm
               even_field   0x0002c1    program     static /home/jacques/github/breakout_1572/breakout_1572.X/breakout1572.asm
                field_end   0x0002cb    program     static /home/jacques/github/breakout_1572/breakout_1572.X/breakout1572.asm
                  bcd_add   0x0002d3    program     static /home/jacques/github/breakout_1572/breakout_1572.X/breakout1572.asm
                inc_score   0x0002de    program     static /home/jacques/github/breakout_1572/breakout_1572.X/breakout1572.asm
             digit_offset   0x0002f0    program     static /home/jacques/github/breakout_1572/breakout_1572.X/breakout1572.asm
          init_brick_wall   0x0002f6    program     static /home/jacques/github/breakout_1572/breakout_1572.X/breakout1572.asm
                      ibw   0x0002fd    program     static /home/jacques/github/breakout_1572/breakout_1572.X/breakout1572.asm
                  t0delay   0x000301    program     static /home/jacques/github/breakout_1572/breakout_1572.X/breakout1572.asm
                _ISR_0305   0x000305    program     static /home/jacques/github/breakout_1572/breakout_1572.X/breakout1572.asm
                    START   0x000309    program     static /home/jacques/github/breakout_1572/breakout_1572.X/breakout1572.asm
          _MAIN_PROG_0006   0x00030f    program     static /home/jacques/github/breakout_1572/breakout_1572.X/breakout1572.asm
          _MAIN_PROG_000D   0x000316    program     static /home/jacques/github/breakout_1572/breakout_1572.X/breakout1572.asm
                test_loop   0x000360    program     static /home/jacques/github/breakout_1572/breakout_1572.X/breakout1572.asm
          _MAIN_PROG_005C   0x000365    program     static /home/jacques/github/breakout_1572/breakout_1572.X/breakout1572.asm
          _MAIN_PROG_0064   0x00036d    program     static /home/jacques/github/breakout_1572/breakout_1572.X/breakout1572.asm
                   digits   0x00036e    program     static /home/jacques/github/breakout_1572/breakout_1572.X/breakout1572.asm
                   eeprom   0x000780    program     static /home/jacques/github/breakout_1572/breakout_1572.X/breakout1572.asm
                max_score   0x000780    program     static /home/jacques/github/breakout_1572/breakout_1572.X/breakout1572.asm
                    stack   0x000020       data     static /home/jacques/github/breakout_1572/breakout_1572.X/breakout1572.asm
                    flags   0x000070       data     static /home/jacques/github/breakout_1572/breakout_1572.X/breakout1572.asm
                   lcount   0x000071       data     static /home/jacques/github/breakout_1572/breakout_1572.X/breakout1572.asm
                    slice   0x000072       data     static /home/jacques/github/breakout_1572/breakout_1572.X/breakout1572.asm
                     task   0x000073       data     static /home/jacques/github/breakout_1572/breakout_1572.X/breakout1572.asm
                     temp   0x000074       data     static /home/jacques/github/breakout_1572/breakout_1572.X/breakout1572.asm
               paddle_pos   0x000076       data     static /home/jacques/github/breakout_1572/breakout_1572.X/breakout1572.asm
                   ball_x   0x000077       data     static /home/jacques/github/breakout_1572/breakout_1572.X/breakout1572.asm
                   ball_y   0x000078       data     static /home/jacques/github/breakout_1572/breakout_1572.X/breakout1572.asm
                  ball_dx   0x000079       data     static /home/jacques/github/breakout_1572/breakout_1572.X/breakout1572.asm
                  ball_dy   0x00007a       data     static /home/jacques/github/breakout_1572/breakout_1572.X/breakout1572.asm
               ball_speed   0x00007b       data     static /home/jacques/github/breakout_1572/breakout_1572.X/breakout1572.asm
                    score   0x00007c       data     static /home/jacques/github/breakout_1572/breakout_1572.X/breakout1572.asm
               ball_timer   0x00007e       data     static /home/jacques/github/breakout_1572/breakout_1572.X/breakout1572.asm
                     row1   0x0000a0       data     static /home/jacques/github/breakout_1572/breakout_1572.X/breakout1572.asm
                     row2   0x0000a1       data     static /home/jacques/github/breakout_1572/breakout_1572.X/breakout1572.asm
                     row3   0x0000a2       data     static /home/jacques/github/breakout_1572/breakout_1572.X/breakout1572.asm
                     row4   0x0000a3       data     static /home/jacques/github/breakout_1572/breakout_1572.X/breakout1572.asm
                     row5   0x0000a4       data     static /home/jacques/github/breakout_1572/breakout_1572.X/breakout1572.asm
                       d1   0x0000a5       data     static /home/jacques/github/breakout_1572/breakout_1572.X/breakout1572.asm
                       d2   0x0000a6       data     static /home/jacques/github/breakout_1572/breakout_1572.X/breakout1572.asm
                       d3   0x0000a7       data     static /home/jacques/github/breakout_1572/breakout_1572.X/breakout1572.asm
                    balls   0x0000a8       data     static /home/jacques/github/breakout_1572/breakout_1572.X/breakout1572.asm
              sound_timer   0x0000a9       data     static /home/jacques/github/breakout_1572/breakout_1572.X/breakout1572.asm


