MPLINK 5.09, LINKER
Linker Map File - Created Sat Mar 16 18:34:42 2019

                                 Section Info
                  Section       Type    Address   Location Size(Bytes)
                ---------  ---------  ---------  ---------  ---------
                 RES_VECT       code   0x000000    program   0x000008
                      ISR       code   0x000004    program   0x000836
                   .cinit    romdata   0x00041f    program   0x000004
                MAIN_PROG       code   0x000421    program   0x000132
                   .org_0       code   0x000780    program   0x000000
.config_8007_BUILD/DEFAULT/DEBUG/BREAKOUT1572       code   0x008007    program   0x000002
.config_8008_BUILD/DEFAULT/DEBUG/BREAKOUT1572       code   0x008008    program   0x000002
                   .udata      udata   0x000020       data   0x000014
               .udata_shr      udata   0x000070       data   0x00000f
                  v_array      udata   0x0000a0       data   0x000012



                              Program Memory Usage 
                               Start         End      
                           ---------   ---------      
                            0x000000    0x0004b9      
                            0x008007    0x008008      
            1212 out of 2055 program addresses used, program memory utilization is 58%



                              Symbols - Sorted by Name
                     Name    Address   Location    Storage File                     
                ---------  ---------  ---------  --------- ---------                
                    START   0x000421    program     static /home/jacques/github/breakout_1572/breakout_1572.X/breakout1572.asm
                _ISR_0008   0x000008    program     static /home/jacques/github/breakout_1572/breakout_1572.X/breakout1572.asm
                _ISR_0010   0x000010    program     static /home/jacques/github/breakout_1572/breakout_1572.X/breakout1572.asm
                _ISR_00DC   0x0000dc    program     static /home/jacques/github/breakout_1572/breakout_1572.X/breakout1572.asm
                _ISR_00E1   0x0000e1    program     static /home/jacques/github/breakout_1572/breakout_1572.X/breakout1572.asm
                _ISR_00E8   0x0000e8    program     static /home/jacques/github/breakout_1572/breakout_1572.X/breakout1572.asm
                _ISR_0120   0x000120    program     static /home/jacques/github/breakout_1572/breakout_1572.X/breakout1572.asm
                _ISR_0127   0x000127    program     static /home/jacques/github/breakout_1572/breakout_1572.X/breakout1572.asm
                _ISR_012A   0x00012a    program     static /home/jacques/github/breakout_1572/breakout_1572.X/breakout1572.asm
                _ISR_0133   0x000133    program     static /home/jacques/github/breakout_1572/breakout_1572.X/breakout1572.asm
                _ISR_0160   0x000160    program     static /home/jacques/github/breakout_1572/breakout_1572.X/breakout1572.asm
                _ISR_01E2   0x0001e2    program     static /home/jacques/github/breakout_1572/breakout_1572.X/breakout1572.asm
                _ISR_01E6   0x0001e6    program     static /home/jacques/github/breakout_1572/breakout_1572.X/breakout1572.asm
                _ISR_01E7   0x0001e7    program     static /home/jacques/github/breakout_1572/breakout_1572.X/breakout1572.asm
                _ISR_01EB   0x0001eb    program     static /home/jacques/github/breakout_1572/breakout_1572.X/breakout1572.asm
                _ISR_020D   0x00020d    program     static /home/jacques/github/breakout_1572/breakout_1572.X/breakout1572.asm
                _ISR_0216   0x000216    program     static /home/jacques/github/breakout_1572/breakout_1572.X/breakout1572.asm
                _ISR_0217   0x000217    program     static /home/jacques/github/breakout_1572/breakout_1572.X/breakout1572.asm
                _ISR_021C   0x00021c    program     static /home/jacques/github/breakout_1572/breakout_1572.X/breakout1572.asm
                _ISR_0237   0x000237    program     static /home/jacques/github/breakout_1572/breakout_1572.X/breakout1572.asm
                _ISR_023A   0x00023a    program     static /home/jacques/github/breakout_1572/breakout_1572.X/breakout1572.asm
                _ISR_0240   0x000240    program     static /home/jacques/github/breakout_1572/breakout_1572.X/breakout1572.asm
                _ISR_0247   0x000247    program     static /home/jacques/github/breakout_1572/breakout_1572.X/breakout1572.asm
                _ISR_0248   0x000248    program     static /home/jacques/github/breakout_1572/breakout_1572.X/breakout1572.asm
                _ISR_024E   0x00024e    program     static /home/jacques/github/breakout_1572/breakout_1572.X/breakout1572.asm
                _ISR_0260   0x000260    program     static /home/jacques/github/breakout_1572/breakout_1572.X/breakout1572.asm
                _ISR_0264   0x000264    program     static /home/jacques/github/breakout_1572/breakout_1572.X/breakout1572.asm
                _ISR_0268   0x000268    program     static /home/jacques/github/breakout_1572/breakout_1572.X/breakout1572.asm
                _ISR_026C   0x00026c    program     static /home/jacques/github/breakout_1572/breakout_1572.X/breakout1572.asm
                _ISR_0272   0x000272    program     static /home/jacques/github/breakout_1572/breakout_1572.X/breakout1572.asm
                _ISR_0276   0x000276    program     static /home/jacques/github/breakout_1572/breakout_1572.X/breakout1572.asm
                _ISR_027C   0x00027c    program     static /home/jacques/github/breakout_1572/breakout_1572.X/breakout1572.asm
                _ISR_0281   0x000281    program     static /home/jacques/github/breakout_1572/breakout_1572.X/breakout1572.asm
                _ISR_0285   0x000285    program     static /home/jacques/github/breakout_1572/breakout_1572.X/breakout1572.asm
                _ISR_0286   0x000286    program     static /home/jacques/github/breakout_1572/breakout_1572.X/breakout1572.asm
                _ISR_028B   0x00028b    program     static /home/jacques/github/breakout_1572/breakout_1572.X/breakout1572.asm
                _ISR_0291   0x000291    program     static /home/jacques/github/breakout_1572/breakout_1572.X/breakout1572.asm
                _ISR_0296   0x000296    program     static /home/jacques/github/breakout_1572/breakout_1572.X/breakout1572.asm
                _ISR_029B   0x00029b    program     static /home/jacques/github/breakout_1572/breakout_1572.X/breakout1572.asm
                _ISR_029F   0x00029f    program     static /home/jacques/github/breakout_1572/breakout_1572.X/breakout1572.asm
                _ISR_02C1   0x0002c1    program     static /home/jacques/github/breakout_1572/breakout_1572.X/breakout1572.asm
                _ISR_02CE   0x0002ce    program     static /home/jacques/github/breakout_1572/breakout_1572.X/breakout1572.asm
                _ISR_02CF   0x0002cf    program     static /home/jacques/github/breakout_1572/breakout_1572.X/breakout1572.asm
                _ISR_02EA   0x0002ea    program     static /home/jacques/github/breakout_1572/breakout_1572.X/breakout1572.asm
                _ISR_02FE   0x0002fe    program     static /home/jacques/github/breakout_1572/breakout_1572.X/breakout1572.asm
                _ISR_02FF   0x0002ff    program     static /home/jacques/github/breakout_1572/breakout_1572.X/breakout1572.asm
                _ISR_0306   0x000306    program     static /home/jacques/github/breakout_1572/breakout_1572.X/breakout1572.asm
                _ISR_031A   0x00031a    program     static /home/jacques/github/breakout_1572/breakout_1572.X/breakout1572.asm
                _ISR_031B   0x00031b    program     static /home/jacques/github/breakout_1572/breakout_1572.X/breakout1572.asm
                _ISR_0322   0x000322    program     static /home/jacques/github/breakout_1572/breakout_1572.X/breakout1572.asm
                _ISR_0336   0x000336    program     static /home/jacques/github/breakout_1572/breakout_1572.X/breakout1572.asm
                _ISR_0337   0x000337    program     static /home/jacques/github/breakout_1572/breakout_1572.X/breakout1572.asm
                _ISR_033E   0x00033e    program     static /home/jacques/github/breakout_1572/breakout_1572.X/breakout1572.asm
                _ISR_0352   0x000352    program     static /home/jacques/github/breakout_1572/breakout_1572.X/breakout1572.asm
                _ISR_0353   0x000353    program     static /home/jacques/github/breakout_1572/breakout_1572.X/breakout1572.asm
                _ISR_035A   0x00035a    program     static /home/jacques/github/breakout_1572/breakout_1572.X/breakout1572.asm
                _ISR_0369   0x000369    program     static /home/jacques/github/breakout_1572/breakout_1572.X/breakout1572.asm
                _ISR_036D   0x00036d    program     static /home/jacques/github/breakout_1572/breakout_1572.X/breakout1572.asm
                _ISR_036E   0x00036e    program     static /home/jacques/github/breakout_1572/breakout_1572.X/breakout1572.asm
                _ISR_037B   0x00037b    program     static /home/jacques/github/breakout_1572/breakout_1572.X/breakout1572.asm
                _ISR_037E   0x00037e    program     static /home/jacques/github/breakout_1572/breakout_1572.X/breakout1572.asm
                _ISR_0380   0x000380    program     static /home/jacques/github/breakout_1572/breakout_1572.X/breakout1572.asm
                _ISR_0385   0x000385    program     static /home/jacques/github/breakout_1572/breakout_1572.X/breakout1572.asm
                _ISR_0386   0x000386    program     static /home/jacques/github/breakout_1572/breakout_1572.X/breakout1572.asm
                _ISR_03B3   0x0003b3    program     static /home/jacques/github/breakout_1572/breakout_1572.X/breakout1572.asm
                _ISR_03B8   0x0003b8    program     static /home/jacques/github/breakout_1572/breakout_1572.X/breakout1572.asm
                _ISR_041D   0x00041d    program     static /home/jacques/github/breakout_1572/breakout_1572.X/breakout1572.asm
          _MAIN_PROG_0006   0x000427    program     static /home/jacques/github/breakout_1572/breakout_1572.X/breakout1572.asm
          _MAIN_PROG_000D   0x00042e    program     static /home/jacques/github/breakout_1572/breakout_1572.X/breakout1572.asm
          _MAIN_PROG_005E   0x00047f    program     static /home/jacques/github/breakout_1572/breakout_1572.X/breakout1572.asm
             ball_at_left   0x00027a    program     static /home/jacques/github/breakout_1572/breakout_1572.X/breakout1572.asm
            ball_at_right   0x00028f    program     static /home/jacques/github/breakout_1572/breakout_1572.X/breakout1572.asm
           ball_in_middle   0x000259    program     static /home/jacques/github/breakout_1572/breakout_1572.X/breakout1572.asm
                ball_lost   0x000131    program     static /home/jacques/github/breakout_1572/breakout_1572.X/breakout1572.asm
                  between   0x0001b1    program     static /home/jacques/github/breakout_1572/breakout_1572.X/breakout1572.asm
             between_exit   0x0001bb    program     static /home/jacques/github/breakout_1572/breakout_1572.X/breakout1572.asm
             bottom_bound   0x00010a    program     static /home/jacques/github/breakout_1572/breakout_1572.X/breakout1572.asm
             brick_bounce   0x0001a7    program     static /home/jacques/github/breakout_1572/breakout_1572.X/breakout1572.asm
          brick_wall_init   0x0003d4    program     static /home/jacques/github/breakout_1572/breakout_1572.X/breakout1572.asm
                  bw_init   0x0003db    program     static /home/jacques/github/breakout_1572/breakout_1572.X/breakout1572.asm
      check_paddle_bounce   0x000146    program     static /home/jacques/github/breakout_1572/breakout_1572.X/breakout1572.asm
                collision   0x000113    program     static /home/jacques/github/breakout_1572/breakout_1572.X/breakout1572.asm
           collision_exit   0x0001ae    program     static /home/jacques/github/breakout_1572/breakout_1572.X/breakout1572.asm
             digit_offset   0x0003ce    program     static /home/jacques/github/breakout_1572/breakout_1572.X/breakout1572.asm
                digit_row   0x0001fb    program     static /home/jacques/github/breakout_1572/breakout_1572.X/breakout1572.asm
                   digits   0x000480    program     static /home/jacques/github/breakout_1572/breakout_1572.X/breakout1572.asm
                draw_blue   0x0002e1    program     static /home/jacques/github/breakout_1572/breakout_1572.X/breakout1572.asm
               draw_color   0x0002e5    program     static /home/jacques/github/breakout_1572/breakout_1572.X/breakout1572.asm
               draw_empty   0x000367    program     static /home/jacques/github/breakout_1572/breakout_1572.X/breakout1572.asm
               draw_mauve   0x0002dd    program     static /home/jacques/github/breakout_1572/breakout_1572.X/breakout1572.asm
              draw_paddle   0x000379    program     static /home/jacques/github/breakout_1572/breakout_1572.X/breakout1572.asm
                draw_row1   0x0002c7    program     static /home/jacques/github/breakout_1572/breakout_1572.X/breakout1572.asm
                draw_row2   0x0002f5    program     static /home/jacques/github/breakout_1572/breakout_1572.X/breakout1572.asm
                draw_row3   0x000311    program     static /home/jacques/github/breakout_1572/breakout_1572.X/breakout1572.asm
                draw_row4   0x00032d    program     static /home/jacques/github/breakout_1572/breakout_1572.X/breakout1572.asm
                draw_row5   0x000349    program     static /home/jacques/github/breakout_1572/breakout_1572.X/breakout1572.asm
               draw_score   0x0001c5    program     static /home/jacques/github/breakout_1572/breakout_1572.X/breakout1572.asm
            draw_top_wall   0x000211    program     static /home/jacques/github/breakout_1572/breakout_1572.X/breakout1572.asm
                draw_void   0x000229    program     static /home/jacques/github/breakout_1572/breakout_1572.X/breakout1572.asm
           draw_void_exit   0x0002a2    program     static /home/jacques/github/breakout_1572/breakout_1572.X/breakout1572.asm
                draw_wall   0x0002b6    program     static /home/jacques/github/breakout_1572/breakout_1572.X/breakout1572.asm
              draw_yellow   0x0002d9    program     static /home/jacques/github/breakout_1572/breakout_1572.X/breakout1572.asm
                   eeprom   0x000780    program     static /home/jacques/github/breakout_1572/breakout_1572.X/breakout1572.asm
               even_field   0x00039f    program     static /home/jacques/github/breakout_1572/breakout_1572.X/breakout1572.asm
             fallout_test   0x00012d    program     static /home/jacques/github/breakout_1572/breakout_1572.X/breakout1572.asm
                field_end   0x0003a9    program     static /home/jacques/github/breakout_1572/breakout_1572.X/breakout1572.asm
                frequency   0x0004b4    program     static /home/jacques/github/breakout_1572/breakout_1572.X/breakout1572.asm
                game_init   0x000407    program     static /home/jacques/github/breakout_1572/breakout_1572.X/breakout1572.asm
                game_over   0x0000c1    program     static /home/jacques/github/breakout_1572/breakout_1572.X/breakout1572.asm
           game_over_test   0x0003c5    program     static /home/jacques/github/breakout_1572/breakout_1572.X/breakout1572.asm
             game_running   0x0000b9    program     static /home/jacques/github/breakout_1572/breakout_1572.X/breakout1572.asm
               going_down   0x000161    program     static /home/jacques/github/breakout_1572/breakout_1572.X/breakout1572.asm
                  hi_line   0x000398    program     static /home/jacques/github/breakout_1572/breakout_1572.X/breakout1572.asm
                inc_score   0x0003b1    program     static /home/jacques/github/breakout_1572/breakout_1572.X/breakout1572.asm
                      isr   0x000004    program     static /home/jacques/github/breakout_1572/breakout_1572.X/breakout1572.asm
                 isr_exit   0x000028    program     static /home/jacques/github/breakout_1572/breakout_1572.X/breakout1572.asm
                   lfsr16   0x0003df    program     static /home/jacques/github/breakout_1572/breakout_1572.X/breakout1572.asm
                max_score   0x000780    program     static /home/jacques/github/breakout_1572/breakout_1572.X/breakout1572.asm
                move_ball   0x0000ee    program     static /home/jacques/github/breakout_1572/breakout_1572.X/breakout1572.asm
           move_ball_exit   0x000110    program     static /home/jacques/github/breakout_1572/breakout_1572.X/breakout1572.asm
                   move_y   0x000101    program     static /home/jacques/github/breakout_1572/breakout_1572.X/breakout1572.asm
               next_brick   0x0002b9    program     static /home/jacques/github/breakout_1572/breakout_1572.X/breakout1572.asm
                  no_ball   0x000238    program     static /home/jacques/github/breakout_1572/breakout_1572.X/breakout1572.asm
              no_ball_dly   0x000235    program     static /home/jacques/github/breakout_1572/breakout_1572.X/breakout1572.asm
             no_wall_draw   0x0002ac    program     static /home/jacques/github/breakout_1572/breakout_1572.X/breakout1572.asm
              paddle_test   0x000142    program     static /home/jacques/github/breakout_1572/breakout_1572.X/breakout1572.asm
                     pong   0x000099    program     static /home/jacques/github/breakout_1572/breakout_1572.X/breakout1572.asm
                post_last   0x000063    program     static /home/jacques/github/breakout_1572/breakout_1572.X/breakout1572.asm
               post_vsync   0x00005a    program     static /home/jacques/github/breakout_1572/breakout_1572.X/breakout1572.asm
                pre_vsync   0x00002d    program     static /home/jacques/github/breakout_1572/breakout_1572.X/breakout1572.asm
              read_button   0x0000d0    program     static /home/jacques/github/breakout_1572/breakout_1572.X/breakout1572.asm
              read_paddle   0x0000d4    program     static /home/jacques/github/breakout_1572/breakout_1572.X/breakout1572.asm
              right_bound   0x0000fa    program     static /home/jacques/github/breakout_1572/breakout_1572.X/breakout1572.asm
                row1_test   0x000177    program     static /home/jacques/github/breakout_1572/breakout_1572.X/breakout1572.asm
                row2_test   0x000180    program     static /home/jacques/github/breakout_1572/breakout_1572.X/breakout1572.asm
                row3_exit   0x000323    program     static /home/jacques/github/breakout_1572/breakout_1572.X/breakout1572.asm
                row3_test   0x00018a    program     static /home/jacques/github/breakout_1572/breakout_1572.X/breakout1572.asm
                row4_test   0x000194    program     static /home/jacques/github/breakout_1572/breakout_1572.X/breakout1572.asm
                row5_test   0x00019e    program     static /home/jacques/github/breakout_1572/breakout_1572.X/breakout1572.asm
               score_exit   0x0001f1    program     static /home/jacques/github/breakout_1572/breakout_1572.X/breakout1572.asm
              set_ball_dx   0x0003f1    program     static /home/jacques/github/breakout_1572/breakout_1572.X/breakout1572.asm
         set_ball_dx_exit   0x000405    program     static /home/jacques/github/breakout_1572/breakout_1572.X/breakout1572.asm
              set_presync   0x00003a    program     static /home/jacques/github/breakout_1572/breakout_1572.X/breakout1572.asm
                set_vsync   0x000052    program     static /home/jacques/github/breakout_1572/breakout_1572.X/breakout1572.asm
             skip_2_tasks   0x0000c9    program     static /home/jacques/github/breakout_1572/breakout_1572.X/breakout1572.asm
                    sound   0x000075    program     static /home/jacques/github/breakout_1572/breakout_1572.X/breakout1572.asm
                sound_fx1   0x000083    program     static /home/jacques/github/breakout_1572/breakout_1572.X/breakout1572.asm
                sound_fx2   0x00008e    program     static /home/jacques/github/breakout_1572/breakout_1572.X/breakout1572.asm
                  t0delay   0x000419    program     static /home/jacques/github/breakout_1572/breakout_1572.X/breakout1572.asm
              task_switch   0x000015    program     static /home/jacques/github/breakout_1572/breakout_1572.X/breakout1572.asm
            top_wall_exit   0x00021f    program     static /home/jacques/github/breakout_1572/breakout_1572.X/breakout1572.asm
               user_input   0x0000ad    program     static /home/jacques/github/breakout_1572/breakout_1572.X/breakout1572.asm
              video_first   0x0001bd    program     static /home/jacques/github/breakout_1572/breakout_1572.X/breakout1572.asm
                    vsync   0x000045    program     static /home/jacques/github/breakout_1572/breakout_1572.X/breakout1572.asm
                vsync_end   0x000067    program     static /home/jacques/github/breakout_1572/breakout_1572.X/breakout1572.asm
           wait_field_end   0x000392    program     static /home/jacques/github/breakout_1572/breakout_1572.X/breakout1572.asm
             wait_trigger   0x0000bb    program     static /home/jacques/github/breakout_1572/breakout_1572.X/breakout1572.asm
                wall_test   0x000157    program     static /home/jacques/github/breakout_1572/breakout_1572.X/breakout1572.asm
                 yes_ball   0x000252    program     static /home/jacques/github/breakout_1572/breakout_1572.X/breakout1572.asm
                  ball_dx   0x000079       data     static /home/jacques/github/breakout_1572/breakout_1572.X/breakout1572.asm
                  ball_dy   0x00007a       data     static /home/jacques/github/breakout_1572/breakout_1572.X/breakout1572.asm
               ball_speed   0x00007b       data     static /home/jacques/github/breakout_1572/breakout_1572.X/breakout1572.asm
               ball_timer   0x00007e       data     static /home/jacques/github/breakout_1572/breakout_1572.X/breakout1572.asm
                   ball_x   0x000077       data     static /home/jacques/github/breakout_1572/breakout_1572.X/breakout1572.asm
                   ball_y   0x000078       data     static /home/jacques/github/breakout_1572/breakout_1572.X/breakout1572.asm
                    balls   0x0000b0       data     static /home/jacques/github/breakout_1572/breakout_1572.X/breakout1572.asm
                       d1   0x0000ad       data     static /home/jacques/github/breakout_1572/breakout_1572.X/breakout1572.asm
                       d2   0x0000ae       data     static /home/jacques/github/breakout_1572/breakout_1572.X/breakout1572.asm
                       d3   0x0000af       data     static /home/jacques/github/breakout_1572/breakout_1572.X/breakout1572.asm
                    flags   0x000070       data     static /home/jacques/github/breakout_1572/breakout_1572.X/breakout1572.asm
                   lcount   0x000071       data     static /home/jacques/github/breakout_1572/breakout_1572.X/breakout1572.asm
                     mask   0x0000ac       data     static /home/jacques/github/breakout_1572/breakout_1572.X/breakout1572.asm
               paddle_pos   0x000076       data     static /home/jacques/github/breakout_1572/breakout_1572.X/breakout1572.asm
                     row1   0x0000a0       data     static /home/jacques/github/breakout_1572/breakout_1572.X/breakout1572.asm
                     row2   0x0000a2       data     static /home/jacques/github/breakout_1572/breakout_1572.X/breakout1572.asm
                     row3   0x0000a4       data     static /home/jacques/github/breakout_1572/breakout_1572.X/breakout1572.asm
                     row4   0x0000a6       data     static /home/jacques/github/breakout_1572/breakout_1572.X/breakout1572.asm
                     row5   0x0000a8       data     static /home/jacques/github/breakout_1572/breakout_1572.X/breakout1572.asm
                     row6   0x0000aa       data     static /home/jacques/github/breakout_1572/breakout_1572.X/breakout1572.asm
                    score   0x00007c       data     static /home/jacques/github/breakout_1572/breakout_1572.X/breakout1572.asm
                     seed   0x000030       data     static /home/jacques/github/breakout_1572/breakout_1572.X/breakout1572.asm
                    slice   0x000072       data     static /home/jacques/github/breakout_1572/breakout_1572.X/breakout1572.asm
              sound_timer   0x0000b1       data     static /home/jacques/github/breakout_1572/breakout_1572.X/breakout1572.asm
                    stack   0x000020       data     static /home/jacques/github/breakout_1572/breakout_1572.X/breakout1572.asm
                     task   0x000073       data     static /home/jacques/github/breakout_1572/breakout_1572.X/breakout1572.asm
                    temp1   0x000074       data     static /home/jacques/github/breakout_1572/breakout_1572.X/breakout1572.asm
                    temp2   0x000075       data     static /home/jacques/github/breakout_1572/breakout_1572.X/breakout1572.asm



                              Symbols - Sorted by Address
                     Name    Address   Location    Storage File                     
                ---------  ---------  ---------  --------- ---------                
                      isr   0x000004    program     static /home/jacques/github/breakout_1572/breakout_1572.X/breakout1572.asm
                _ISR_0008   0x000008    program     static /home/jacques/github/breakout_1572/breakout_1572.X/breakout1572.asm
                _ISR_0010   0x000010    program     static /home/jacques/github/breakout_1572/breakout_1572.X/breakout1572.asm
              task_switch   0x000015    program     static /home/jacques/github/breakout_1572/breakout_1572.X/breakout1572.asm
                 isr_exit   0x000028    program     static /home/jacques/github/breakout_1572/breakout_1572.X/breakout1572.asm
                pre_vsync   0x00002d    program     static /home/jacques/github/breakout_1572/breakout_1572.X/breakout1572.asm
              set_presync   0x00003a    program     static /home/jacques/github/breakout_1572/breakout_1572.X/breakout1572.asm
                    vsync   0x000045    program     static /home/jacques/github/breakout_1572/breakout_1572.X/breakout1572.asm
                set_vsync   0x000052    program     static /home/jacques/github/breakout_1572/breakout_1572.X/breakout1572.asm
               post_vsync   0x00005a    program     static /home/jacques/github/breakout_1572/breakout_1572.X/breakout1572.asm
                post_last   0x000063    program     static /home/jacques/github/breakout_1572/breakout_1572.X/breakout1572.asm
                vsync_end   0x000067    program     static /home/jacques/github/breakout_1572/breakout_1572.X/breakout1572.asm
                    sound   0x000075    program     static /home/jacques/github/breakout_1572/breakout_1572.X/breakout1572.asm
                sound_fx1   0x000083    program     static /home/jacques/github/breakout_1572/breakout_1572.X/breakout1572.asm
                sound_fx2   0x00008e    program     static /home/jacques/github/breakout_1572/breakout_1572.X/breakout1572.asm
                     pong   0x000099    program     static /home/jacques/github/breakout_1572/breakout_1572.X/breakout1572.asm
               user_input   0x0000ad    program     static /home/jacques/github/breakout_1572/breakout_1572.X/breakout1572.asm
             game_running   0x0000b9    program     static /home/jacques/github/breakout_1572/breakout_1572.X/breakout1572.asm
             wait_trigger   0x0000bb    program     static /home/jacques/github/breakout_1572/breakout_1572.X/breakout1572.asm
                game_over   0x0000c1    program     static /home/jacques/github/breakout_1572/breakout_1572.X/breakout1572.asm
             skip_2_tasks   0x0000c9    program     static /home/jacques/github/breakout_1572/breakout_1572.X/breakout1572.asm
              read_button   0x0000d0    program     static /home/jacques/github/breakout_1572/breakout_1572.X/breakout1572.asm
              read_paddle   0x0000d4    program     static /home/jacques/github/breakout_1572/breakout_1572.X/breakout1572.asm
                _ISR_00DC   0x0000dc    program     static /home/jacques/github/breakout_1572/breakout_1572.X/breakout1572.asm
                _ISR_00E1   0x0000e1    program     static /home/jacques/github/breakout_1572/breakout_1572.X/breakout1572.asm
                _ISR_00E8   0x0000e8    program     static /home/jacques/github/breakout_1572/breakout_1572.X/breakout1572.asm
                move_ball   0x0000ee    program     static /home/jacques/github/breakout_1572/breakout_1572.X/breakout1572.asm
              right_bound   0x0000fa    program     static /home/jacques/github/breakout_1572/breakout_1572.X/breakout1572.asm
                   move_y   0x000101    program     static /home/jacques/github/breakout_1572/breakout_1572.X/breakout1572.asm
             bottom_bound   0x00010a    program     static /home/jacques/github/breakout_1572/breakout_1572.X/breakout1572.asm
           move_ball_exit   0x000110    program     static /home/jacques/github/breakout_1572/breakout_1572.X/breakout1572.asm
                collision   0x000113    program     static /home/jacques/github/breakout_1572/breakout_1572.X/breakout1572.asm
                _ISR_0120   0x000120    program     static /home/jacques/github/breakout_1572/breakout_1572.X/breakout1572.asm
                _ISR_0127   0x000127    program     static /home/jacques/github/breakout_1572/breakout_1572.X/breakout1572.asm
                _ISR_012A   0x00012a    program     static /home/jacques/github/breakout_1572/breakout_1572.X/breakout1572.asm
             fallout_test   0x00012d    program     static /home/jacques/github/breakout_1572/breakout_1572.X/breakout1572.asm
                ball_lost   0x000131    program     static /home/jacques/github/breakout_1572/breakout_1572.X/breakout1572.asm
                _ISR_0133   0x000133    program     static /home/jacques/github/breakout_1572/breakout_1572.X/breakout1572.asm
              paddle_test   0x000142    program     static /home/jacques/github/breakout_1572/breakout_1572.X/breakout1572.asm
      check_paddle_bounce   0x000146    program     static /home/jacques/github/breakout_1572/breakout_1572.X/breakout1572.asm
                wall_test   0x000157    program     static /home/jacques/github/breakout_1572/breakout_1572.X/breakout1572.asm
                _ISR_0160   0x000160    program     static /home/jacques/github/breakout_1572/breakout_1572.X/breakout1572.asm
               going_down   0x000161    program     static /home/jacques/github/breakout_1572/breakout_1572.X/breakout1572.asm
                row1_test   0x000177    program     static /home/jacques/github/breakout_1572/breakout_1572.X/breakout1572.asm
                row2_test   0x000180    program     static /home/jacques/github/breakout_1572/breakout_1572.X/breakout1572.asm
                row3_test   0x00018a    program     static /home/jacques/github/breakout_1572/breakout_1572.X/breakout1572.asm
                row4_test   0x000194    program     static /home/jacques/github/breakout_1572/breakout_1572.X/breakout1572.asm
                row5_test   0x00019e    program     static /home/jacques/github/breakout_1572/breakout_1572.X/breakout1572.asm
             brick_bounce   0x0001a7    program     static /home/jacques/github/breakout_1572/breakout_1572.X/breakout1572.asm
           collision_exit   0x0001ae    program     static /home/jacques/github/breakout_1572/breakout_1572.X/breakout1572.asm
                  between   0x0001b1    program     static /home/jacques/github/breakout_1572/breakout_1572.X/breakout1572.asm
             between_exit   0x0001bb    program     static /home/jacques/github/breakout_1572/breakout_1572.X/breakout1572.asm
              video_first   0x0001bd    program     static /home/jacques/github/breakout_1572/breakout_1572.X/breakout1572.asm
               draw_score   0x0001c5    program     static /home/jacques/github/breakout_1572/breakout_1572.X/breakout1572.asm
                _ISR_01E2   0x0001e2    program     static /home/jacques/github/breakout_1572/breakout_1572.X/breakout1572.asm
                _ISR_01E6   0x0001e6    program     static /home/jacques/github/breakout_1572/breakout_1572.X/breakout1572.asm
                _ISR_01E7   0x0001e7    program     static /home/jacques/github/breakout_1572/breakout_1572.X/breakout1572.asm
                _ISR_01EB   0x0001eb    program     static /home/jacques/github/breakout_1572/breakout_1572.X/breakout1572.asm
               score_exit   0x0001f1    program     static /home/jacques/github/breakout_1572/breakout_1572.X/breakout1572.asm
                digit_row   0x0001fb    program     static /home/jacques/github/breakout_1572/breakout_1572.X/breakout1572.asm
                _ISR_020D   0x00020d    program     static /home/jacques/github/breakout_1572/breakout_1572.X/breakout1572.asm
            draw_top_wall   0x000211    program     static /home/jacques/github/breakout_1572/breakout_1572.X/breakout1572.asm
                _ISR_0216   0x000216    program     static /home/jacques/github/breakout_1572/breakout_1572.X/breakout1572.asm
                _ISR_0217   0x000217    program     static /home/jacques/github/breakout_1572/breakout_1572.X/breakout1572.asm
                _ISR_021C   0x00021c    program     static /home/jacques/github/breakout_1572/breakout_1572.X/breakout1572.asm
            top_wall_exit   0x00021f    program     static /home/jacques/github/breakout_1572/breakout_1572.X/breakout1572.asm
                draw_void   0x000229    program     static /home/jacques/github/breakout_1572/breakout_1572.X/breakout1572.asm
              no_ball_dly   0x000235    program     static /home/jacques/github/breakout_1572/breakout_1572.X/breakout1572.asm
                _ISR_0237   0x000237    program     static /home/jacques/github/breakout_1572/breakout_1572.X/breakout1572.asm
                  no_ball   0x000238    program     static /home/jacques/github/breakout_1572/breakout_1572.X/breakout1572.asm
                _ISR_023A   0x00023a    program     static /home/jacques/github/breakout_1572/breakout_1572.X/breakout1572.asm
                _ISR_0240   0x000240    program     static /home/jacques/github/breakout_1572/breakout_1572.X/breakout1572.asm
                _ISR_0247   0x000247    program     static /home/jacques/github/breakout_1572/breakout_1572.X/breakout1572.asm
                _ISR_0248   0x000248    program     static /home/jacques/github/breakout_1572/breakout_1572.X/breakout1572.asm
                _ISR_024E   0x00024e    program     static /home/jacques/github/breakout_1572/breakout_1572.X/breakout1572.asm
                 yes_ball   0x000252    program     static /home/jacques/github/breakout_1572/breakout_1572.X/breakout1572.asm
           ball_in_middle   0x000259    program     static /home/jacques/github/breakout_1572/breakout_1572.X/breakout1572.asm
                _ISR_0260   0x000260    program     static /home/jacques/github/breakout_1572/breakout_1572.X/breakout1572.asm
                _ISR_0264   0x000264    program     static /home/jacques/github/breakout_1572/breakout_1572.X/breakout1572.asm
                _ISR_0268   0x000268    program     static /home/jacques/github/breakout_1572/breakout_1572.X/breakout1572.asm
                _ISR_026C   0x00026c    program     static /home/jacques/github/breakout_1572/breakout_1572.X/breakout1572.asm
                _ISR_0272   0x000272    program     static /home/jacques/github/breakout_1572/breakout_1572.X/breakout1572.asm
                _ISR_0276   0x000276    program     static /home/jacques/github/breakout_1572/breakout_1572.X/breakout1572.asm
             ball_at_left   0x00027a    program     static /home/jacques/github/breakout_1572/breakout_1572.X/breakout1572.asm
                _ISR_027C   0x00027c    program     static /home/jacques/github/breakout_1572/breakout_1572.X/breakout1572.asm
                _ISR_0281   0x000281    program     static /home/jacques/github/breakout_1572/breakout_1572.X/breakout1572.asm
                _ISR_0285   0x000285    program     static /home/jacques/github/breakout_1572/breakout_1572.X/breakout1572.asm
                _ISR_0286   0x000286    program     static /home/jacques/github/breakout_1572/breakout_1572.X/breakout1572.asm
                _ISR_028B   0x00028b    program     static /home/jacques/github/breakout_1572/breakout_1572.X/breakout1572.asm
            ball_at_right   0x00028f    program     static /home/jacques/github/breakout_1572/breakout_1572.X/breakout1572.asm
                _ISR_0291   0x000291    program     static /home/jacques/github/breakout_1572/breakout_1572.X/breakout1572.asm
                _ISR_0296   0x000296    program     static /home/jacques/github/breakout_1572/breakout_1572.X/breakout1572.asm
                _ISR_029B   0x00029b    program     static /home/jacques/github/breakout_1572/breakout_1572.X/breakout1572.asm
                _ISR_029F   0x00029f    program     static /home/jacques/github/breakout_1572/breakout_1572.X/breakout1572.asm
           draw_void_exit   0x0002a2    program     static /home/jacques/github/breakout_1572/breakout_1572.X/breakout1572.asm
             no_wall_draw   0x0002ac    program     static /home/jacques/github/breakout_1572/breakout_1572.X/breakout1572.asm
                draw_wall   0x0002b6    program     static /home/jacques/github/breakout_1572/breakout_1572.X/breakout1572.asm
               next_brick   0x0002b9    program     static /home/jacques/github/breakout_1572/breakout_1572.X/breakout1572.asm
                _ISR_02C1   0x0002c1    program     static /home/jacques/github/breakout_1572/breakout_1572.X/breakout1572.asm
                draw_row1   0x0002c7    program     static /home/jacques/github/breakout_1572/breakout_1572.X/breakout1572.asm
                _ISR_02CE   0x0002ce    program     static /home/jacques/github/breakout_1572/breakout_1572.X/breakout1572.asm
                _ISR_02CF   0x0002cf    program     static /home/jacques/github/breakout_1572/breakout_1572.X/breakout1572.asm
              draw_yellow   0x0002d9    program     static /home/jacques/github/breakout_1572/breakout_1572.X/breakout1572.asm
               draw_mauve   0x0002dd    program     static /home/jacques/github/breakout_1572/breakout_1572.X/breakout1572.asm
                draw_blue   0x0002e1    program     static /home/jacques/github/breakout_1572/breakout_1572.X/breakout1572.asm
               draw_color   0x0002e5    program     static /home/jacques/github/breakout_1572/breakout_1572.X/breakout1572.asm
                _ISR_02EA   0x0002ea    program     static /home/jacques/github/breakout_1572/breakout_1572.X/breakout1572.asm
                draw_row2   0x0002f5    program     static /home/jacques/github/breakout_1572/breakout_1572.X/breakout1572.asm
                _ISR_02FE   0x0002fe    program     static /home/jacques/github/breakout_1572/breakout_1572.X/breakout1572.asm
                _ISR_02FF   0x0002ff    program     static /home/jacques/github/breakout_1572/breakout_1572.X/breakout1572.asm
                _ISR_0306   0x000306    program     static /home/jacques/github/breakout_1572/breakout_1572.X/breakout1572.asm
                draw_row3   0x000311    program     static /home/jacques/github/breakout_1572/breakout_1572.X/breakout1572.asm
                _ISR_031A   0x00031a    program     static /home/jacques/github/breakout_1572/breakout_1572.X/breakout1572.asm
                _ISR_031B   0x00031b    program     static /home/jacques/github/breakout_1572/breakout_1572.X/breakout1572.asm
                _ISR_0322   0x000322    program     static /home/jacques/github/breakout_1572/breakout_1572.X/breakout1572.asm
                row3_exit   0x000323    program     static /home/jacques/github/breakout_1572/breakout_1572.X/breakout1572.asm
                draw_row4   0x00032d    program     static /home/jacques/github/breakout_1572/breakout_1572.X/breakout1572.asm
                _ISR_0336   0x000336    program     static /home/jacques/github/breakout_1572/breakout_1572.X/breakout1572.asm
                _ISR_0337   0x000337    program     static /home/jacques/github/breakout_1572/breakout_1572.X/breakout1572.asm
                _ISR_033E   0x00033e    program     static /home/jacques/github/breakout_1572/breakout_1572.X/breakout1572.asm
                draw_row5   0x000349    program     static /home/jacques/github/breakout_1572/breakout_1572.X/breakout1572.asm
                _ISR_0352   0x000352    program     static /home/jacques/github/breakout_1572/breakout_1572.X/breakout1572.asm
                _ISR_0353   0x000353    program     static /home/jacques/github/breakout_1572/breakout_1572.X/breakout1572.asm
                _ISR_035A   0x00035a    program     static /home/jacques/github/breakout_1572/breakout_1572.X/breakout1572.asm
               draw_empty   0x000367    program     static /home/jacques/github/breakout_1572/breakout_1572.X/breakout1572.asm
                _ISR_0369   0x000369    program     static /home/jacques/github/breakout_1572/breakout_1572.X/breakout1572.asm
                _ISR_036D   0x00036d    program     static /home/jacques/github/breakout_1572/breakout_1572.X/breakout1572.asm
                _ISR_036E   0x00036e    program     static /home/jacques/github/breakout_1572/breakout_1572.X/breakout1572.asm
              draw_paddle   0x000379    program     static /home/jacques/github/breakout_1572/breakout_1572.X/breakout1572.asm
                _ISR_037B   0x00037b    program     static /home/jacques/github/breakout_1572/breakout_1572.X/breakout1572.asm
                _ISR_037E   0x00037e    program     static /home/jacques/github/breakout_1572/breakout_1572.X/breakout1572.asm
                _ISR_0380   0x000380    program     static /home/jacques/github/breakout_1572/breakout_1572.X/breakout1572.asm
                _ISR_0385   0x000385    program     static /home/jacques/github/breakout_1572/breakout_1572.X/breakout1572.asm
                _ISR_0386   0x000386    program     static /home/jacques/github/breakout_1572/breakout_1572.X/breakout1572.asm
           wait_field_end   0x000392    program     static /home/jacques/github/breakout_1572/breakout_1572.X/breakout1572.asm
                  hi_line   0x000398    program     static /home/jacques/github/breakout_1572/breakout_1572.X/breakout1572.asm
               even_field   0x00039f    program     static /home/jacques/github/breakout_1572/breakout_1572.X/breakout1572.asm
                field_end   0x0003a9    program     static /home/jacques/github/breakout_1572/breakout_1572.X/breakout1572.asm
                inc_score   0x0003b1    program     static /home/jacques/github/breakout_1572/breakout_1572.X/breakout1572.asm
                _ISR_03B3   0x0003b3    program     static /home/jacques/github/breakout_1572/breakout_1572.X/breakout1572.asm
                _ISR_03B8   0x0003b8    program     static /home/jacques/github/breakout_1572/breakout_1572.X/breakout1572.asm
           game_over_test   0x0003c5    program     static /home/jacques/github/breakout_1572/breakout_1572.X/breakout1572.asm
             digit_offset   0x0003ce    program     static /home/jacques/github/breakout_1572/breakout_1572.X/breakout1572.asm
          brick_wall_init   0x0003d4    program     static /home/jacques/github/breakout_1572/breakout_1572.X/breakout1572.asm
                  bw_init   0x0003db    program     static /home/jacques/github/breakout_1572/breakout_1572.X/breakout1572.asm
                   lfsr16   0x0003df    program     static /home/jacques/github/breakout_1572/breakout_1572.X/breakout1572.asm
              set_ball_dx   0x0003f1    program     static /home/jacques/github/breakout_1572/breakout_1572.X/breakout1572.asm
         set_ball_dx_exit   0x000405    program     static /home/jacques/github/breakout_1572/breakout_1572.X/breakout1572.asm
                game_init   0x000407    program     static /home/jacques/github/breakout_1572/breakout_1572.X/breakout1572.asm
                  t0delay   0x000419    program     static /home/jacques/github/breakout_1572/breakout_1572.X/breakout1572.asm
                _ISR_041D   0x00041d    program     static /home/jacques/github/breakout_1572/breakout_1572.X/breakout1572.asm
                    START   0x000421    program     static /home/jacques/github/breakout_1572/breakout_1572.X/breakout1572.asm
          _MAIN_PROG_0006   0x000427    program     static /home/jacques/github/breakout_1572/breakout_1572.X/breakout1572.asm
          _MAIN_PROG_000D   0x00042e    program     static /home/jacques/github/breakout_1572/breakout_1572.X/breakout1572.asm
          _MAIN_PROG_005E   0x00047f    program     static /home/jacques/github/breakout_1572/breakout_1572.X/breakout1572.asm
                   digits   0x000480    program     static /home/jacques/github/breakout_1572/breakout_1572.X/breakout1572.asm
                frequency   0x0004b4    program     static /home/jacques/github/breakout_1572/breakout_1572.X/breakout1572.asm
                max_score   0x000780    program     static /home/jacques/github/breakout_1572/breakout_1572.X/breakout1572.asm
                   eeprom   0x000780    program     static /home/jacques/github/breakout_1572/breakout_1572.X/breakout1572.asm
                    stack   0x000020       data     static /home/jacques/github/breakout_1572/breakout_1572.X/breakout1572.asm
                     seed   0x000030       data     static /home/jacques/github/breakout_1572/breakout_1572.X/breakout1572.asm
                    flags   0x000070       data     static /home/jacques/github/breakout_1572/breakout_1572.X/breakout1572.asm
                   lcount   0x000071       data     static /home/jacques/github/breakout_1572/breakout_1572.X/breakout1572.asm
                    slice   0x000072       data     static /home/jacques/github/breakout_1572/breakout_1572.X/breakout1572.asm
                     task   0x000073       data     static /home/jacques/github/breakout_1572/breakout_1572.X/breakout1572.asm
                    temp1   0x000074       data     static /home/jacques/github/breakout_1572/breakout_1572.X/breakout1572.asm
                    temp2   0x000075       data     static /home/jacques/github/breakout_1572/breakout_1572.X/breakout1572.asm
               paddle_pos   0x000076       data     static /home/jacques/github/breakout_1572/breakout_1572.X/breakout1572.asm
                   ball_x   0x000077       data     static /home/jacques/github/breakout_1572/breakout_1572.X/breakout1572.asm
                   ball_y   0x000078       data     static /home/jacques/github/breakout_1572/breakout_1572.X/breakout1572.asm
                  ball_dx   0x000079       data     static /home/jacques/github/breakout_1572/breakout_1572.X/breakout1572.asm
                  ball_dy   0x00007a       data     static /home/jacques/github/breakout_1572/breakout_1572.X/breakout1572.asm
               ball_speed   0x00007b       data     static /home/jacques/github/breakout_1572/breakout_1572.X/breakout1572.asm
                    score   0x00007c       data     static /home/jacques/github/breakout_1572/breakout_1572.X/breakout1572.asm
               ball_timer   0x00007e       data     static /home/jacques/github/breakout_1572/breakout_1572.X/breakout1572.asm
                     row1   0x0000a0       data     static /home/jacques/github/breakout_1572/breakout_1572.X/breakout1572.asm
                     row2   0x0000a2       data     static /home/jacques/github/breakout_1572/breakout_1572.X/breakout1572.asm
                     row3   0x0000a4       data     static /home/jacques/github/breakout_1572/breakout_1572.X/breakout1572.asm
                     row4   0x0000a6       data     static /home/jacques/github/breakout_1572/breakout_1572.X/breakout1572.asm
                     row5   0x0000a8       data     static /home/jacques/github/breakout_1572/breakout_1572.X/breakout1572.asm
                     row6   0x0000aa       data     static /home/jacques/github/breakout_1572/breakout_1572.X/breakout1572.asm
                     mask   0x0000ac       data     static /home/jacques/github/breakout_1572/breakout_1572.X/breakout1572.asm
                       d1   0x0000ad       data     static /home/jacques/github/breakout_1572/breakout_1572.X/breakout1572.asm
                       d2   0x0000ae       data     static /home/jacques/github/breakout_1572/breakout_1572.X/breakout1572.asm
                       d3   0x0000af       data     static /home/jacques/github/breakout_1572/breakout_1572.X/breakout1572.asm
                    balls   0x0000b0       data     static /home/jacques/github/breakout_1572/breakout_1572.X/breakout1572.asm
              sound_timer   0x0000b1       data     static /home/jacques/github/breakout_1572/breakout_1572.X/breakout1572.asm


