MPLINK 5.09, LINKER
Linker Map File - Created Thu Feb 28 16:23:46 2019

                                 Section Info
                  Section       Type    Address   Location Size(Bytes)
                ---------  ---------  ---------  ---------  ---------
                 RES_VECT       code   0x000000    program   0x000008
                      ISR       code   0x000004    program   0x00044c
                   .cinit    romdata   0x00022a    program   0x000004
                MAIN_PROG       code   0x00022c    program   0x0000a8
                   .org_0       code   0x000780    program   0x000000
.config_8007_BUILD/DEFAULT/DEBUG/BREAKOUT1572       code   0x008007    program   0x000002
.config_8008_BUILD/DEFAULT/DEBUG/BREAKOUT1572       code   0x008008    program   0x000002
               .udata_shr      udata   0x000070       data   0x000007



                              Program Memory Usage 
                               Start         End      
                           ---------   ---------      
                            0x000000    0x00027f      
                            0x008007    0x008008      
            642 out of 2055 program addresses used, program memory utilization is 31%



                              Symbols - Sorted by Name
                     Name    Address   Location    Storage File                     
                ---------  ---------  ---------  --------- ---------                
                    START   0x00022c    program     static /home/jacques/github/breakout_1572/breakout_1572.X/breakout1572.asm
                _ISR_0008   0x000008    program     static /home/jacques/github/breakout_1572/breakout_1572.X/breakout1572.asm
                _ISR_000E   0x00000e    program     static /home/jacques/github/breakout_1572/breakout_1572.X/breakout1572.asm
                _ISR_000F   0x00000f    program     static /home/jacques/github/breakout_1572/breakout_1572.X/breakout1572.asm
                _ISR_0081   0x000081    program     static /home/jacques/github/breakout_1572/breakout_1572.X/breakout1572.asm
                _ISR_0088   0x000088    program     static /home/jacques/github/breakout_1572/breakout_1572.X/breakout1572.asm
                _ISR_00A5   0x0000a5    program     static /home/jacques/github/breakout_1572/breakout_1572.X/breakout1572.asm
                _ISR_00AE   0x0000ae    program     static /home/jacques/github/breakout_1572/breakout_1572.X/breakout1572.asm
                _ISR_00AF   0x0000af    program     static /home/jacques/github/breakout_1572/breakout_1572.X/breakout1572.asm
                _ISR_00C1   0x0000c1    program     static /home/jacques/github/breakout_1572/breakout_1572.X/breakout1572.asm
                _ISR_00CA   0x0000ca    program     static /home/jacques/github/breakout_1572/breakout_1572.X/breakout1572.asm
                _ISR_00CB   0x0000cb    program     static /home/jacques/github/breakout_1572/breakout_1572.X/breakout1572.asm
                _ISR_00DD   0x0000dd    program     static /home/jacques/github/breakout_1572/breakout_1572.X/breakout1572.asm
                _ISR_00E4   0x0000e4    program     static /home/jacques/github/breakout_1572/breakout_1572.X/breakout1572.asm
                _ISR_00EC   0x0000ec    program     static /home/jacques/github/breakout_1572/breakout_1572.X/breakout1572.asm
                _ISR_00F2   0x0000f2    program     static /home/jacques/github/breakout_1572/breakout_1572.X/breakout1572.asm
                _ISR_0104   0x000104    program     static /home/jacques/github/breakout_1572/breakout_1572.X/breakout1572.asm
                _ISR_010B   0x00010b    program     static /home/jacques/github/breakout_1572/breakout_1572.X/breakout1572.asm
                _ISR_0113   0x000113    program     static /home/jacques/github/breakout_1572/breakout_1572.X/breakout1572.asm
                _ISR_0119   0x000119    program     static /home/jacques/github/breakout_1572/breakout_1572.X/breakout1572.asm
                _ISR_012B   0x00012b    program     static /home/jacques/github/breakout_1572/breakout_1572.X/breakout1572.asm
                _ISR_0132   0x000132    program     static /home/jacques/github/breakout_1572/breakout_1572.X/breakout1572.asm
                _ISR_013A   0x00013a    program     static /home/jacques/github/breakout_1572/breakout_1572.X/breakout1572.asm
                _ISR_0140   0x000140    program     static /home/jacques/github/breakout_1572/breakout_1572.X/breakout1572.asm
                _ISR_0152   0x000152    program     static /home/jacques/github/breakout_1572/breakout_1572.X/breakout1572.asm
                _ISR_0159   0x000159    program     static /home/jacques/github/breakout_1572/breakout_1572.X/breakout1572.asm
                _ISR_0161   0x000161    program     static /home/jacques/github/breakout_1572/breakout_1572.X/breakout1572.asm
                _ISR_0167   0x000167    program     static /home/jacques/github/breakout_1572/breakout_1572.X/breakout1572.asm
                _ISR_0179   0x000179    program     static /home/jacques/github/breakout_1572/breakout_1572.X/breakout1572.asm
                _ISR_0180   0x000180    program     static /home/jacques/github/breakout_1572/breakout_1572.X/breakout1572.asm
                _ISR_0188   0x000188    program     static /home/jacques/github/breakout_1572/breakout_1572.X/breakout1572.asm
                _ISR_018E   0x00018e    program     static /home/jacques/github/breakout_1572/breakout_1572.X/breakout1572.asm
                _ISR_01A0   0x0001a0    program     static /home/jacques/github/breakout_1572/breakout_1572.X/breakout1572.asm
                _ISR_01A7   0x0001a7    program     static /home/jacques/github/breakout_1572/breakout_1572.X/breakout1572.asm
                _ISR_01AF   0x0001af    program     static /home/jacques/github/breakout_1572/breakout_1572.X/breakout1572.asm
                _ISR_01B5   0x0001b5    program     static /home/jacques/github/breakout_1572/breakout_1572.X/breakout1572.asm
                _ISR_01C7   0x0001c7    program     static /home/jacques/github/breakout_1572/breakout_1572.X/breakout1572.asm
                _ISR_01CE   0x0001ce    program     static /home/jacques/github/breakout_1572/breakout_1572.X/breakout1572.asm
                _ISR_01D6   0x0001d6    program     static /home/jacques/github/breakout_1572/breakout_1572.X/breakout1572.asm
                _ISR_01DC   0x0001dc    program     static /home/jacques/github/breakout_1572/breakout_1572.X/breakout1572.asm
                _ISR_01EE   0x0001ee    program     static /home/jacques/github/breakout_1572/breakout_1572.X/breakout1572.asm
                _ISR_01F3   0x0001f3    program     static /home/jacques/github/breakout_1572/breakout_1572.X/breakout1572.asm
                _ISR_01FB   0x0001fb    program     static /home/jacques/github/breakout_1572/breakout_1572.X/breakout1572.asm
          _MAIN_PROG_0006   0x000232    program     static /home/jacques/github/breakout_1572/breakout_1572.X/breakout1572.asm
          _MAIN_PROG_003C   0x000268    program     static /home/jacques/github/breakout_1572/breakout_1572.X/breakout1572.asm
              delay_table   0x000269    program     static /home/jacques/github/breakout_1572/breakout_1572.X/breakout1572.asm
               draw_empty   0x0001c5    program     static /home/jacques/github/breakout_1572/breakout_1572.X/breakout1572.asm
              draw_paddle   0x0001ec    program     static /home/jacques/github/breakout_1572/breakout_1572.X/breakout1572.asm
                draw_row1   0x000102    program     static /home/jacques/github/breakout_1572/breakout_1572.X/breakout1572.asm
                draw_row2   0x000129    program     static /home/jacques/github/breakout_1572/breakout_1572.X/breakout1572.asm
                draw_row3   0x000150    program     static /home/jacques/github/breakout_1572/breakout_1572.X/breakout1572.asm
                draw_row4   0x000177    program     static /home/jacques/github/breakout_1572/breakout_1572.X/breakout1572.asm
                draw_row5   0x00019e    program     static /home/jacques/github/breakout_1572/breakout_1572.X/breakout1572.asm
                draw_void   0x0000db    program     static /home/jacques/github/breakout_1572/breakout_1572.X/breakout1572.asm
                   eeprom   0x000780    program     static /home/jacques/github/breakout_1572/breakout_1572.X/breakout1572.asm
               even_field   0x000218    program     static /home/jacques/github/breakout_1572/breakout_1572.X/breakout1572.asm
                field_end   0x000222    program     static /home/jacques/github/breakout_1572/breakout_1572.X/breakout1572.asm
                  hi_line   0x000211    program     static /home/jacques/github/breakout_1572/breakout_1572.X/breakout1572.asm
                      isr   0x000004    program     static /home/jacques/github/breakout_1572/breakout_1572.X/breakout1572.asm
                 isr_exit   0x000028    program     static /home/jacques/github/breakout_1572/breakout_1572.X/breakout1572.asm
                max_score   0x000780    program     static /home/jacques/github/breakout_1572/breakout_1572.X/breakout1572.asm
                move_ball   0x000098    program     static /home/jacques/github/breakout_1572/breakout_1572.X/breakout1572.asm
                 pos_left   0x0001f4    program     static /home/jacques/github/breakout_1572/breakout_1572.X/breakout1572.asm
                post_last   0x000061    program     static /home/jacques/github/breakout_1572/breakout_1572.X/breakout1572.asm
               post_vsync   0x000058    program     static /home/jacques/github/breakout_1572/breakout_1572.X/breakout1572.asm
                pre_vsync   0x00002b    program     static /home/jacques/github/breakout_1572/breakout_1572.X/breakout1572.asm
              read_paddle   0x00007b    program     static /home/jacques/github/breakout_1572/breakout_1572.X/breakout1572.asm
                    score   0x0000a3    program     static /home/jacques/github/breakout_1572/breakout_1572.X/breakout1572.asm
               score_exit   0x0000b5    program     static /home/jacques/github/breakout_1572/breakout_1572.X/breakout1572.asm
              set_presync   0x000038    program     static /home/jacques/github/breakout_1572/breakout_1572.X/breakout1572.asm
                set_vsync   0x000050    program     static /home/jacques/github/breakout_1572/breakout_1572.X/breakout1572.asm
                    sound   0x00008e    program     static /home/jacques/github/breakout_1572/breakout_1572.X/breakout1572.asm
              task_switch   0x000011    program     static /home/jacques/github/breakout_1572/breakout_1572.X/breakout1572.asm
                 top_wall   0x0000bf    program     static /home/jacques/github/breakout_1572/breakout_1572.X/breakout1572.asm
            top_wall_exit   0x0000d1    program     static /home/jacques/github/breakout_1572/breakout_1572.X/breakout1572.asm
               user_input   0x000073    program     static /home/jacques/github/breakout_1572/breakout_1572.X/breakout1572.asm
              video_first   0x00009b    program     static /home/jacques/github/breakout_1572/breakout_1572.X/breakout1572.asm
                    vsync   0x000043    program     static /home/jacques/github/breakout_1572/breakout_1572.X/breakout1572.asm
                vsync_end   0x000065    program     static /home/jacques/github/breakout_1572/breakout_1572.X/breakout1572.asm
           wait_field_end   0x00020b    program     static /home/jacques/github/breakout_1572/breakout_1572.X/breakout1572.asm
                    flags   0x000070       data     static /home/jacques/github/breakout_1572/breakout_1572.X/breakout1572.asm
                   lcount   0x000071       data     static /home/jacques/github/breakout_1572/breakout_1572.X/breakout1572.asm
               paddle_pos   0x000076       data     static /home/jacques/github/breakout_1572/breakout_1572.X/breakout1572.asm
                    slice   0x000072       data     static /home/jacques/github/breakout_1572/breakout_1572.X/breakout1572.asm
              sound_timer   0x000075       data     static /home/jacques/github/breakout_1572/breakout_1572.X/breakout1572.asm
                     task   0x000073       data     static /home/jacques/github/breakout_1572/breakout_1572.X/breakout1572.asm
                     temp   0x000074       data     static /home/jacques/github/breakout_1572/breakout_1572.X/breakout1572.asm



                              Symbols - Sorted by Address
                     Name    Address   Location    Storage File                     
                ---------  ---------  ---------  --------- ---------                
                      isr   0x000004    program     static /home/jacques/github/breakout_1572/breakout_1572.X/breakout1572.asm
                _ISR_0008   0x000008    program     static /home/jacques/github/breakout_1572/breakout_1572.X/breakout1572.asm
                _ISR_000E   0x00000e    program     static /home/jacques/github/breakout_1572/breakout_1572.X/breakout1572.asm
                _ISR_000F   0x00000f    program     static /home/jacques/github/breakout_1572/breakout_1572.X/breakout1572.asm
              task_switch   0x000011    program     static /home/jacques/github/breakout_1572/breakout_1572.X/breakout1572.asm
                 isr_exit   0x000028    program     static /home/jacques/github/breakout_1572/breakout_1572.X/breakout1572.asm
                pre_vsync   0x00002b    program     static /home/jacques/github/breakout_1572/breakout_1572.X/breakout1572.asm
              set_presync   0x000038    program     static /home/jacques/github/breakout_1572/breakout_1572.X/breakout1572.asm
                    vsync   0x000043    program     static /home/jacques/github/breakout_1572/breakout_1572.X/breakout1572.asm
                set_vsync   0x000050    program     static /home/jacques/github/breakout_1572/breakout_1572.X/breakout1572.asm
               post_vsync   0x000058    program     static /home/jacques/github/breakout_1572/breakout_1572.X/breakout1572.asm
                post_last   0x000061    program     static /home/jacques/github/breakout_1572/breakout_1572.X/breakout1572.asm
                vsync_end   0x000065    program     static /home/jacques/github/breakout_1572/breakout_1572.X/breakout1572.asm
               user_input   0x000073    program     static /home/jacques/github/breakout_1572/breakout_1572.X/breakout1572.asm
              read_paddle   0x00007b    program     static /home/jacques/github/breakout_1572/breakout_1572.X/breakout1572.asm
                _ISR_0081   0x000081    program     static /home/jacques/github/breakout_1572/breakout_1572.X/breakout1572.asm
                _ISR_0088   0x000088    program     static /home/jacques/github/breakout_1572/breakout_1572.X/breakout1572.asm
                    sound   0x00008e    program     static /home/jacques/github/breakout_1572/breakout_1572.X/breakout1572.asm
                move_ball   0x000098    program     static /home/jacques/github/breakout_1572/breakout_1572.X/breakout1572.asm
              video_first   0x00009b    program     static /home/jacques/github/breakout_1572/breakout_1572.X/breakout1572.asm
                    score   0x0000a3    program     static /home/jacques/github/breakout_1572/breakout_1572.X/breakout1572.asm
                _ISR_00A5   0x0000a5    program     static /home/jacques/github/breakout_1572/breakout_1572.X/breakout1572.asm
                _ISR_00AE   0x0000ae    program     static /home/jacques/github/breakout_1572/breakout_1572.X/breakout1572.asm
                _ISR_00AF   0x0000af    program     static /home/jacques/github/breakout_1572/breakout_1572.X/breakout1572.asm
               score_exit   0x0000b5    program     static /home/jacques/github/breakout_1572/breakout_1572.X/breakout1572.asm
                 top_wall   0x0000bf    program     static /home/jacques/github/breakout_1572/breakout_1572.X/breakout1572.asm
                _ISR_00C1   0x0000c1    program     static /home/jacques/github/breakout_1572/breakout_1572.X/breakout1572.asm
                _ISR_00CA   0x0000ca    program     static /home/jacques/github/breakout_1572/breakout_1572.X/breakout1572.asm
                _ISR_00CB   0x0000cb    program     static /home/jacques/github/breakout_1572/breakout_1572.X/breakout1572.asm
            top_wall_exit   0x0000d1    program     static /home/jacques/github/breakout_1572/breakout_1572.X/breakout1572.asm
                draw_void   0x0000db    program     static /home/jacques/github/breakout_1572/breakout_1572.X/breakout1572.asm
                _ISR_00DD   0x0000dd    program     static /home/jacques/github/breakout_1572/breakout_1572.X/breakout1572.asm
                _ISR_00E4   0x0000e4    program     static /home/jacques/github/breakout_1572/breakout_1572.X/breakout1572.asm
                _ISR_00EC   0x0000ec    program     static /home/jacques/github/breakout_1572/breakout_1572.X/breakout1572.asm
                _ISR_00F2   0x0000f2    program     static /home/jacques/github/breakout_1572/breakout_1572.X/breakout1572.asm
                draw_row1   0x000102    program     static /home/jacques/github/breakout_1572/breakout_1572.X/breakout1572.asm
                _ISR_0104   0x000104    program     static /home/jacques/github/breakout_1572/breakout_1572.X/breakout1572.asm
                _ISR_010B   0x00010b    program     static /home/jacques/github/breakout_1572/breakout_1572.X/breakout1572.asm
                _ISR_0113   0x000113    program     static /home/jacques/github/breakout_1572/breakout_1572.X/breakout1572.asm
                _ISR_0119   0x000119    program     static /home/jacques/github/breakout_1572/breakout_1572.X/breakout1572.asm
                draw_row2   0x000129    program     static /home/jacques/github/breakout_1572/breakout_1572.X/breakout1572.asm
                _ISR_012B   0x00012b    program     static /home/jacques/github/breakout_1572/breakout_1572.X/breakout1572.asm
                _ISR_0132   0x000132    program     static /home/jacques/github/breakout_1572/breakout_1572.X/breakout1572.asm
                _ISR_013A   0x00013a    program     static /home/jacques/github/breakout_1572/breakout_1572.X/breakout1572.asm
                _ISR_0140   0x000140    program     static /home/jacques/github/breakout_1572/breakout_1572.X/breakout1572.asm
                draw_row3   0x000150    program     static /home/jacques/github/breakout_1572/breakout_1572.X/breakout1572.asm
                _ISR_0152   0x000152    program     static /home/jacques/github/breakout_1572/breakout_1572.X/breakout1572.asm
                _ISR_0159   0x000159    program     static /home/jacques/github/breakout_1572/breakout_1572.X/breakout1572.asm
                _ISR_0161   0x000161    program     static /home/jacques/github/breakout_1572/breakout_1572.X/breakout1572.asm
                _ISR_0167   0x000167    program     static /home/jacques/github/breakout_1572/breakout_1572.X/breakout1572.asm
                draw_row4   0x000177    program     static /home/jacques/github/breakout_1572/breakout_1572.X/breakout1572.asm
                _ISR_0179   0x000179    program     static /home/jacques/github/breakout_1572/breakout_1572.X/breakout1572.asm
                _ISR_0180   0x000180    program     static /home/jacques/github/breakout_1572/breakout_1572.X/breakout1572.asm
                _ISR_0188   0x000188    program     static /home/jacques/github/breakout_1572/breakout_1572.X/breakout1572.asm
                _ISR_018E   0x00018e    program     static /home/jacques/github/breakout_1572/breakout_1572.X/breakout1572.asm
                draw_row5   0x00019e    program     static /home/jacques/github/breakout_1572/breakout_1572.X/breakout1572.asm
                _ISR_01A0   0x0001a0    program     static /home/jacques/github/breakout_1572/breakout_1572.X/breakout1572.asm
                _ISR_01A7   0x0001a7    program     static /home/jacques/github/breakout_1572/breakout_1572.X/breakout1572.asm
                _ISR_01AF   0x0001af    program     static /home/jacques/github/breakout_1572/breakout_1572.X/breakout1572.asm
                _ISR_01B5   0x0001b5    program     static /home/jacques/github/breakout_1572/breakout_1572.X/breakout1572.asm
               draw_empty   0x0001c5    program     static /home/jacques/github/breakout_1572/breakout_1572.X/breakout1572.asm
                _ISR_01C7   0x0001c7    program     static /home/jacques/github/breakout_1572/breakout_1572.X/breakout1572.asm
                _ISR_01CE   0x0001ce    program     static /home/jacques/github/breakout_1572/breakout_1572.X/breakout1572.asm
                _ISR_01D6   0x0001d6    program     static /home/jacques/github/breakout_1572/breakout_1572.X/breakout1572.asm
                _ISR_01DC   0x0001dc    program     static /home/jacques/github/breakout_1572/breakout_1572.X/breakout1572.asm
              draw_paddle   0x0001ec    program     static /home/jacques/github/breakout_1572/breakout_1572.X/breakout1572.asm
                _ISR_01EE   0x0001ee    program     static /home/jacques/github/breakout_1572/breakout_1572.X/breakout1572.asm
                _ISR_01F3   0x0001f3    program     static /home/jacques/github/breakout_1572/breakout_1572.X/breakout1572.asm
                 pos_left   0x0001f4    program     static /home/jacques/github/breakout_1572/breakout_1572.X/breakout1572.asm
                _ISR_01FB   0x0001fb    program     static /home/jacques/github/breakout_1572/breakout_1572.X/breakout1572.asm
           wait_field_end   0x00020b    program     static /home/jacques/github/breakout_1572/breakout_1572.X/breakout1572.asm
                  hi_line   0x000211    program     static /home/jacques/github/breakout_1572/breakout_1572.X/breakout1572.asm
               even_field   0x000218    program     static /home/jacques/github/breakout_1572/breakout_1572.X/breakout1572.asm
                field_end   0x000222    program     static /home/jacques/github/breakout_1572/breakout_1572.X/breakout1572.asm
                    START   0x00022c    program     static /home/jacques/github/breakout_1572/breakout_1572.X/breakout1572.asm
          _MAIN_PROG_0006   0x000232    program     static /home/jacques/github/breakout_1572/breakout_1572.X/breakout1572.asm
          _MAIN_PROG_003C   0x000268    program     static /home/jacques/github/breakout_1572/breakout_1572.X/breakout1572.asm
              delay_table   0x000269    program     static /home/jacques/github/breakout_1572/breakout_1572.X/breakout1572.asm
                max_score   0x000780    program     static /home/jacques/github/breakout_1572/breakout_1572.X/breakout1572.asm
                   eeprom   0x000780    program     static /home/jacques/github/breakout_1572/breakout_1572.X/breakout1572.asm
                    flags   0x000070       data     static /home/jacques/github/breakout_1572/breakout_1572.X/breakout1572.asm
                   lcount   0x000071       data     static /home/jacques/github/breakout_1572/breakout_1572.X/breakout1572.asm
                    slice   0x000072       data     static /home/jacques/github/breakout_1572/breakout_1572.X/breakout1572.asm
                     task   0x000073       data     static /home/jacques/github/breakout_1572/breakout_1572.X/breakout1572.asm
                     temp   0x000074       data     static /home/jacques/github/breakout_1572/breakout_1572.X/breakout1572.asm
              sound_timer   0x000075       data     static /home/jacques/github/breakout_1572/breakout_1572.X/breakout1572.asm
               paddle_pos   0x000076       data     static /home/jacques/github/breakout_1572/breakout_1572.X/breakout1572.asm


